Component: ARM Compiler 5.06 update 6 (build 750) Tool: armlink [4d35ed]

==============================================================================

Section Cross References

    delay.o(i.Tim2Delay_us) refers to time.o(.data) for time2Count
    delay.o(i.delay_init) refers to misc.o(i.SysTick_CLKSourceConfig) for SysTick_CLKSourceConfig
    delay.o(i.delay_init) refers to system_stm32f10x.o(.data) for SystemCoreClock
    delay.o(i.delay_init) refers to delay.o(.data) for fac_us
    delay.o(i.delay_ms) refers to delay.o(.data) for fac_ms
    delay.o(i.delay_us) refers to delay.o(.data) for fac_us
    iic.o(i.BH1750_Read_Dat) refers to stm32f10x_i2c.o(i.I2C_ReceiveData) for I2C_ReceiveData
    iic.o(i.BH1750_Send_Cmd) refers to stm32f10x_i2c.o(i.I2C_Send7bitAddress) for I2C_Send7bitAddress
    iic.o(i.IIC_Init) refers to stm32f10x_rcc.o(i.RCC_APB2PeriphClockCmd) for RCC_APB2PeriphClockCmd
    iic.o(i.IIC_Init) refers to stm32f10x_rcc.o(i.RCC_APB1PeriphClockCmd) for RCC_APB1PeriphClockCmd
    iic.o(i.IIC_Init) refers to stm32f10x_gpio.o(i.GPIO_Init) for GPIO_Init
    iic.o(i.IIC_Init) refers to stm32f10x_i2c.o(i.I2C_Init) for I2C_Init
    iic.o(i.IIC_Init) refers to stm32f10x_i2c.o(i.I2C_Cmd) for I2C_Cmd
    iic.o(i.bh1750Init) refers to iic.o(i.IIC_Init) for IIC_Init
    led.o(i.ledControl) refers to stm32f10x_gpio.o(i.GPIO_WriteBit) for GPIO_WriteBit
    led.o(i.ledControl) refers to led.o(.data) for LEDDivece
    led.o(i.ledInit) refers to stm32f10x_rcc.o(i.RCC_APB2PeriphClockCmd) for RCC_APB2PeriphClockCmd
    led.o(i.ledInit) refers to stm32f10x_gpio.o(i.GPIO_Init) for GPIO_Init
    led.o(i.ledInit) refers to led.o(.data) for LEDDivece
    lora_app.o(i.Aux_Int) refers to stm32f10x_exti.o(i.EXTI_Init) for EXTI_Init
    lora_app.o(i.Aux_Int) refers to misc.o(i.NVIC_Init) for NVIC_Init
    lora_app.o(i.Aux_Int) refers to lora_app.o(.data) for EXTI_InitStructure
    lora_app.o(i.EXTI4_IRQHandler) refers to stm32f10x_exti.o(i.EXTI_GetITStatus) for EXTI_GetITStatus
    lora_app.o(i.EXTI4_IRQHandler) refers to lora_app.o(i.Aux_Int) for Aux_Int
    lora_app.o(i.EXTI4_IRQHandler) refers to stm32f10x_exti.o(i.EXTI_ClearITPendingBit) for EXTI_ClearITPendingBit
    lora_app.o(i.EXTI4_IRQHandler) refers to lora_app.o(.data) for Int_mode
    lora_app.o(i.EXTI4_IRQHandler) refers to usart.o(.data) for USART3_RX_STA
    lora_app.o(i.LoRa_ReceData) refers to stm32f10x_usart.o(i.USART_GetFlagStatus) for USART_GetFlagStatus
    lora_app.o(i.LoRa_ReceData) refers to stm32f10x_usart.o(i.USART_SendData) for USART_SendData
    lora_app.o(i.LoRa_ReceData) refers to lora_ui.o(i.lora_at_response) for lora_at_response
    lora_app.o(i.LoRa_ReceData) refers to rt_memclr.o(.text) for __aeabi_memclr
    lora_app.o(i.LoRa_ReceData) refers to usart.o(.data) for USART3_RX_STA
    lora_app.o(i.LoRa_ReceData) refers to usart.o(.bss) for USART3_RX_BUF
    lora_app.o(i.LoRa_ReceData) refers to lora_app.o(.data) for LoRa_CFG
    lora_app.o(i.LoRa_SendData) refers to _printf_percent.o(.ARM.Collect$$_printf_percent$$00000000) for _printf_percent
    lora_app.o(i.LoRa_SendData) refers to _printf_s.o(.ARM.Collect$$_printf_percent$$00000014) for _printf_s
    lora_app.o(i.LoRa_SendData) refers to _printf_str.o(.text) for _printf_str
    lora_app.o(i.LoRa_SendData) refers to _printf_x.o(.ARM.Collect$$_printf_percent$$0000000C) for _printf_x
    lora_app.o(i.LoRa_SendData) refers to _printf_hex_int_ll_ptr.o(.text) for _printf_longlong_hex
    lora_app.o(i.LoRa_SendData) refers to __2sprintf.o(.text) for __2sprintf
    lora_app.o(i.LoRa_SendData) refers to usart.o(i.u3_printf) for u3_printf
    lora_app.o(i.LoRa_SendData) refers to __2printf.o(.text) for __2printf
    lora_app.o(i.LoRa_SendData) refers to stm32f10x_usart.o(i.USART_GetFlagStatus) for USART_GetFlagStatus
    lora_app.o(i.LoRa_SendData) refers to stm32f10x_usart.o(i.USART_SendData) for USART_SendData
    lora_app.o(i.LoRa_SendData) refers to lora_app.o(.data) for Lora_mode
    lora_app.o(i.LoRa_SendData) refers to lora_app.o(.bss) for Tran_Data
    lora_app.o(i.LoRa_Set) refers to _printf_pad.o(.text) for _printf_pre_padding
    lora_app.o(i.LoRa_Set) refers to _printf_percent.o(.ARM.Collect$$_printf_percent$$00000000) for _printf_percent
    lora_app.o(i.LoRa_Set) refers to _printf_x.o(.ARM.Collect$$_printf_percent$$0000000C) for _printf_x
    lora_app.o(i.LoRa_Set) refers to _printf_hex_int_ll_ptr.o(.text) for _printf_longlong_hex
    lora_app.o(i.LoRa_Set) refers to _printf_d.o(.ARM.Collect$$_printf_percent$$00000009) for _printf_d
    lora_app.o(i.LoRa_Set) refers to _printf_dec.o(.text) for _printf_int_dec
    lora_app.o(i.LoRa_Set) refers to usart.o(i.setUsartParam) for setUsartParam
    lora_app.o(i.LoRa_Set) refers to usart.o(i.setUsartMod) for setUsartMod
    lora_app.o(i.LoRa_Set) refers to delay.o(i.DWT_Delay_us) for DWT_Delay_us
    lora_app.o(i.LoRa_Set) refers to __2sprintf.o(.text) for __2sprintf
[...]
    pxCurrentTimerList                       0x200000d4   Data           4  timers.o(.data)
    pxOverflowTimerList                      0x200000d8   Data           4  timers.o(.data)
    xTimerQueue                              0x200000dc   Data           4  timers.o(.data)
    xTimerTaskHandle                         0x200000e0   Data           4  timers.o(.data)
    xLastTime                                0x200000e4   Data           4  timers.o(.data)
    .data                                    0x200000e8   Section       28  heap_4.o(.data)
    xStart                                   0x200000e8   Data           8  heap_4.o(.data)
    pxEnd                                    0x200000f0   Data           4  heap_4.o(.data)
    xFreeBytesRemaining                      0x200000f4   Data           4  heap_4.o(.data)
    xMinimumEverFreeBytesRemaining           0x200000f8   Data           4  heap_4.o(.data)
    xNumberOfSuccessfulAllocations           0x200000fc   Data           4  heap_4.o(.data)
    xNumberOfSuccessfulFrees                 0x20000100   Data           4  heap_4.o(.data)
    .data                                    0x20000104   Section        4  port.o(.data)
    uxCriticalNesting                        0x20000104   Data           4  port.o(.data)
    .data                                    0x20000108   Section        4  dht11.o(.data)
    .data                                    0x2000010c   Section       20  stm32f10x_rcc.o(.data)
    APBAHBPrescTable                         0x2000010c   Data          16  stm32f10x_rcc.o(.data)
    ADCPrescTable                            0x2000011c   Data           4  stm32f10x_rcc.o(.data)
    .bss                                     0x20000120   Section      250  lora_app.o(.bss)
    temp                                     0x20000210   Data          10  lora_app.o(.bss)
    .bss                                     0x2000021a   Section     1634  usart.o(.bss)
    .bss                                     0x2000087c   Section       80  config.o(.bss)
    .bss                                     0x200008cc   Section      420  tasks.o(.bss)
    pxReadyTasksLists                        0x200008cc   Data         320  tasks.o(.bss)
    xDelayedTaskList1                        0x20000a0c   Data          20  tasks.o(.bss)
    xDelayedTaskList2                        0x20000a20   Data          20  tasks.o(.bss)
    xPendingReadyList                        0x20000a34   Data          20  tasks.o(.bss)
    xTasksWaitingTermination                 0x20000a48   Data          20  tasks.o(.bss)
    xSuspendedTaskList                       0x20000a5c   Data          20  tasks.o(.bss)
    .bss                                     0x20000a70   Section       40  timers.o(.bss)
    xActiveTimerList1                        0x20000a70   Data          20  timers.o(.bss)
    xActiveTimerList2                        0x20000a84   Data          20  timers.o(.bss)
    .bss                                     0x20000a98   Section    10240  heap_4.o(.bss)
    ucHeap                                   0x20000a98   Data       10240  heap_4.o(.bss)
    .bss                                     0x20003298   Section       96  libspace.o(.bss)
    HEAP                                     0x200032f8   Section      512  startup_stm32f10x_md.o(HEAP)
    Heap_Mem                                 0x200032f8   Data         512  startup_stm32f10x_md.o(HEAP)
    STACK                                    0x200034f8   Section     1024  startup_stm32f10x_md.o(STACK)
    Stack_Mem                                0x200034f8   Data        1024  startup_stm32f10x_md.o(STACK)
    __initial_sp                             0x200038f8   Data           0  startup_stm32f10x_md.o(STACK)

    Global Symbols

    Symbol Name                              Value     Ov Type        Size  Object(Section)

    BuildAttributes$$THM_ISAv4$P$D$K$B$S$PE$A:L22UL41UL21$X:L11$S22US41US21$IEEE1$IW$USESV6$~STKCKD$USESV7$~SHL$OTIME$ROPI$IEEEJ$EBA8$UX$STANDARDLIB$REQ8$PRES8$EABIv2 0x00000000   Number         0  anon$$obj.o ABSOLUTE
    __ARM_use_no_argv                        0x00000000   Number         0  main.o ABSOLUTE
    _printf_flags                            0x00000000   Number         0  printf_stubs.o ABSOLUTE
    _printf_return_value                     0x00000000   Number         0  printf_stubs.o ABSOLUTE
    _printf_sizespec                         0x00000000   Number         0  printf_stubs.o ABSOLUTE
    _printf_widthprec                        0x00000000   Number         0  printf_stubs.o ABSOLUTE
    __ARM_exceptions_init                     - Undefined Weak Reference
    __alloca_initialize                       - Undefined Weak Reference
    __arm_preinit_                            - Undefined Weak Reference
    __cpp_initialize__aeabi_                  - Undefined Weak Reference
    __cxa_finalize                            - Undefined Weak Reference
    __sigvec_lookup                           - Undefined Weak Reference
    _atexit_init                              - Undefined Weak Reference
    _call_atexit_fns                          - Undefined Weak Reference
    _clock_init                               - Undefined Weak Reference
    _fp_trap_init                             - Undefined Weak Reference
    _fp_trap_shutdown                         - Undefined Weak Reference
    _get_lc_collate                           - Undefined Weak Reference
    _get_lc_monetary                          - Undefined Weak Reference
    _get_lc_time                              - Undefined Weak Reference
    _getenv_init                              - Undefined Weak Reference
    _handle_redirection                       - Undefined Weak Reference
    _init_alloc                               - Undefined Weak Reference
    _init_user_alloc                          - Undefined Weak Reference
    _initio                                   - Undefined Weak Reference
    _mutex_acquire                            - Undefined Weak Reference
    _mutex_release                            - Undefined Weak Reference
    _printf_mbtowc                            - Undefined Weak Reference
    _printf_wc                                - Undefined Weak Reference
    _rand_init                                - Undefined Weak Reference
    _signal_finish                            - Undefined Weak Reference
    _signal_init                              - Undefined Weak Reference
    _terminate_alloc                          - Undefined Weak Reference
    _terminate_user_alloc                     - Undefined Weak Reference
    _terminateio                              - Undefined Weak Reference
    __Vectors_Size                           0x000000ec   Number         0  startup_stm32f10x_md.o ABSOLUTE
    __Vectors                                0x08000000   Data           4  startup_stm32f10x_md.o(RESET)
    __Vectors_End                            0x080000ec   Data           0  startup_stm32f10x_md.o(RESET)
    __main                                   0x080000ed   Thumb Code     8  __main.o(!!!main)
    __scatterload                            0x080000f5   Thumb Code     0  __scatter.o(!!!scatter)
    __scatterload_rt2                        0x080000f5   Thumb Code    44  __scatter.o(!!!scatter)
    __scatterload_rt2_thumb_only             0x080000f5   Thumb Code     0  __scatter.o(!!!scatter)
    __scatterload_null                       0x08000103   Thumb Code     0  __scatter.o(!!!scatter)
    __scatterload_copy                       0x08000129   Thumb Code    26  __scatter_copy.o(!!handler_copy)
    __scatterload_zeroinit                   0x08000145   Thumb Code    28  __scatter_zi.o(!!handler_zi)
    _printf_n                                0x08000161   Thumb Code     0  _printf_n.o(.ARM.Collect$$_printf_percent$$00000001)
    _printf_percent                          0x08000161   Thumb Code     0  _printf_percent.o(.ARM.Collect$$_printf_percent$$00000000)
    _printf_p                                0x08000167   Thumb Code     0  _printf_p.o(.ARM.Collect$$_printf_percent$$00000002)
    _printf_f                                0x0800016d   Thumb Code     0  _printf_f.o(.ARM.Collect$$_printf_percent$$00000003)
    _printf_e                                0x08000173   Thumb Code     0  _printf_e.o(.ARM.Collect$$_printf_percent$$00000004)
    _printf_g                                0x08000179   Thumb Code     0  _printf_g.o(.ARM.Collect$$_printf_percent$$00000005)
    _printf_a                                0x0800017f   Thumb Code     0  _printf_a.o(.ARM.Collect$$_printf_percent$$00000006)
    _printf_ll                               0x08000185   Thumb Code     0  _printf_ll.o(.ARM.Collect$$_printf_percent$$00000007)
    _printf_i                                0x0800018f   Thumb Code     0  _printf_i.o(.ARM.Collect$$_printf_percent$$00000008)
    _printf_d                                0x08000195   Thumb Code     0  _printf_d.o(.ARM.Collect$$_printf_percent$$00000009)
    _printf_u                                0x0800019b   Thumb Code     0  _printf_u.o(.ARM.Collect$$_printf_percent$$0000000A)
    _printf_o                                0x080001a1   Thumb Code     0  _printf_o.o(.ARM.Collect$$_printf_percent$$0000000B)
    _printf_x                                0x080001a7   Thumb Code     0  _printf_x.o(.ARM.Collect$$_printf_percent$$0000000C)
    _printf_lli                              0x080001ad   Thumb Code     0  _printf_lli.o(.ARM.Collect$$_printf_percent$$0000000D)
    _printf_lld                              0x080001b3   Thumb Code     0  _printf_lld.o(.ARM.Collect$$_printf_percent$$0000000E)
    _printf_llu                              0x080001b9   Thumb Code     0  _printf_llu.o(.ARM.Collect$$_printf_percent$$0000000F)
    _printf_llo                              0x080001bf   Thumb Code     0  _printf_llo.o(.ARM.Collect$$_printf_percent$$00000010)
    _printf_llx                              0x080001c5   Thumb Code     0  _printf_llx.o(.ARM.Collect$$_printf_percent$$00000011)
    _printf_l                                0x080001cb   Thumb Code     0  _printf_l.o(.ARM.Collect$$_printf_percent$$00000012)
    _printf_c                                0x080001d5   Thumb Code     0  _printf_c.o(.ARM.Collect$$_printf_percent$$00000013)
    _printf_s                                0x080001db   Thumb Code     0  _printf_s.o(.ARM.Collect$$_printf_percent$$00000014)
    _printf_lc                               0x080001e1   Thumb Code     0  _printf_lc.o(.ARM.Collect$$_printf_percent$$00000015)
    _printf_ls                               0x080001e7   Thumb Code     0  _printf_ls.o(.ARM.Collect$$_printf_percent$$00000016)
    _printf_percent_end                      0x080001ed   Thumb Code     0  _printf_percent_end.o(.ARM.Collect$$_printf_percent$$00000017)
    __rt_lib_init                            0x080001f1   Thumb Code     0  libinit.o(.ARM.Collect$$libinit$$00000000)
    __rt_lib_init_fp_1                       0x080001f3   Thumb Code     0  libinit2.o(.ARM.Collect$$libinit$$00000002)
    __rt_lib_init_heap_1                     0x080001f3   Thumb Code     0  libinit2.o(.ARM.Collect$$libinit$$0000000A)
    __rt_lib_init_lc_common                  0x080001f3   Thumb Code     0  libinit2.o(.ARM.Collect$$libinit$$0000000F)
    __rt_lib_init_preinit_1                  0x080001f3   Thumb Code     0  libinit2.o(.ARM.Collect$$libinit$$00000004)
    __rt_lib_init_rand_1                     0x080001f3   Thumb Code     0  libinit2.o(.ARM.Collect$$libinit$$0000000E)
    __rt_lib_init_user_alloc_1               0x080001f3   Thumb Code     0  libinit2.o(.ARM.Collect$$libinit$$0000000C)
    __rt_lib_init_lc_collate_1               0x080001f9   Thumb Code     0  libinit2.o(.ARM.Collect$$libinit$$00000011)
    __rt_lib_init_lc_ctype_2                 0x080001f9   Thumb Code     0  libinit2.o(.ARM.Collect$$libinit$$00000012)
    __rt_lib_init_lc_ctype_1                 0x08000205   Thumb Code     0  libinit2.o(.ARM.Collect$$libinit$$00000013)
    __rt_lib_init_lc_monetary_1              0x08000205   Thumb Code     0  libinit2.o(.ARM.Collect$$libinit$$00000015)
    __rt_lib_init_lc_numeric_2               0x08000205   Thumb Code     0  libinit2.o(.ARM.Collect$$libinit$$00000016)
    __rt_lib_init_alloca_1                   0x0800020f   Thumb Code     0  libinit2.o(.ARM.Collect$$libinit$$0000002E)
    __rt_lib_init_argv_1                     0x0800020f   Thumb Code     0  libinit2.o(.ARM.Collect$$libinit$$0000002C)
    __rt_lib_init_atexit_1                   0x0800020f   Thumb Code     0  libinit2.o(.ARM.Collect$$libinit$$0000001B)
    __rt_lib_init_clock_1                    0x0800020f   Thumb Code     0  libinit2.o(.ARM.Collect$$libinit$$00000021)
    __rt_lib_init_cpp_1                      0x0800020f   Thumb Code     0  libinit2.o(.ARM.Collect$$libinit$$00000032)
    __rt_lib_init_exceptions_1               0x0800020f   Thumb Code     0  libinit2.o(.ARM.Collect$$libinit$$00000030)
    __rt_lib_init_fp_trap_1                  0x0800020f   Thumb Code     0  libinit2.o(.ARM.Collect$$libinit$$0000001F)
    __rt_lib_init_getenv_1                   0x0800020f   Thumb Code     0  libinit2.o(.ARM.Collect$$libinit$$00000023)
    __rt_lib_init_lc_numeric_1               0x0800020f   Thumb Code     0  libinit2.o(.ARM.Collect$$libinit$$00000017)
    __rt_lib_init_lc_time_1                  0x0800020f   Thumb Code     0  libinit2.o(.ARM.Collect$$libinit$$00000019)
    __rt_lib_init_return                     0x0800020f   Thumb Code     0  libinit2.o(.ARM.Collect$$libinit$$00000033)
    __rt_lib_init_signal_1                   0x0800020f   Thumb Code     0  libinit2.o(.ARM.Collect$$libinit$$0000001D)
    __rt_lib_init_stdio_1                    0x0800020f   Thumb Code     0  libinit2.o(.ARM.Collect$$libinit$$00000025)
    __rt_lib_shutdown                        0x08000211   Thumb Code     0  libshutdown.o(.ARM.Collect$$libshutdown$$00000000)
    __rt_lib_shutdown_cpp_1                  0x08000213   Thumb Code     0  libshutdown2.o(.ARM.Collect$$libshutdown$$00000002)
    __rt_lib_shutdown_fp_trap_1              0x08000213   Thumb Code     0  libshutdown2.o(.ARM.Collect$$libshutdown$$00000007)
    __rt_lib_shutdown_heap_1                 0x08000213   Thumb Code     0  libshutdown2.o(.ARM.Collect$$libshutdown$$0000000F)
    __rt_lib_shutdown_return                 0x08000213   Thumb Code     0  libshutdown2.o(.ARM.Collect$$libshutdown$$00000010)
    __rt_lib_shutdown_signal_1               0x08000213   Thumb Code     0  libshutdown2.o(.ARM.Collect$$libshutdown$$0000000A)
    __rt_lib_shutdown_stdio_1                0x08000213   Thumb Code     0  libshutdown2.o(.ARM.Collect$$libshutdown$$00000004)
    __rt_lib_shutdown_user_alloc_1           0x08000213   Thumb Code     0  libshutdown2.o(.ARM.Collect$$libshutdown$$0000000C)
    __rt_entry                               0x08000215   Thumb Code     0  __rtentry.o(.ARM.Collect$$rtentry$$00000000)
    __rt_entry_presh_1                       0x08000215   Thumb Code     0  __rtentry2.o(.ARM.Collect$$rtentry$$00000002)
    __rt_entry_sh                            0x08000215   Thumb Code     0  __rtentry4.o(.ARM.Collect$$rtentry$$00000004)
    __rt_entry_li                            0x0800021b   Thumb Code     0  __rtentry2.o(.ARM.Collect$$rtentry$$0000000A)
    __rt_entry_postsh_1                      0x0800021b   Thumb Code     0  __rtentry2.o(.ARM.Collect$$rtentry$$00000009)
    __rt_entry_main                          0x0800021f   Thumb Code     0  __rtentry2.o(.ARM.Collect$$rtentry$$0000000D)
    __rt_entry_postli_1                      0x0800021f   Thumb Code     0  __rtentry2.o(.ARM.Collect$$rtentry$$0000000C)
    __rt_exit                                0x08000227   Thumb Code     0  rtexit.o(.ARM.Collect$$rtexit$$00000000)
    __rt_exit_ls                             0x08000229   Thumb Code     0  rtexit2.o(.ARM.Collect$$rtexit$$00000003)
    __rt_exit_prels_1                        0x08000229   Thumb Code     0  rtexit2.o(.ARM.Collect$$rtexit$$00000002)
    __rt_exit_exit                           0x0800022d   Thumb Code     0  rtexit2.o(.ARM.Collect$$rtexit$$00000004)
    SVC_Handler                              0x08000235   Thumb Code    32  port.o(.emb_text)
    __asm___6_port_c_39a90d8d__prvStartFirstTask 0x08000259   Thumb Code    28  port.o(.emb_text)
    PendSV_Handler                           0x08000279   Thumb Code    72  port.o(.emb_text)
    vPortGetIPSR                             0x080002c5   Thumb Code     6  port.o(.emb_text)
    Reset_Handler                            0x080002cd   Thumb Code     8  startup_stm32f10x_md.o(.text)
    ADC1_2_IRQHandler                        0x080002e7   Thumb Code     0  startup_stm32f10x_md.o(.text)
    CAN1_RX1_IRQHandler                      0x080002e7   Thumb Code     0  startup_stm32f10x_md.o(.text)
    CAN1_SCE_IRQHandler                      0x080002e7   Thumb Code     0  startup_stm32f10x_md.o(.text)
    DMA1_Channel1_IRQHandler                 0x080002e7   Thumb Code     0  startup_stm32f10x_md.o(.text)
    DMA1_Channel2_IRQHandler                 0x080002e7   Thumb Code     0  startup_stm32f10x_md.o(.text)
    DMA1_Channel3_IRQHandler                 0x080002e7   Thumb Code     0  startup_stm32f10x_md.o(.text)
    DMA1_Channel4_IRQHandler                 0x080002e7   Thumb Code     0  startup_stm32f10x_md.o(.text)
    DMA1_Channel5_IRQHandler                 0x080002e7   Thumb Code     0  startup_stm32f10x_md.o(.text)
    DMA1_Channel6_IRQHandler                 0x080002e7   Thumb Code     0  startup_stm32f10x_md.o(.text)
    DMA1_Channel7_IRQHandler                 0x080002e7   Thumb Code     0  startup_stm32f10x_md.o(.text)
    EXTI0_IRQHandler                         0x080002e7   Thumb Code     0  startup_stm32f10x_md.o(.text)
    EXTI15_10_IRQHandler                     0x080002e7   Thumb Code     0  startup_stm32f10x_md.o(.text)
    EXTI1_IRQHandler                         0x080002e7   Thumb Code     0  startup_stm32f10x_md.o(.text)
    EXTI2_IRQHandler                         0x080002e7   Thumb Code     0  startup_stm32f10x_md.o(.text)
    EXTI3_IRQHandler                         0x080002e7   Thumb Code     0  startup_stm32f10x_md.o(.text)
    EXTI9_5_IRQHandler                       0x080002e7   Thumb Code     0  startup_stm32f10x_md.o(.text)
    FLASH_IRQHandler                         0x080002e7   Thumb Code     0  startup_stm32f10x_md.o(.text)
    I2C1_ER_IRQHandler                       0x080002e7   Thumb Code     0  startup_stm32f10x_md.o(.text)
    I2C1_EV_IRQHandler                       0x080002e7   Thumb Code     0  startup_stm32f10x_md.o(.text)
    I2C2_ER_IRQHandler                       0x080002e7   Thumb Code     0  startup_stm32f10x_md.o(.text)
    I2C2_EV_IRQHandler                       0x080002e7   Thumb Code     0  startup_stm32f10x_md.o(.text)
    PVD_IRQHandler                           0x080002e7   Thumb Code     0  startup_stm32f10x_md.o(.text)
    RCC_IRQHandler                           0x080002e7   Thumb Code     0  startup_stm32f10x_md.o(.text)
    RTCAlarm_IRQHandler                      0x080002e7   Thumb Code     0  startup_stm32f10x_md.o(.text)
    RTC_IRQHandler                           0x080002e7   Thumb Code     0  startup_stm32f10x_md.o(.text)
    SPI1_IRQHandler                          0x080002e7   Thumb Code     0  startup_stm32f10x_md.o(.text)
    SPI2_IRQHandler                          0x080002e7   Thumb Code     0  startup_stm32f10x_md.o(.text)
    TAMPER_IRQHandler                        0x080002e7   Thumb Code     0  startup_stm32f10x_md.o(.text)
    TIM1_BRK_IRQHandler                      0x080002e7   Thumb Code     0  startup_stm32f10x_md.o(.text)
    TIM1_CC_IRQHandler                       0x080002e7   Thumb Code     0  startup_stm32f10x_md.o(.text)
    TIM1_TRG_COM_IRQHandler                  0x080002e7   Thumb Code     0  startup_stm32f10x_md.o(.text)
    TIM1_UP_IRQHandler                       0x080002e7   Thumb Code     0  startup_stm32f10x_md.o(.text)
    TIM4_IRQHandler                          0x080002e7   Thumb Code     0  startup_stm32f10x_md.o(.text)
    USART2_IRQHandler                        0x080002e7   Thumb Code     0  startup_stm32f10x_md.o(.text)
    USBWakeUp_IRQHandler                     0x080002e7   Thumb Code     0  startup_stm32f10x_md.o(.text)
    USB_HP_CAN1_TX_IRQHandler                0x080002e7   Thumb Code     0  startup_stm32f10x_md.o(.text)
    USB_LP_CAN1_RX0_IRQHandler               0x080002e7   Thumb Code     0  startup_stm32f10x_md.o(.text)
    WWDG_IRQHandler                          0x080002e7   Thumb Code     0  startup_stm32f10x_md.o(.text)
    __user_initial_stackheap                 0x080002e9   Thumb Code     0  startup_stm32f10x_md.o(.text)
    vsprintf                                 0x0800030d   Thumb Code    32  vsprintf.o(.text)
    __2printf                                0x08000331   Thumb Code    20  __2printf.o(.text)
    __2sprintf                               0x08000349   Thumb Code    38  __2sprintf.o(.text)
    _printf_pre_padding                      0x08000375   Thumb Code    44  _printf_pad.o(.text)
    _printf_post_padding                     0x080003a1   Thumb Code    34  _printf_pad.o(.text)
    _printf_str                              0x080003c3   Thumb Code    82  _printf_str.o(.text)
    _printf_int_dec                          0x08000415   Thumb Code   104  _printf_dec.o(.text)
    _printf_longlong_hex                     0x0800048d   Thumb Code    86  _printf_hex_int_ll_ptr.o(.text)
    _printf_int_hex                          0x080004e3   Thumb Code    28  _printf_hex_int_ll_ptr.o(.text)
    _printf_ll_hex                           0x080004ff   Thumb Code    12  _printf_hex_int_ll_ptr.o(.text)
    _printf_hex_ptr                          0x0800050b   Thumb Code    18  _printf_hex_int_ll_ptr.o(.text)
    __printf                                 0x08000521   Thumb Code   388  __printf_flags_ss_wp.o(.text)
    strstr                                   0x080006a9   Thumb Code    36  strstr.o(.text)
    strlen                                   0x080006cd   Thumb Code    62  strlen.o(.text)
    __aeabi_memcpy                           0x0800070b   Thumb Code     0  rt_memcpy_v6.o(.text)
    __rt_memcpy                              0x0800070b   Thumb Code   138  rt_memcpy_v6.o(.text)
    _memcpy_lastbytes                        0x08000771   Thumb Code     0  rt_memcpy_v6.o(.text)
    __aeabi_memcpy4                          0x08000795   Thumb Code     0  rt_memcpy_w.o(.text)
    __aeabi_memcpy8                          0x08000795   Thumb Code     0  rt_memcpy_w.o(.text)
    __rt_memcpy_w                            0x08000795   Thumb Code   100  rt_memcpy_w.o(.text)
    _memcpy_lastbytes_aligned                0x080007dd   Thumb Code     0  rt_memcpy_w.o(.text)
    __aeabi_memset                           0x080007f9   Thumb Code    16  aeabi_memset.o(.text)
    __aeabi_memclr                           0x08000809   Thumb Code     0  rt_memclr.o(.text)
    __rt_memclr                              0x08000809   Thumb Code    68  rt_memclr.o(.text)
    _memset                                  0x0800080d   Thumb Code     0  rt_memclr.o(.text)
    __aeabi_memclr4                          0x0800084d   Thumb Code     0  rt_memclr_w.o(.text)
    __aeabi_memclr8                          0x0800084d   Thumb Code     0  rt_memclr_w.o(.text)
    __rt_memclr_w                            0x0800084d   Thumb Code    78  rt_memclr_w.o(.text)
    _memset_w                                0x08000851   Thumb Code     0  rt_memclr_w.o(.text)
    __use_two_region_memory                  0x0800089b   Thumb Code     2  heapauxi.o(.text)
    __rt_heap_escrow$2region                 0x0800089d   Thumb Code     2  heapauxi.o(.text)
    __rt_heap_expand$2region                 0x0800089f   Thumb Code     2  heapauxi.o(.text)
    _printf_truncate_signed                  0x080008a1   Thumb Code    18  _printf_truncate.o(.text)
    _printf_truncate_unsigned                0x080008b3   Thumb Code    18  _printf_truncate.o(.text)
    _printf_int_common                       0x080008c5   Thumb Code   178  _printf_intcommon.o(.text)
    _printf_charcount                        0x08000977   Thumb Code    40  _printf_charcount.o(.text)
    _printf_char_common                      0x080009ab   Thumb Code    32  _printf_char_common.o(.text)
    _sputc                                   0x080009d1   Thumb Code    10  _sputc.o(.text)
    _printf_cs_common                        0x080009db   Thumb Code    20  _printf_char.o(.text)
    _printf_char                             0x080009ef   Thumb Code    16  _printf_char.o(.text)
    _printf_string                           0x080009ff   Thumb Code     8  _printf_char.o(.text)
    _printf_char_file                        0x08000a09   Thumb Code    32  _printf_char_file.o(.text)
    _printf_wctomb                           0x08000a2d   Thumb Code   182  _printf_wctomb.o(.text)
    _printf_longlong_dec                     0x08000ae9   Thumb Code   108  _printf_longlong_dec.o(.text)
    _printf_longlong_oct                     0x08000b65   Thumb Code    66  _printf_oct_int_ll.o(.text)
    _printf_int_oct                          0x08000ba7   Thumb Code    24  _printf_oct_int_ll.o(.text)
    _printf_ll_oct                           0x08000bbf   Thumb Code    12  _printf_oct_int_ll.o(.text)
    _ll_udiv10                               0x08000bd5   Thumb Code   138  lludiv10.o(.text)
    __lib_sel_fp_printf                      0x08000c5f   Thumb Code     2  _printf_fp_dec.o(.text)
    _printf_fp_dec_real                      0x08000e11   Thumb Code   620  _printf_fp_dec.o(.text)
    _printf_fp_hex_real                      0x0800107d   Thumb Code   756  _printf_fp_hex.o(.text)
    _printf_lcs_common                       0x08001379   Thumb Code    20  _printf_wchar.o(.text)
    _printf_wchar                            0x0800138d   Thumb Code    16  _printf_wchar.o(.text)
    _printf_wstring                          0x0800139d   Thumb Code     8  _printf_wchar.o(.text)
    ferror                                   0x080013a5   Thumb Code     8  ferror.o(.text)
    _wcrtomb                                 0x080013ad   Thumb Code    64  _wcrtomb.o(.text)
    __user_setup_stackheap                   0x080013ed   Thumb Code    74  sys_stackheap_outer.o(.text)
    __rt_ctype_table                         0x08001439   Thumb Code    16  rt_ctype_table.o(.text)
    __rt_locale                              0x08001449   Thumb Code     8  rt_locale_intlibspace.o(.text)
    _printf_fp_infnan                        0x08001451   Thumb Code   112  _printf_fp_infnan.o(.text)
    _btod_etento                             0x080014d1   Thumb Code   224  bigflt0.o(.text)
    exit                                     0x080015b5   Thumb Code    18  exit.o(.text)
    __user_libspace                          0x080015c9   Thumb Code     8  libspace.o(.text)
    __user_perproc_libspace                  0x080015c9   Thumb Code     0  libspace.o(.text)
    __user_perthread_libspace                0x080015c9   Thumb Code     0  libspace.o(.text)
    strcmp                                   0x080015d1   Thumb Code   128  strcmpv7m.o(.text)
    _sys_exit                                0x08001651   Thumb Code     8  sys_exit.o(.text)
    __I$use$semihosting                      0x0800165d   Thumb Code     0  use_no_semi.o(.text)
    __use_no_semihosting_swi                 0x0800165d   Thumb Code     2  use_no_semi.o(.text)
    __semihosting_library_function           0x0800165f   Thumb Code     0  indicate_semi.o(.text)
    _btod_d2e                                0x0800165f   Thumb Code    62  btod.o(CL$$btod_d2e)
    _d2e_denorm_low                          0x0800169d   Thumb Code    70  btod.o(CL$$btod_d2e_denorm_low)
    _d2e_norm_op1                            0x080016e3   Thumb Code    96  btod.o(CL$$btod_d2e_norm_op1)
    __btod_div_common                        0x08001743   Thumb Code   696  btod.o(CL$$btod_div_common)
    _e2e                                     0x08001a7b   Thumb Code   220  btod.o(CL$$btod_e2e)
    _btod_ediv                               0x08001b57   Thumb Code    42  btod.o(CL$$btod_ediv)
    _btod_emul                               0x08001b81   Thumb Code    42  btod.o(CL$$btod_emul)
    __btod_mult_common                       0x08001bab   Thumb Code   580  btod.o(CL$$btod_mult_common)
    ADC_Cmd                                  0x08001def   Thumb Code    22  stm32f10x_adc.o(i.ADC_Cmd)
    ADC_GetConversionValue                   0x08001e05   Thumb Code     8  stm32f10x_adc.o(i.ADC_GetConversionValue)
    ADC_GetFlagStatus                        0x08001e0d   Thumb Code    18  stm32f10x_adc.o(i.ADC_GetFlagStatus)
    ADC_ITConfig                             0x08001e1f   Thumb Code    24  stm32f10x_adc.o(i.ADC_ITConfig)
    ADC_Init                                 0x08001e39   Thumb Code    70  stm32f10x_adc.o(i.ADC_Init)
    ADC_Pin_Init                             0x08001e89   Thumb Code   100  mq2.o(i.ADC_Pin_Init)
    ADC_RegularChannelConfig                 0x08001ef5   Thumb Code   184  stm32f10x_adc.o(i.ADC_RegularChannelConfig)
    ADC_SoftwareStartConvCmd                 0x08001fad   Thumb Code    22  stm32f10x_adc.o(i.ADC_SoftwareStartConvCmd)
    ADC_Trans                                0x08001fc5   Thumb Code    60  mq2.o(i.ADC_Trans)
    Aux_Int                                  0x08002005   Thumb Code    68  lora_app.o(i.Aux_Int)
    BH1750_Byte_Write                        0x08002055   Thumb Code    50  bh1750.o(i.BH1750_Byte_Write)
    BH1750_Init                              0x08002087   Thumb Code    18  bh1750.o(i.BH1750_Init)
    BH1750_Power_ON                          0x08002099   Thumb Code    10  bh1750.o(i.BH1750_Power_ON)
    BH1750_Read_Measure                      0x080020a3   Thumb Code    58  bh1750.o(i.BH1750_Read_Measure)
    BusFault_Handler                         0x080020dd   Thumb Code     4  stm32f10x_it.o(i.BusFault_Handler)
    DHT11_Init                               0x08002139   Thumb Code    40  dht11.o(i.DHT11_Init)
    DHT11_Read_Data                          0x080021df   Thumb Code    90  dht11.o(i.DHT11_Read_Data)
    DWT_Dalay_Init                           0x0800226d   Thumb Code    68  delay.o(i.DWT_Dalay_Init)
    DWT_Delay_us                             0x080022b9   Thumb Code    32  delay.o(i.DWT_Delay_us)
    DebugMon_Handler                         0x080022dd   Thumb Code     2  stm32f10x_it.o(i.DebugMon_Handler)
    EXTI4_IRQHandler                         0x080022e1   Thumb Code   106  lora_app.o(i.EXTI4_IRQHandler)
    EXTI_ClearITPendingBit                   0x08002359   Thumb Code     6  stm32f10x_exti.o(i.EXTI_ClearITPendingBit)
    EXTI_GetITStatus                         0x08002365   Thumb Code    34  stm32f10x_exti.o(i.EXTI_GetITStatus)
    EXTI_Init                                0x0800238d   Thumb Code   142  stm32f10x_exti.o(i.EXTI_Init)
    GPIO_EXTILineConfig                      0x08002421   Thumb Code    60  stm32f10x_gpio.o(i.GPIO_EXTILineConfig)
    GPIO_Init                                0x08002461   Thumb Code   278  stm32f10x_gpio.o(i.GPIO_Init)
    GPIO_PinRemapConfig                      0x08002579   Thumb Code   138  stm32f10x_gpio.o(i.GPIO_PinRemapConfig)
    GPIO_ReadInputDataBit                    0x08002609   Thumb Code    18  stm32f10x_gpio.o(i.GPIO_ReadInputDataBit)
    GPIO_ResetBits                           0x0800261b   Thumb Code     4  stm32f10x_gpio.o(i.GPIO_ResetBits)
    GPIO_SetBits                             0x08002651   Thumb Code     4  stm32f10x_gpio.o(i.GPIO_SetBits)
    HardFault_Handler                        0x08002655   Thumb Code     4  stm32f10x_it.o(i.HardFault_Handler)
    LIght_Intensity                          0x08002689   Thumb Code    44  bh1750.o(i.LIght_Intensity)
    LoRa_SendData                            0x080026b9   Thumb Code   214  lora_app.o(i.LoRa_SendData)
    LoRa_Set                                 0x080027e5   Thumb Code   278  lora_app.o(i.LoRa_Set)
    M2QTask                                  0x08002991   Thumb Code    56  config.o(i.M2QTask)
    MemManage_Handler                        0x080029d5   Thumb Code     4  stm32f10x_it.o(i.MemManage_Handler)
    NMI_Handler                              0x080029d9   Thumb Code     2  stm32f10x_it.o(i.NMI_Handler)
    NVIC_Init                                0x080029dd   Thumb Code   100  misc.o(i.NVIC_Init)
    NVIC_PriorityGroupConfig                 0x08002a4d   Thumb Code    10  misc.o(i.NVIC_PriorityGroupConfig)
    RCC_APB1PeriphClockCmd                   0x08002a61   Thumb Code    26  stm32f10x_rcc.o(i.RCC_APB1PeriphClockCmd)
    RCC_APB2PeriphClockCmd                   0x08002a81   Thumb Code    26  stm32f10x_rcc.o(i.RCC_APB2PeriphClockCmd)
    RCC_GetClocksFreq                        0x08002aa1   Thumb Code   192  stm32f10x_rcc.o(i.RCC_GetClocksFreq)
    SysTick_Handler                          0x08002c5d   Thumb Code    46  port.o(i.SysTick_Handler)
    SystemInit                               0x08002c91   Thumb Code    78  system_stm32f10x.o(i.SystemInit)
    TIM2_IRQHandler                          0x08002cf1   Thumb Code    48  time.o(i.TIM2_IRQHandler)
    TIM3_IRQHandler                          0x08002d25   Thumb Code    42  time.o(i.TIM3_IRQHandler)
    TIM_ClearITPendingBit                    0x08002d59   Thumb Code     6  stm32f10x_tim.o(i.TIM_ClearITPendingBit)
    TIM_Cmd                                  0x08002d5f   Thumb Code    24  stm32f10x_tim.o(i.TIM_Cmd)
    TIM_GetITStatus                          0x08002d77   Thumb Code    34  stm32f10x_tim.o(i.TIM_GetITStatus)
    TIM_ITConfig                             0x08002d99   Thumb Code    18  stm32f10x_tim.o(i.TIM_ITConfig)
    TIM_SetCounter                           0x08002dab   Thumb Code     4  stm32f10x_tim.o(i.TIM_SetCounter)
    TIM_TimeBaseInit                         0x08002db1   Thumb Code   122  stm32f10x_tim.o(i.TIM_TimeBaseInit)
    USART1_IRQHandler                        0x08002e55   Thumb Code   122  usart.o(i.USART1_IRQHandler)
    USART3_IRQHandler                        0x08002edd   Thumb Code   100  usart.o(i.USART3_IRQHandler)
    USART_Cmd                                0x08002f55   Thumb Code    24  stm32f10x_usart.o(i.USART_Cmd)
    USART_GetFlagStatus                      0x08002f6d   Thumb Code    26  stm32f10x_usart.o(i.USART_GetFlagStatus)
    USART_GetITStatus                        0x08002f87   Thumb Code    84  stm32f10x_usart.o(i.USART_GetITStatus)
    USART_ITConfig                           0x08002fdb   Thumb Code    74  stm32f10x_usart.o(i.USART_ITConfig)
    USART_Init                               0x08003025   Thumb Code   210  stm32f10x_usart.o(i.USART_Init)
    USART_ReceiveData                        0x080030fd   Thumb Code    10  stm32f10x_usart.o(i.USART_ReceiveData)
    USART_SendData                           0x08003107   Thumb Code     8  stm32f10x_usart.o(i.USART_SendData)
    UsageFault_Handler                       0x0800310f   Thumb Code     4  stm32f10x_it.o(i.UsageFault_Handler)
    __ARM_fpclassify                         0x08003113   Thumb Code    40  fpclassify.o(i.__ARM_fpclassify)
    _is_digit                                0x0800313b   Thumb Code    14  __printf_wp.o(i._is_digit)
    bh1750Task                               0x080032b1   Thumb Code    56  config.o(i.bh1750Task)
    createAllTask                            0x080032f5   Thumb Code   118  config.o(i.createAllTask)
    dht11Task                                0x080033d1   Thumb Code    70  config.o(i.dht11Task)
    fputc                                    0x0800342d   Thumb Code    24  usart.o(i.fputc)
    hardwareInit                             0x08003449   Thumb Code   102  config.o(i.hardwareInit)
    i2c_Ack                                  0x08003511   Thumb Code    50  bh1750.o(i.i2c_Ack)
    i2c_NAck                                 0x08003549   Thumb Code    42  bh1750.o(i.i2c_NAck)
    i2c_ReadByte                             0x08003579   Thumb Code    66  bh1750.o(i.i2c_ReadByte)
    i2c_SendByte                             0x080035c1   Thumb Code    86  bh1750.o(i.i2c_SendByte)
    i2c_Start                                0x0800361d   Thumb Code    48  bh1750.o(i.i2c_Start)
    i2c_Stop                                 0x08003651   Thumb Code    30  bh1750.o(i.i2c_Stop)
    i2c_WaitAck                              0x08003675   Thumb Code    62  bh1750.o(i.i2c_WaitAck)
    ledInit                                  0x080036b9   Thumb Code    42  led.o(i.ledInit)
    loraInit                                 0x080036e9   Thumb Code   112  lora_app.o(i.loraInit)
    loraTask                                 0x08003795   Thumb Code   114  config.o(i.loraTask)
    lora_at_response                         0x0800381d   Thumb Code    46  lora_ui.o(i.lora_at_response)
    lora_check_cmd                           0x08003869   Thumb Code    48  lora_ui.o(i.lora_check_cmd)
    lora_send_cmd                            0x080038a1   Thumb Code   120  lora_ui.o(i.lora_send_cmd)
    main                                     0x08003935   Thumb Code    12  main.o(i.main)
    pvPortMalloc                             0x080041b5   Thumb Code   208  heap_4.o(i.pvPortMalloc)
    pxPortInitialiseStack                    0x08004299   Thumb Code    30  port.o(i.pxPortInitialiseStack)
    setUsartMod                              0x080042bd   Thumb Code    60  usart.o(i.setUsartMod)
    setUsartParam                            0x080042fd   Thumb Code   180  usart.o(i.setUsartParam)
    sysInit                                  0x080043b9   Thumb Code    32  config.o(i.sysInit)
    sysWork                                  0x080043ed   Thumb Code     2  config.o(i.sysWork)
    timInit                                  0x080043ef   Thumb Code    62  time.o(i.timInit)
    u3_printf                                0x0800442d   Thumb Code    72  usart.o(i.u3_printf)
    usartInit                                0x0800447d   Thumb Code   114  usart.o(i.usartInit)
    uxListRemove                             0x080044ef   Thumb Code    40  list.o(i.uxListRemove)
    vListInitialise                          0x08004517   Thumb Code    26  list.o(i.vListInitialise)
    vListInitialiseItem                      0x08004531   Thumb Code     6  list.o(i.vListInitialiseItem)
    vListInsert                              0x08004537   Thumb Code    52  list.o(i.vListInsert)
    vListInsertEnd                           0x0800456b   Thumb Code    24  list.o(i.vListInsertEnd)
    vPortEnterCritical                       0x08004585   Thumb Code    30  port.o(i.vPortEnterCritical)
    vPortExitCritical                        0x080045a9   Thumb Code    28  port.o(i.vPortExitCritical)
    vPortFree                                0x080045c9   Thumb Code    68  heap_4.o(i.vPortFree)
    vPortSetupTimerInterrupt                 0x08004615   Thumb Code    20  port.o(i.vPortSetupTimerInterrupt)
    vQueueWaitForMessageRestricted           0x0800462d   Thumb Code    74  queue.o(i.vQueueWaitForMessageRestricted)
    vTaskDelay                               0x08004679   Thumb Code    46  tasks.o(i.vTaskDelay)
    vTaskDelete                              0x080046ad   Thumb Code   174  tasks.o(i.vTaskDelete)
    vTaskInternalSetTimeOutState             0x08004781   Thumb Code    14  tasks.o(i.vTaskInternalSetTimeOutState)
    vTaskMissedYield                         0x08004799   Thumb Code     8  tasks.o(i.vTaskMissedYield)
    vTaskPlaceOnEventList                    0x080047a5   Thumb Code    28  tasks.o(i.vTaskPlaceOnEventList)
    vTaskPlaceOnEventListRestricted          0x080047c5   Thumb Code    70  tasks.o(i.vTaskPlaceOnEventListRestricted)
    vTaskStartScheduler                      0x08004811   Thumb Code    86  tasks.o(i.vTaskStartScheduler)
    vTaskSuspendAll                          0x08004889   Thumb Code    12  tasks.o(i.vTaskSuspendAll)
    vTaskSwitchContext                       0x08004899   Thumb Code    76  tasks.o(i.vTaskSwitchContext)
    xPortStartScheduler                      0x080048f9   Thumb Code    42  port.o(i.xPortStartScheduler)
    xQueueGenericCreate                      0x0800492d   Thumb Code    76  queue.o(i.xQueueGenericCreate)
    xQueueGenericReset                       0x08004979   Thumb Code   156  queue.o(i.xQueueGenericReset)
    xQueueReceive                            0x08004a19   Thumb Code   256  queue.o(i.xQueueReceive)
    xTaskCheckForTimeOut                     0x08004b1d   Thumb Code    88  tasks.o(i.xTaskCheckForTimeOut)
    xTaskCreate                              0x08004b7d   Thumb Code   104  tasks.o(i.xTaskCreate)
    xTaskDelayUntil                          0x08004be5   Thumb Code   108  tasks.o(i.xTaskDelayUntil)
    xTaskGetTickCount                        0x08004c59   Thumb Code     6  tasks.o(i.xTaskGetTickCount)
    xTaskIncrementTick                       0x08004c65   Thumb Code   356  tasks.o(i.xTaskIncrementTick)
    xTaskRemoveFromEventList                 0x08004df5   Thumb Code   240  tasks.o(i.xTaskRemoveFromEventList)
    xTaskResumeAll                           0x08004efd   Thumb Code   310  tasks.o(i.xTaskResumeAll)
    xTimerCreateTimerTask                    0x08005059   Thumb Code    40  timers.o(i.xTimerCreateTimerTask)
    _get_lc_numeric                          0x08005095   Thumb Code    44  lc_numeric_c.o(locale$$code)
    _get_lc_ctype                            0x080050c1   Thumb Code    44  lc_ctype_c.o(locale$$code)
    __aeabi_fdiv                             0x080050ed   Thumb Code     0  fdiv.o(x$fpl$fdiv)
    _fdiv                                    0x080050ed   Thumb Code   384  fdiv.o(x$fpl$fdiv)
    __aeabi_f2iz                             0x08005271   Thumb Code     0  ffix.o(x$fpl$ffix)
    _ffix                                    0x08005271   Thumb Code    54  ffix.o(x$fpl$ffix)
    __aeabi_ui2f                             0x080052a9   Thumb Code     0  fflt_clz.o(x$fpl$ffltu)
    _ffltu                                   0x080052a9   Thumb Code    38  fflt_clz.o(x$fpl$ffltu)
    __aeabi_fmul                             0x080052d1   Thumb Code     0  fmul.o(x$fpl$fmul)
    _fmul                                    0x080052d1   Thumb Code   258  fmul.o(x$fpl$fmul)
    __fpl_fnaninf                            0x080053d3   Thumb Code   140  fnaninf.o(x$fpl$fnaninf)
    __fpl_fretinf                            0x0800545f   Thumb Code    10  fretinf.o(x$fpl$fretinf)
    _printf_fp_dec                           0x08005469   Thumb Code     4  printf1.o(x$fpl$printf1)
    _printf_fp_hex                           0x0800546d   Thumb Code     4  printf2.o(x$fpl$printf2)
    __I$use$fp                               0x08005470   Number         0  usenofp.o(x$fpl$usenofp)
    Region$$Table$$Base                      0x08005598   Number         0  anon$$obj.o(Region$$Table)
    Region$$Table$$Limit                     0x080055b8   Number         0  anon$$obj.o(Region$$Table)
    __ctype                                  0x080055e1   Data           0  lc_ctype_c.o(locale$$data)
    LEDDivece                                0x20000000   Data           8  led.o(.data)
    LoRa_CFG                                 0x20000008   Data          10  lora_app.o(.data)
    EXTI_InitStructure                       0x20000014   Data           8  lora_app.o(.data)
    NVIC_InitStructure                       0x2000001c   Data           4  lora_app.o(.data)
    usart3Param                              0x20000020   Data          36  lora_app.o(.data)
    usart3NVIC_InitStructure                 0x20000044   Data           4  lora_app.o(.data)
    tim3Param                                0x20000048   Data          20  lora_app.o(.data)
    tim3NVIC_InitStructure                   0x2000005c   Data           4  lora_app.o(.data)
    Lora_mode                                0x20000060   Data           1  lora_app.o(.data)
    Dire_Date                                0x20000061   Data           5  lora_app.o(.data)
    obj_addr                                 0x20000068   Data           4  lora_app.o(.data)
    obj_chn                                  0x2000006c   Data           1  lora_app.o(.data)
    time2Count                               0x2000006e   Data           2  time.o(.data)
    __stdout                                 0x20000070   Data           4  usart.o(.data)
    USART_RX_STA                             0x20000074   Data           2  usart.o(.data)
    USART3_RX_STA                            0x20000076   Data           2  usart.o(.data)
    pxCurrentTCB                             0x20000094   Data           4  tasks.o(.data)
    uxTopUsedPriority                        0x200000cc   Data           4  tasks.o(.data)
    GPIO_InitStructure                       0x20000108   Data           4  dht11.o(.data)
    date                                     0x20000120   Data          30  lora_app.o(.bss)
    Tran_Data                                0x2000013e   Data         200  lora_app.o(.bss)
    wlcd_buff                                0x20000206   Data          10  lora_app.o(.bss)
    USART3_RX_BUF                            0x2000021a   Data        1024  usart.o(.bss)
    USART3_TX_BUF                            0x2000061a   Data         600  usart.o(.bss)
    USART_RX_BUF                             0x20000872   Data          10  usart.o(.bss)
    res                                      0x2000087c   Data          40  config.o(.bss)
    taskControl                              0x200008a4   Data          40  config.o(.bss)
    __libspace_start                         0x20003298   Data          96  libspace.o(.bss)
    __temporary_stack_top$libspace           0x200032f8   Data           0  libspace.o(.bss)



==============================================================================

Memory Map of the image

  Image Entry point : 0x080000ed

  Load Region LR_IROM1 (Base: 0x08000000, Size: 0x00005804, Max: 0x00010000, ABSOLUTE)

    Execution Region ER_IROM1 (Exec base: 0x08000000, Load base: 0x08000000, Size: 0x000056e4, Max: 0x00010000, ABSOLUTE)

    Exec Addr    Load Addr    Size         Type   Attr      Idx    E Section Name        Object

    0x08000000   0x08000000   0x000000ec   Data   RO         3911    RESET               startup_stm32f10x_md.o
    0x080000ec   0x080000ec   0x00000008   Code   RO         4043  * !!!main             c_w.l(__main.o)
    0x080000f4   0x080000f4   0x00000034   Code   RO         4337    !!!scatter          c_w.l(__scatter.o)
    0x08000128   0x08000128   0x0000001a   Code   RO         4339    !!handler_copy      c_w.l(__scatter_copy.o)
    0x08000142   0x08000142   0x00000002   PAD
    0x08000144   0x08000144   0x0000001c   Code   RO         4341    !!handler_zi        c_w.l(__scatter_zi.o)
    0x08000160   0x08000160   0x00000000   Code   RO         4026    .ARM.Collect$$_printf_percent$$00000000  c_w.l(_printf_percent.o)
    0x08000160   0x08000160   0x00000006   Code   RO         4088    .ARM.Collect$$_printf_percent$$00000001  c_w.l(_printf_n.o)
    0x08000166   0x08000166   0x00000006   Code   RO         4089    .ARM.Collect$$_printf_percent$$00000002  c_w.l(_printf_p.o)
    0x0800016c   0x0800016c   0x00000006   Code   RO         4093    .ARM.Collect$$_printf_percent$$00000003  c_w.l(_printf_f.o)
    0x08000172   0x08000172   0x00000006   Code   RO         4094    .ARM.Collect$$_printf_percent$$00000004  c_w.l(_printf_e.o)
    0x08000178   0x08000178   0x00000006   Code   RO         4095    .ARM.Collect$$_printf_percent$$00000005  c_w.l(_printf_g.o)
    0x0800017e   0x0800017e   0x00000006   Code   RO         4096    .ARM.Collect$$_printf_percent$$00000006  c_w.l(_printf_a.o)
    0x08000184   0x08000184   0x0000000a   Code   RO         4101    .ARM.Collect$$_printf_percent$$00000007  c_w.l(_printf_ll.o)
    0x0800018e   0x0800018e   0x00000006   Code   RO         4091    .ARM.Collect$$_printf_percent$$00000008  c_w.l(_printf_i.o)
    0x08000194   0x08000194   0x00000006   Code   RO         4025    .ARM.Collect$$_printf_percent$$00000009  c_w.l(_printf_d.o)
    0x0800019a   0x0800019a   0x00000006   Code   RO         4092    .ARM.Collect$$_printf_percent$$0000000A  c_w.l(_printf_u.o)
    0x080001a0   0x080001a0   0x00000006   Code   RO         4090    .ARM.Collect$$_printf_percent$$0000000B  c_w.l(_printf_o.o)
    0x080001a6   0x080001a6   0x00000006   Code   RO         4024    .ARM.Collect$$_printf_percent$$0000000C  c_w.l(_printf_x.o)
    0x080001ac   0x080001ac   0x00000006   Code   RO         4098    .ARM.Collect$$_printf_percent$$0000000D  c_w.l(_printf_lli.o)
    0x080001b2   0x080001b2   0x00000006   Code   RO         4099    .ARM.Collect$$_printf_percent$$0000000E  c_w.l(_printf_lld.o)
    0x080001b8   0x080001b8   0x00000006   Code   RO         4100    .ARM.Collect$$_printf_percent$$0000000F  c_w.l(_printf_llu.o)
    0x080001be   0x080001be   0x00000006   Code   RO         4105    .ARM.Collect$$_printf_percent$$00000010  c_w.l(_printf_llo.o)
    0x080001c4   0x080001c4   0x00000006   Code   RO         4106    .ARM.Collect$$_printf_percent$$00000011  c_w.l(_printf_llx.o)
    0x080001ca   0x080001ca   0x0000000a   Code   RO         4102    .ARM.Collect$$_printf_percent$$00000012  c_w.l(_printf_l.o)
    0x080001d4   0x080001d4   0x00000006   Code   RO         4087    .ARM.Collect$$_printf_percent$$00000013  c_w.l(_printf_c.o)
    0x080001da   0x080001da   0x00000006   Code   RO         4023    .ARM.Collect$$_printf_percent$$00000014  c_w.l(_printf_s.o)
    0x080001e0   0x080001e0   0x00000006   Code   RO         4103    .ARM.Collect$$_printf_percent$$00000015  c_w.l(_printf_lc.o)
    0x080001e6   0x080001e6   0x00000006   Code   RO         4104    .ARM.Collect$$_printf_percent$$00000016  c_w.l(_printf_ls.o)
    0x080001ec   0x080001ec   0x00000004   Code   RO         4097    .ARM.Collect$$_printf_percent$$00000017  c_w.l(_printf_percent_end.o)
    0x080001f0   0x080001f0   0x00000002   Code   RO         4198    .ARM.Collect$$libinit$$00000000  c_w.l(libinit.o)
    0x080001f2   0x080001f2   0x00000000   Code   RO         4214    .ARM.Collect$$libinit$$00000002  c_w.l(libinit2.o)
    0x080001f2   0x080001f2   0x00000000   Code   RO         4216    .ARM.Collect$$libinit$$00000004  c_w.l(libinit2.o)
    0x080001f2   0x080001f2   0x00000000   Code   RO         4219    .ARM.Collect$$libinit$$0000000A  c_w.l(libinit2.o)
    0x080001f2   0x080001f2   0x00000000   Code   RO         4221    .ARM.Collect$$libinit$$0000000C  c_w.l(libinit2.o)
    0x080001f2   0x080001f2   0x00000000   Code   RO         4223    .ARM.Collect$$libinit$$0000000E  c_w.l(libinit2.o)
    0x080001f2   0x080001f2   0x00000006   Code   RO         4224    .ARM.Collect$$libinit$$0000000F  c_w.l(libinit2.o)
    0x080001f8   0x080001f8   0x00000000   Code   RO         4226    .ARM.Collect$$libinit$$00000011  c_w.l(libinit2.o)
    0x080001f8   0x080001f8   0x0000000c   Code   RO         4227    .ARM.Collect$$libinit$$00000012  c_w.l(libinit2.o)
    0x08000204   0x08000204   0x00000000   Code   RO         4228    .ARM.Collect$$libinit$$00000013  c_w.l(libinit2.o)
    0x08000204   0x08000204   0x00000000   Code   RO         4230    .ARM.Collect$$libinit$$00000015  c_w.l(libinit2.o)
    0x08000204   0x08000204   0x0000000a   Code   RO         4231    .ARM.Collect$$libinit$$00000016  c_w.l(libinit2.o)
    0x0800020e   0x0800020e   0x00000000   Code   RO         4232    .ARM.Collect$$libinit$$00000017  c_w.l(libinit2.o)
    0x0800020e   0x0800020e   0x00000000   Code   RO         4234    .ARM.Collect$$libinit$$00000019  c_w.l(libinit2.o)
    0x0800020e   0x0800020e   0x00000000   Code   RO         4236    .ARM.Collect$$libinit$$0000001B  c_w.l(libinit2.o)
    0x0800020e   0x0800020e   0x00000000   Code   RO         4238    .ARM.Collect$$libinit$$0000001D  c_w.l(libinit2.o)
    0x0800020e   0x0800020e   0x00000000   Code   RO         4240    .ARM.Collect$$libinit$$0000001F  c_w.l(libinit2.o)
    0x0800020e   0x0800020e   0x00000000   Code   RO         4242    .ARM.Collect$$libinit$$00000021  c_w.l(libinit2.o)
    0x0800020e   0x0800020e   0x00000000   Code   RO         4244    .ARM.Collect$$libinit$$00000023  c_w.l(libinit2.o)
    0x0800020e   0x0800020e   0x00000000   Code   RO         4246    .ARM.Collect$$libinit$$00000025  c_w.l(libinit2.o)
    0x0800020e   0x0800020e   0x00000000   Code   RO         4250    .ARM.Collect$$libinit$$0000002C  c_w.l(libinit2.o)
    0x0800020e   0x0800020e   0x00000000   Code   RO         4252    .ARM.Collect$$libinit$$0000002E  c_w.l(libinit2.o)
    0x0800020e   0x0800020e   0x00000000   Code   RO         4254    .ARM.Collect$$libinit$$00000030  c_w.l(libinit2.o)
    0x0800020e   0x0800020e   0x00000000   Code   RO         4256    .ARM.Collect$$libinit$$00000032  c_w.l(libinit2.o)
    0x0800020e   0x0800020e   0x00000002   Code   RO         4257    .ARM.Collect$$libinit$$00000033  c_w.l(libinit2.o)
    0x08000210   0x08000210   0x00000002   Code   RO         4277    .ARM.Collect$$libshutdown$$00000000  c_w.l(libshutdown.o)
    0x08000212   0x08000212   0x00000000   Code   RO         4290    .ARM.Collect$$libshutdown$$00000002  c_w.l(libshutdown2.o)
    0x08000212   0x08000212   0x00000000   Code   RO         4292    .ARM.Collect$$libshutdown$$00000004  c_w.l(libshutdown2.o)
    0x08000212   0x08000212   0x00000000   Code   RO         4295    .ARM.Collect$$libshutdown$$00000007  c_w.l(libshutdown2.o)
    0x08000212   0x08000212   0x00000000   Code   RO         4298    .ARM.Collect$$libshutdown$$0000000A  c_w.l(libshutdown2.o)
    0x08000212   0x08000212   0x00000000   Code   RO         4300    .ARM.Collect$$libshutdown$$0000000C  c_w.l(libshutdown2.o)
    0x08000212   0x08000212   0x00000000   Code   RO         4303    .ARM.Collect$$libshutdown$$0000000F  c_w.l(libshutdown2.o)
    0x08000212   0x08000212   0x00000002   Code   RO         4304    .ARM.Collect$$libshutdown$$00000010  c_w.l(libshutdown2.o)
    0x08000214   0x08000214   0x00000000   Code   RO         4061    .ARM.Collect$$rtentry$$00000000  c_w.l(__rtentry.o)
    0x08000214   0x08000214   0x00000000   Code   RO         4121    .ARM.Collect$$rtentry$$00000002  c_w.l(__rtentry2.o)
    0x08000214   0x08000214   0x00000006   Code   RO         4133    .ARM.Collect$$rtentry$$00000004  c_w.l(__rtentry4.o)
    0x0800021a   0x0800021a   0x00000000   Code   RO         4123    .ARM.Collect$$rtentry$$00000009  c_w.l(__rtentry2.o)
    0x0800021a   0x0800021a   0x00000004   Code   RO         4124    .ARM.Collect$$rtentry$$0000000A  c_w.l(__rtentry2.o)
    0x0800021e   0x0800021e   0x00000000   Code   RO         4126    .ARM.Collect$$rtentry$$0000000C  c_w.l(__rtentry2.o)
    0x0800021e   0x0800021e   0x00000008   Code   RO         4127    .ARM.Collect$$rtentry$$0000000D  c_w.l(__rtentry2.o)
    0x08000226   0x08000226   0x00000002   Code   RO         4206    .ARM.Collect$$rtexit$$00000000  c_w.l(rtexit.o)
    0x08000228   0x08000228   0x00000000   Code   RO         4259    .ARM.Collect$$rtexit$$00000002  c_w.l(rtexit2.o)
    0x08000228   0x08000228   0x00000004   Code   RO         4260    .ARM.Collect$$rtexit$$00000003  c_w.l(rtexit2.o)
    0x0800022c   0x0800022c   0x00000006   Code   RO         4261    .ARM.Collect$$rtexit$$00000004  c_w.l(rtexit2.o)
    0x08000232   0x08000232   0x00000002   PAD
    0x08000234   0x08000234   0x00000096   Code   RO         1859    .emb_text           port.o
    0x080002ca   0x080002ca   0x00000002   PAD
    0x080002cc   0x080002cc   0x00000040   Code   RO         3912    .text               startup_stm32f10x_md.o
    0x0800030c   0x0800030c   0x00000024   Code   RO         3964    .text               c_w.l(vsprintf.o)
    0x08000330   0x08000330   0x00000018   Code   RO         3966    .text               c_w.l(__2printf.o)
    0x08000348   0x08000348   0x0000002c   Code   RO         3968    .text               c_w.l(__2sprintf.o)
    0x08000374   0x08000374   0x0000004e   Code   RO         3976    .text               c_w.l(_printf_pad.o)
    0x080003c2   0x080003c2   0x00000052   Code   RO         3978    .text               c_w.l(_printf_str.o)
    0x08000414   0x08000414   0x00000078   Code   RO         3980    .text               c_w.l(_printf_dec.o)
    0x0800048c   0x0800048c   0x00000094   Code   RO         4000    .text               c_w.l(_printf_hex_int_ll_ptr.o)
    0x08000520   0x08000520   0x00000188   Code   RO         4020    .text               c_w.l(__printf_flags_ss_wp.o)
    0x080006a8   0x080006a8   0x00000024   Code   RO         4027    .text               c_w.l(strstr.o)
    0x080006cc   0x080006cc   0x0000003e   Code   RO         4029    .text               c_w.l(strlen.o)
    0x0800070a   0x0800070a   0x0000008a   Code   RO         4031    .text               c_w.l(rt_memcpy_v6.o)
    0x08000794   0x08000794   0x00000064   Code   RO         4033    .text               c_w.l(rt_memcpy_w.o)
    0x080007f8   0x080007f8   0x00000010   Code   RO         4035    .text               c_w.l(aeabi_memset.o)
    0x08000808   0x08000808   0x00000044   Code   RO         4037    .text               c_w.l(rt_memclr.o)
    0x0800084c   0x0800084c   0x0000004e   Code   RO         4039    .text               c_w.l(rt_memclr_w.o)
    0x0800089a   0x0800089a   0x00000006   Code   RO         4041    .text               c_w.l(heapauxi.o)
    0x080008a0   0x080008a0   0x00000024   Code   RO         4062    .text               c_w.l(_printf_truncate.o)
    0x080008c4   0x080008c4   0x000000b2   Code   RO         4064    .text               c_w.l(_printf_intcommon.o)
    0x08000976   0x08000976   0x00000028   Code   RO         4066    .text               c_w.l(_printf_charcount.o)
    0x0800099e   0x0800099e   0x00000002   PAD
    0x080009a0   0x080009a0   0x00000030   Code   RO         4068    .text               c_w.l(_printf_char_common.o)
    0x080009d0   0x080009d0   0x0000000a   Code   RO         4070    .text               c_w.l(_sputc.o)
    0x080009da   0x080009da   0x0000002c   Code   RO         4072    .text               c_w.l(_printf_char.o)
    0x08000a06   0x08000a06   0x00000002   PAD
    0x08000a08   0x08000a08   0x00000024   Code   RO         4074    .text               c_w.l(_printf_char_file.o)
    0x08000a2c   0x08000a2c   0x000000bc   Code   RO         4076    .text               c_w.l(_printf_wctomb.o)
    0x08000ae8   0x08000ae8   0x0000007c   Code   RO         4079    .text               c_w.l(_printf_longlong_dec.o)
    0x08000b64   0x08000b64   0x00000070   Code   RO         4085    .text               c_w.l(_printf_oct_int_ll.o)
    0x08000bd4   0x08000bd4   0x0000008a   Code   RO         4135    .text               c_w.l(lludiv10.o)
    0x08000c5e   0x08000c5e   0x0000041e   Code   RO         4137    .text               c_w.l(_printf_fp_dec.o)
    0x0800107c   0x0800107c   0x000002fc   Code   RO         4139    .text               c_w.l(_printf_fp_hex.o)
    0x08001378   0x08001378   0x0000002c   Code   RO         4144    .text               c_w.l(_printf_wchar.o)
    0x080013a4   0x080013a4   0x00000008   Code   RO         4146    .text               c_w.l(ferror.o)
    0x080013ac   0x080013ac   0x00000040   Code   RO         4150    .text               c_w.l(_wcrtomb.o)
    0x080013ec   0x080013ec   0x0000004a   Code   RO         4152    .text               c_w.l(sys_stackheap_outer.o)
    0x08001436   0x08001436   0x00000002   PAD
    0x08001438   0x08001438   0x00000010   Code   RO         4154    .text               c_w.l(rt_ctype_table.o)
    0x08001448   0x08001448   0x00000008   Code   RO         4159    .text               c_w.l(rt_locale_intlibspace.o)
    0x08001450   0x08001450   0x00000080   Code   RO         4161    .text               c_w.l(_printf_fp_infnan.o)
    0x080014d0   0x080014d0   0x000000e4   Code   RO         4163    .text               c_w.l(bigflt0.o)
    0x080015b4   0x080015b4   0x00000012   Code   RO         4191    .text               c_w.l(exit.o)
    0x080015c6   0x080015c6   0x00000002   PAD
    0x080015c8   0x080015c8   0x00000008   Code   RO         4203    .text               c_w.l(libspace.o)
    0x080015d0   0x080015d0   0x00000080   Code   RO         4211    .text               c_w.l(strcmpv7m.o)
    0x08001650   0x08001650   0x0000000c   Code   RO         4269    .text               c_w.l(sys_exit.o)
    0x0800165c   0x0800165c   0x00000002   Code   RO         4280    .text               c_w.l(use_no_semi.o)
    0x0800165e   0x0800165e   0x00000000   Code   RO         4282    .text               c_w.l(indicate_semi.o)
    0x0800165e   0x0800165e   0x0000003e   Code   RO         4166    CL$$btod_d2e        c_w.l(btod.o)
    0x0800169c   0x0800169c   0x00000046   Code   RO         4168    CL$$btod_d2e_denorm_low  c_w.l(btod.o)
    0x080016e2   0x080016e2   0x00000060   Code   RO         4167    CL$$btod_d2e_norm_op1  c_w.l(btod.o)
    0x08001742   0x08001742   0x00000338   Code   RO         4176    CL$$btod_div_common  c_w.l(btod.o)
    0x08001a7a   0x08001a7a   0x000000dc   Code   RO         4173    CL$$btod_e2e        c_w.l(btod.o)
    0x08001b56   0x08001b56   0x0000002a   Code   RO         4170    CL$$btod_ediv       c_w.l(btod.o)
    0x08001b80   0x08001b80   0x0000002a   Code   RO         4169    CL$$btod_emul       c_w.l(btod.o)
    0x08001baa   0x08001baa   0x00000244   Code   RO         4175    CL$$btod_mult_common  c_w.l(btod.o)
    0x08001dee   0x08001dee   0x00000016   Code   RO         2210    i.ADC_Cmd           stm32f10x_adc.o
    0x08001e04   0x08001e04   0x00000008   Code   RO         2219    i.ADC_GetConversionValue  stm32f10x_adc.o
    0x08001e0c   0x08001e0c   0x00000012   Code   RO         2221    i.ADC_GetFlagStatus  stm32f10x_adc.o
    0x08001e1e   0x08001e1e   0x00000018   Code   RO         2227    i.ADC_ITConfig      stm32f10x_adc.o
    0x08001e36   0x08001e36   0x00000002   PAD
    0x08001e38   0x08001e38   0x00000050   Code   RO         2228    i.ADC_Init          stm32f10x_adc.o
    0x08001e88   0x08001e88   0x0000006c   Code   RO         2126    i.ADC_Pin_Init      mq2.o
    0x08001ef4   0x08001ef4   0x000000b8   Code   RO         2232    i.ADC_RegularChannelConfig  stm32f10x_adc.o
    0x08001fac   0x08001fac   0x00000016   Code   RO         2235    i.ADC_SoftwareStartConvCmd  stm32f10x_adc.o
    0x08001fc2   0x08001fc2   0x00000002   PAD
    0x08001fc4   0x08001fc4   0x00000040   Code   RO         2127    i.ADC_Trans         mq2.o
    0x08002004   0x08002004   0x00000050   Code   RO          249    i.Aux_Int           lora_app.o
    0x08002054   0x08002054   0x00000032   Code   RO         1933    i.BH1750_Byte_Write  bh1750.o
    0x08002086   0x08002086   0x00000012   Code   RO         1934    i.BH1750_Init       bh1750.o
    0x08002098   0x08002098   0x0000000a   Code   RO         1936    i.BH1750_Power_ON   bh1750.o
    0x080020a2   0x080020a2   0x0000003a   Code   RO         1938    i.BH1750_Read_Measure  bh1750.o
    0x080020dc   0x080020dc   0x00000004   Code   RO          740    i.BusFault_Handler  stm32f10x_it.o
    0x080020e0   0x080020e0   0x00000058   Code   RO         2050    i.DHT11_Check       dht11.o
    0x08002138   0x08002138   0x00000030   Code   RO         2051    i.DHT11_Init        dht11.o
    0x08002168   0x08002168   0x00000058   Code   RO         2052    i.DHT11_Read_Bit    dht11.o
    0x080021c0   0x080021c0   0x0000001e   Code   RO         2053    i.DHT11_Read_Byte   dht11.o
    0x080021de   0x080021de   0x0000005a   Code   RO         2054    i.DHT11_Read_Data   dht11.o
    0x08002238   0x08002238   0x00000034   Code   RO         2055    i.DHT11_Rst         dht11.o
    0x0800226c   0x0800226c   0x0000004c   Code   RO            4    i.DWT_Dalay_Init    delay.o
    0x080022b8   0x080022b8   0x00000024   Code   RO            5    i.DWT_Delay_us      delay.o
    0x080022dc   0x080022dc   0x00000002   Code   RO          741    i.DebugMon_Handler  stm32f10x_it.o
    0x080022de   0x080022de   0x00000002   PAD
    0x080022e0   0x080022e0   0x00000078   Code   RO          250    i.EXTI4_IRQHandler  lora_app.o
    0x08002358   0x08002358   0x0000000c   Code   RO         2439    i.EXTI_ClearITPendingBit  stm32f10x_exti.o
    0x08002364   0x08002364   0x00000028   Code   RO         2443    i.EXTI_GetITStatus  stm32f10x_exti.o
    0x0800238c   0x0800238c   0x00000094   Code   RO         2444    i.EXTI_Init         stm32f10x_exti.o
    0x08002420   0x08002420   0x00000040   Code   RO         2507    i.GPIO_EXTILineConfig  stm32f10x_gpio.o
    0x08002460   0x08002460   0x00000116   Code   RO         2510    i.GPIO_Init         stm32f10x_gpio.o
    0x08002576   0x08002576   0x00000002   PAD
    0x08002578   0x08002578   0x00000090   Code   RO         2512    i.GPIO_PinRemapConfig  stm32f10x_gpio.o
    0x08002608   0x08002608   0x00000012   Code   RO         2514    i.GPIO_ReadInputDataBit  stm32f10x_gpio.o
    0x0800261a   0x0800261a   0x00000004   Code   RO         2517    i.GPIO_ResetBits    stm32f10x_gpio.o
    0x0800261e   0x0800261e   0x00000002   PAD
    0x08002620   0x08002620   0x00000018   Code   RO         2056    i.GPIO_SETIN        dht11.o
    0x08002638   0x08002638   0x00000018   Code   RO         2057    i.GPIO_SETOUT       dht11.o
    0x08002650   0x08002650   0x00000004   Code   RO         2518    i.GPIO_SetBits      stm32f10x_gpio.o
    0x08002654   0x08002654   0x00000004   Code   RO          742    i.HardFault_Handler  stm32f10x_it.o
    0x08002658   0x08002658   0x00000030   Code   RO         1939    i.I2C_BH1750_GPIOConfig  bh1750.o
    0x08002688   0x08002688   0x00000030   Code   RO         1940    i.LIght_Intensity   bh1750.o
    0x080026b8   0x080026b8   0x0000012c   Code   RO          252    i.LoRa_SendData     lora_app.o
    0x080027e4   0x080027e4   0x000001ac   Code   RO          253    i.LoRa_Set          lora_app.o
    0x08002990   0x08002990   0x00000044   Code   RO          650    i.M2QTask           config.o
    0x080029d4   0x080029d4   0x00000004   Code   RO          743    i.MemManage_Handler  stm32f10x_it.o
    0x080029d8   0x080029d8   0x00000002   Code   RO          744    i.NMI_Handler       stm32f10x_it.o
    0x080029da   0x080029da   0x00000002   PAD
    0x080029dc   0x080029dc   0x00000070   Code   RO         2156    i.NVIC_Init         misc.o
    0x08002a4c   0x08002a4c   0x00000014   Code   RO         2157    i.NVIC_PriorityGroupConfig  misc.o
    0x08002a60   0x08002a60   0x00000020   Code   RO         2848    i.RCC_APB1PeriphClockCmd  stm32f10x_rcc.o
    0x08002a80   0x08002a80   0x00000020   Code   RO         2850    i.RCC_APB2PeriphClockCmd  stm32f10x_rcc.o
    0x08002aa0   0x08002aa0   0x000000d4   Code   RO         2858    i.RCC_GetClocksFreq  stm32f10x_rcc.o
    0x08002b74   0x08002b74   0x00000008   Code   RO         3919    i.SetSysClock       system_stm32f10x.o
    0x08002b7c   0x08002b7c   0x000000e0   Code   RO         3920    i.SetSysClockTo72   system_stm32f10x.o
    0x08002c5c   0x08002c5c   0x00000034   Code   RO         1860    i.SysTick_Handler   port.o
    0x08002c90   0x08002c90   0x00000060   Code   RO         3922    i.SystemInit        system_stm32f10x.o
    0x08002cf0   0x08002cf0   0x00000034   Code   RO          457    i.TIM2_IRQHandler   time.o
    0x08002d24   0x08002d24   0x00000034   Code   RO          458    i.TIM3_IRQHandler   time.o
    0x08002d58   0x08002d58   0x00000006   Code   RO         3171    i.TIM_ClearITPendingBit  stm32f10x_tim.o
    0x08002d5e   0x08002d5e   0x00000018   Code   RO         3176    i.TIM_Cmd           stm32f10x_tim.o
    0x08002d76   0x08002d76   0x00000022   Code   RO         3197    i.TIM_GetITStatus   stm32f10x_tim.o
    0x08002d98   0x08002d98   0x00000012   Code   RO         3201    i.TIM_ITConfig      stm32f10x_tim.o
    0x08002daa   0x08002daa   0x00000004   Code   RO         3241    i.TIM_SetCounter    stm32f10x_tim.o
    0x08002dae   0x08002dae   0x00000002   PAD
    0x08002db0   0x08002db0   0x000000a4   Code   RO         3247    i.TIM_TimeBaseInit  stm32f10x_tim.o
    0x08002e54   0x08002e54   0x00000088   Code   RO          502    i.USART1_IRQHandler  usart.o
    0x08002edc   0x08002edc   0x00000078   Code   RO          503    i.USART3_IRQHandler  usart.o
    0x08002f54   0x08002f54   0x00000018   Code   RO         3724    i.USART_Cmd         stm32f10x_usart.o
    0x08002f6c   0x08002f6c   0x0000001a   Code   RO         3727    i.USART_GetFlagStatus  stm32f10x_usart.o
    0x08002f86   0x08002f86   0x00000054   Code   RO         3728    i.USART_GetITStatus  stm32f10x_usart.o
    0x08002fda   0x08002fda   0x0000004a   Code   RO         3730    i.USART_ITConfig    stm32f10x_usart.o
    0x08003024   0x08003024   0x000000d8   Code   RO         3731    i.USART_Init        stm32f10x_usart.o
    0x080030fc   0x080030fc   0x0000000a   Code   RO         3738    i.USART_ReceiveData  stm32f10x_usart.o
    0x08003106   0x08003106   0x00000008   Code   RO         3741    i.USART_SendData    stm32f10x_usart.o
    0x0800310e   0x0800310e   0x00000004   Code   RO          745    i.UsageFault_Handler  stm32f10x_it.o
    0x08003112   0x08003112   0x00000028   Code   RO         4201    i.__ARM_fpclassify  m_ws.l(fpclassify.o)
    0x0800313a   0x0800313a   0x0000000e   Code   RO         4013    i._is_digit         c_w.l(__printf_wp.o)
    0x08003148   0x08003148   0x00000168   Code   RO          255    i._loRaInit         lora_app.o
    0x080032b0   0x080032b0   0x00000044   Code   RO          651    i.bh1750Task        config.o
    0x080032f4   0x080032f4   0x000000dc   Code   RO          652    i.createAllTask     config.o
    0x080033d0   0x080033d0   0x0000005c   Code   RO          653    i.dht11Task         config.o
    0x0800342c   0x0800342c   0x0000001c   Code   RO          504    i.fputc             usart.o
    0x08003448   0x08003448   0x000000c8   Code   RO          655    i.hardwareInit      config.o
    0x08003510   0x08003510   0x00000038   Code   RO         1941    i.i2c_Ack           bh1750.o
    0x08003548   0x08003548   0x00000030   Code   RO         1943    i.i2c_NAck          bh1750.o
    0x08003578   0x08003578   0x00000048   Code   RO         1944    i.i2c_ReadByte      bh1750.o
    0x080035c0   0x080035c0   0x0000005c   Code   RO         1945    i.i2c_SendByte      bh1750.o
    0x0800361c   0x0800361c   0x00000034   Code   RO         1946    i.i2c_Start         bh1750.o
    0x08003650   0x08003650   0x00000024   Code   RO         1947    i.i2c_Stop          bh1750.o
    0x08003674   0x08003674   0x00000044   Code   RO         1948    i.i2c_WaitAck       bh1750.o
    0x080036b8   0x080036b8   0x00000030   Code   RO          214    i.ledInit           led.o
    0x080036e8   0x080036e8   0x000000ac   Code   RO          256    i.loraInit          lora_app.o
    0x08003794   0x08003794   0x00000088   Code   RO          657    i.loraTask          config.o
    0x0800381c   0x0800381c   0x0000004c   Code   RO          349    i.lora_at_response  lora_ui.o
    0x08003868   0x08003868   0x00000038   Code   RO          350    i.lora_check_cmd    lora_ui.o
    0x080038a0   0x080038a0   0x00000094   Code   RO          351    i.lora_send_cmd     lora_ui.o
    0x08003934   0x08003934   0x0000000c   Code   RO          574    i.main              main.o
    0x08003940   0x08003940   0x000000c0   Code   RO         1278    i.prvAddCurrentTaskToDelayedList  tasks.o
    0x08003a00   0x08003a00   0x000000ec   Code   RO         1279    i.prvAddNewTaskToReadyList  tasks.o
    0x08003aec   0x08003aec   0x0000004c   Code   RO         1627    i.prvCheckForValidListAndQueue  timers.o
    0x08003b38   0x08003b38   0x00000048   Code   RO         1280    i.prvCheckTasksWaitingTermination  tasks.o
    0x08003b80   0x08003b80   0x0000002a   Code   RO          964    i.prvCopyDataFromQueue  queue.o
    0x08003baa   0x08003baa   0x00000012   Code   RO         1281    i.prvDeleteTCB      tasks.o
    0x08003bbc   0x08003bbc   0x00000028   Code   RO         1628    i.prvGetNextExpireTime  timers.o
    0x08003be4   0x08003be4   0x00000070   Code   RO         1798    i.prvHeapInit       heap_4.o
    0x08003c54   0x08003c54   0x00000028   Code   RO         1282    i.prvIdleTask       tasks.o
    0x08003c7c   0x08003c7c   0x0000002a   Code   RO          966    i.prvInitialiseNewQueue  queue.o
    0x08003ca6   0x08003ca6   0x00000088   Code   RO         1283    i.prvInitialiseNewTask  tasks.o
    0x08003d2e   0x08003d2e   0x00000002   PAD
    0x08003d30   0x08003d30   0x00000068   Code   RO         1284    i.prvInitialiseTaskLists  tasks.o
    0x08003d98   0x08003d98   0x00000068   Code   RO         1799    i.prvInsertBlockIntoFreeList  heap_4.o
    0x08003e00   0x08003e00   0x00000058   Code   RO         1630    i.prvInsertTimerInActiveList  timers.o
    0x08003e58   0x08003e58   0x0000001a   Code   RO          967    i.prvIsQueueEmpty   queue.o
    0x08003e72   0x08003e72   0x00000002   PAD
    0x08003e74   0x08003e74   0x00000044   Code   RO         1631    i.prvProcessExpiredTimer  timers.o
    0x08003eb8   0x08003eb8   0x00000110   Code   RO         1632    i.prvProcessReceivedCommands  timers.o
    0x08003fc8   0x08003fc8   0x00000074   Code   RO         1633    i.prvProcessTimerOrBlockTask  timers.o
    0x0800403c   0x0800403c   0x00000028   Code   RO         1634    i.prvReloadTimer    timers.o
    0x08004064   0x08004064   0x00000030   Code   RO         1286    i.prvResetNextTaskUnblockTime  tasks.o
    0x08004094   0x08004094   0x0000002c   Code   RO         1635    i.prvSampleTimeNow  timers.o
    0x080040c0   0x080040c0   0x00000044   Code   RO         1636    i.prvSwitchTimerLists  timers.o
    0x08004104   0x08004104   0x00000016   Code   RO         1861    i.prvTaskExitError  port.o
    0x0800411a   0x0800411a   0x0000001a   Code   RO         1637    i.prvTimerTask      timers.o
    0x08004134   0x08004134   0x0000007e   Code   RO          969    i.prvUnlockQueue    queue.o
    0x080041b2   0x080041b2   0x00000002   PAD
    0x080041b4   0x080041b4   0x000000e4   Code   RO         1801    i.pvPortMalloc      heap_4.o
    0x08004298   0x08004298   0x00000024   Code   RO         1862    i.pxPortInitialiseStack  port.o
    0x080042bc   0x080042bc   0x00000040   Code   RO          505    i.setUsartMod       usart.o
    0x080042fc   0x080042fc   0x000000bc   Code   RO          506    i.setUsartParam     usart.o
    0x080043b8   0x080043b8   0x00000034   Code   RO          658    i.sysInit           config.o
    0x080043ec   0x080043ec   0x00000002   Code   RO          659    i.sysWork           config.o
    0x080043ee   0x080043ee   0x0000003e   Code   RO          460    i.timInit           time.o
    0x0800442c   0x0800442c   0x00000050   Code   RO          507    i.u3_printf         usart.o
    0x0800447c   0x0800447c   0x00000072   Code   RO          508    i.usartInit         usart.o
    0x080044ee   0x080044ee   0x00000028   Code   RO          925    i.uxListRemove      list.o
    0x08004516   0x08004516   0x0000001a   Code   RO          926    i.vListInitialise   list.o
    0x08004530   0x08004530   0x00000006   Code   RO          927    i.vListInitialiseItem  list.o
    0x08004536   0x08004536   0x00000034   Code   RO          928    i.vListInsert       list.o
    0x0800456a   0x0800456a   0x00000018   Code   RO          929    i.vListInsertEnd    list.o
    0x08004582   0x08004582   0x00000002   PAD
    0x08004584   0x08004584   0x00000024   Code   RO         1864    i.vPortEnterCritical  port.o
    0x080045a8   0x080045a8   0x00000020   Code   RO         1865    i.vPortExitCritical  port.o
    0x080045c8   0x080045c8   0x0000004c   Code   RO         1802    i.vPortFree         heap_4.o
    0x08004614   0x08004614   0x00000018   Code   RO         1866    i.vPortSetupTimerInterrupt  port.o
    0x0800462c   0x0800462c   0x0000004a   Code   RO          977    i.vQueueWaitForMessageRestricted  queue.o
    0x08004676   0x08004676   0x00000002   PAD
    0x08004678   0x08004678   0x00000034   Code   RO         1297    i.vTaskDelay        tasks.o
    0x080046ac   0x080046ac   0x000000d4   Code   RO         1298    i.vTaskDelete       tasks.o
    0x08004780   0x08004780   0x00000018   Code   RO         1302    i.vTaskInternalSetTimeOutState  tasks.o
    0x08004798   0x08004798   0x0000000c   Code   RO         1303    i.vTaskMissedYield  tasks.o
    0x080047a4   0x080047a4   0x00000020   Code   RO         1304    i.vTaskPlaceOnEventList  tasks.o
    0x080047c4   0x080047c4   0x0000004c   Code   RO         1305    i.vTaskPlaceOnEventListRestricted  tasks.o
    0x08004810   0x08004810   0x00000078   Code   RO         1312    i.vTaskStartScheduler  tasks.o
    0x08004888   0x08004888   0x00000010   Code   RO         1314    i.vTaskSuspendAll   tasks.o
    0x08004898   0x08004898   0x00000060   Code   RO         1315    i.vTaskSwitchContext  tasks.o
    0x080048f8   0x080048f8   0x00000034   Code   RO         1867    i.xPortStartScheduler  port.o
    0x0800492c   0x0800492c   0x0000004c   Code   RO          978    i.xQueueGenericCreate  queue.o
    0x08004978   0x08004978   0x000000a0   Code   RO          979    i.xQueueGenericReset  queue.o
    0x08004a18   0x08004a18   0x00000104   Code   RO          987    i.xQueueReceive     queue.o
    0x08004b1c   0x08004b1c   0x00000060   Code   RO         1317    i.xTaskCheckForTimeOut  tasks.o
    0x08004b7c   0x08004b7c   0x00000068   Code   RO         1318    i.xTaskCreate       tasks.o
    0x08004be4   0x08004be4   0x00000074   Code   RO         1319    i.xTaskDelayUntil   tasks.o
    0x08004c58   0x08004c58   0x0000000c   Code   RO         1326    i.xTaskGetTickCount  tasks.o
    0x08004c64   0x08004c64   0x00000190   Code   RO         1328    i.xTaskIncrementTick  tasks.o
    0x08004df4   0x08004df4   0x00000108   Code   RO         1329    i.xTaskRemoveFromEventList  tasks.o
    0x08004efc   0x08004efc   0x0000015c   Code   RO         1330    i.xTaskResumeAll    tasks.o
    0x08005058   0x08005058   0x0000003c   Code   RO         1645    i.xTimerCreateTimerTask  timers.o
    0x08005094   0x08005094   0x0000002c   Code   RO         4189    locale$$code        c_w.l(lc_numeric_c.o)
    0x080050c0   0x080050c0   0x0000002c   Code   RO         4209    locale$$code        c_w.l(lc_ctype_c.o)
    0x080050ec   0x080050ec   0x00000184   Code   RO         4046    x$fpl$fdiv          fz_ws.l(fdiv.o)
    0x08005270   0x08005270   0x00000036   Code   RO         4049    x$fpl$ffix          fz_ws.l(ffix.o)
    0x080052a6   0x080052a6   0x00000002   PAD
    0x080052a8   0x080052a8   0x00000026   Code   RO         4053    x$fpl$ffltu         fz_ws.l(fflt_clz.o)
    0x080052ce   0x080052ce   0x00000002   PAD
    0x080052d0   0x080052d0   0x00000102   Code   RO         4059    x$fpl$fmul          fz_ws.l(fmul.o)
    0x080053d2   0x080053d2   0x0000008c   Code   RO         4107    x$fpl$fnaninf       fz_ws.l(fnaninf.o)
    0x0800545e   0x0800545e   0x0000000a   Code   RO         4109    x$fpl$fretinf       fz_ws.l(fretinf.o)
    0x08005468   0x08005468   0x00000004   Code   RO         4111    x$fpl$printf1       fz_ws.l(printf1.o)
    0x0800546c   0x0800546c   0x00000004   Code   RO         4113    x$fpl$printf2       fz_ws.l(printf2.o)
    0x08005470   0x08005470   0x00000000   Code   RO         4119    x$fpl$usenofp       fz_ws.l(usenofp.o)
    0x08005470   0x08005470   0x00000028   Data   RO          662    .constdata          config.o
    0x08005498   0x08005498   0x00000028   Data   RO         4001    .constdata          c_w.l(_printf_hex_int_ll_ptr.o)
    0x080054c0   0x080054c0   0x00000011   Data   RO         4021    .constdata          c_w.l(__printf_flags_ss_wp.o)
    0x080054d1   0x080054d1   0x00000003   PAD
    0x080054d4   0x080054d4   0x00000008   Data   RO         4077    .constdata          c_w.l(_printf_wctomb.o)
    0x080054dc   0x080054dc   0x00000026   Data   RO         4140    .constdata          c_w.l(_printf_fp_hex.o)
    0x08005502   0x08005502   0x00000002   PAD
    0x08005504   0x08005504   0x00000094   Data   RO         4164    .constdata          c_w.l(bigflt0.o)
    0x08005598   0x08005598   0x00000020   Data   RO         4335    Region$$Table       anon$$obj.o
    0x080055b8   0x080055b8   0x0000001c   Data   RO         4188    locale$$data        c_w.l(lc_numeric_c.o)
    0x080055d4   0x080055d4   0x00000110   Data   RO         4208    locale$$data        c_w.l(lc_ctype_c.o)


    Execution Region RW_IRAM1 (Exec base: 0x20000000, Load base: 0x080056e4, Size: 0x000038f8, Max: 0x00005000, ABSOLUTE)

    Exec Addr    Load Addr    Size         Type   Attr      Idx    E Section Name        Object

    0x20000000   0x080056e4   0x00000008   Data   RW          215    .data               led.o
    0x20000008   0x080056ec   0x00000066   Data   RW          258    .data               lora_app.o
    0x2000006e   0x08005752   0x00000002   Data   RW          461    .data               time.o
    0x20000070   0x08005754   0x0000000c   Data   RW          510    .data               usart.o
    0x2000007c   0x08005760   0x00000018   Data   RW          663    .data               config.o
    0x20000094   0x08005778   0x00000040   Data   RW         1333    .data               tasks.o
    0x200000d4   0x080057b8   0x00000014   Data   RW         1655    .data               timers.o
    0x200000e8   0x080057cc   0x0000001c   Data   RW         1808    .data               heap_4.o
    0x20000104   0x080057e8   0x00000004   Data   RW         1868    .data               port.o
    0x20000108   0x080057ec   0x00000004   Data   RW         2058    .data               dht11.o
    0x2000010c   0x080057f0   0x00000014   Data   RW         2878    .data               stm32f10x_rcc.o
    0x20000120        -       0x000000fa   Zero   RW          257    .bss                lora_app.o
    0x2000021a        -       0x00000662   Zero   RW          509    .bss                usart.o
    0x2000087c        -       0x00000050   Zero   RW          661    .bss                config.o
    0x200008cc        -       0x000001a4   Zero   RW         1332    .bss                tasks.o
    0x20000a70        -       0x00000028   Zero   RW         1654    .bss                timers.o
    0x20000a98        -       0x00002800   Zero   RW         1807    .bss                heap_4.o
    0x20003298        -       0x00000060   Zero   RW         4204    .bss                c_w.l(libspace.o)
    0x200032f8        -       0x00000200   Zero   RW         3910    HEAP                startup_stm32f10x_md.o
    0x200034f8        -       0x00000400   Zero   RW         3909    STACK               startup_stm32f10x_md.o


==============================================================================

Image component sizes


      Code (inc. data)   RO Data    RW Data    ZI Data      Debug   Object Name

       656         50          0          0          0       6752   bh1750.o
       838        288         40         24         80       5786   config.o
       112         12          0          0          0     266324   delay.o
       444         42          0          4          0       4856   dht11.o
         0          0          0          0          0      14652   event_groups.o
       520         58          0         28      10240       4875   heap_4.o
        48          6          0          8          0       1162   led.o
       148          0          0          0          0       3394   list.o
      1460        420          0        102        250       9402   lora_app.o
       280         66          0          0          0       3315   lora_ui.o
        12          0          0          0          0      14775   main.o
       132         22          0          0          0       1791   misc.o
       172         12          0          0          0       1127   mq2.o
       404         48          0          4          0       9528   port.o
       806          8          0          0          0      10552   queue.o
        64         26        236          0       1536        836   startup_stm32f10x_md.o
       358         10          0          0          0       6859   stm32f10x_adc.o
       200         18          0          0          0       2392   stm32f10x_exti.o
       512         10          0          0          0       5480   stm32f10x_gpio.o
        20          0          0          0          0       2509   stm32f10x_it.o
       276         32          0         20          0       4702   stm32f10x_rcc.o
       250         42          0          0          0       4455   stm32f10x_tim.o
       442          6          0          0          0       6561   stm32f10x_usart.o
       328         28          0          0          0       2169   system_stm32f10x.o
      2826        374          0         64        420      32633   tasks.o
       166         14          0          2          0       2187   time.o
       898        100          0         20         40      13396   timers.o
       730         66          0         12       1634       7032   usart.o

    ----------------------------------------------------------------------
     13128       1758        308        288      14200     449502   Object Totals
         0          0         32          0          0          0   (incl. Generated)
        26          0          0          0          0          0   (incl. Padding)

    ----------------------------------------------------------------------

      Code (inc. data)   RO Data    RW Data    ZI Data      Debug   Library Member Name

        24          4          0          0          0         84   __2printf.o
        44          6          0          0          0         84   __2sprintf.o
         8          0          0          0          0         68   __main.o
       392          4         17          0          0         92   __printf_flags_ss_wp.o
        14          0          0          0          0         68   __printf_wp.o
         0          0          0          0          0          0   __rtentry.o
        12          0          0          0          0          0   __rtentry2.o
         6          0          0          0          0          0   __rtentry4.o
        52          8          0          0          0          0   __scatter.o
        26          0          0          0          0          0   __scatter_copy.o
        28          0          0          0          0          0   __scatter_zi.o
         6          0          0          0          0          0   _printf_a.o
         6          0          0          0          0          0   _printf_c.o
        44          0          0          0          0        108   _printf_char.o
        48          6          0          0          0         96   _printf_char_common.o
        36          4          0          0          0         80   _printf_char_file.o
        40          0          0          0          0         68   _printf_charcount.o
         6          0          0          0          0          0   _printf_d.o
       120         16          0          0          0         92   _printf_dec.o
         6          0          0          0          0          0   _printf_e.o
         6          0          0          0          0          0   _printf_f.o
      1054          0          0          0          0        216   _printf_fp_dec.o
       764          8         38          0          0        100   _printf_fp_hex.o
       128         16          0          0          0         84   _printf_fp_infnan.o
         6          0          0          0          0          0   _printf_g.o
       148          4         40          0          0        160   _printf_hex_int_ll_ptr.o
         6          0          0          0          0          0   _printf_i.o
       178          0          0          0          0         88   _printf_intcommon.o
        10          0          0          0          0          0   _printf_l.o
         6          0          0          0          0          0   _printf_lc.o
        10          0          0          0          0          0   _printf_ll.o
         6          0          0          0          0          0   _printf_lld.o
         6          0          0          0          0          0   _printf_lli.o
         6          0          0          0          0          0   _printf_llo.o
         6          0          0          0          0          0   _printf_llu.o
         6          0          0          0          0          0   _printf_llx.o
       124         16          0          0          0         92   _printf_longlong_dec.o
         6          0          0          0          0          0   _printf_ls.o
         6          0          0          0          0          0   _printf_n.o
         6          0          0          0          0          0   _printf_o.o
       112         10          0          0          0        124   _printf_oct_int_ll.o
         6          0          0          0          0          0   _printf_p.o
        78          0          0          0          0        108   _printf_pad.o
         0          0          0          0          0          0   _printf_percent.o
         4          0          0          0          0          0   _printf_percent_end.o
         6          0          0          0          0          0   _printf_s.o
        82          0          0          0          0         80   _printf_str.o
        36          0          0          0          0         84   _printf_truncate.o
         6          0          0          0          0          0   _printf_u.o
        44          0          0          0          0        108   _printf_wchar.o
       188          6          8          0          0         92   _printf_wctomb.o
         6          0          0          0          0          0   _printf_x.o
        10          0          0          0          0         68   _sputc.o
        64          0          0          0          0         92   _wcrtomb.o
        16          0          0          0          0         68   aeabi_memset.o
       228          4        148          0          0         96   bigflt0.o
      1936        128          0          0          0        672   btod.o
        18          0          0          0          0         80   exit.o
         8          0          0          0          0         68   ferror.o
         6          0          0          0          0        152   heapauxi.o
         0          0          0          0          0          0   indicate_semi.o
        44         10        272          0          0         76   lc_ctype_c.o
        44         10         28          0          0         76   lc_numeric_c.o
         2          0          0          0          0          0   libinit.o
        30          0          0          0          0          0   libinit2.o
         2          0          0          0          0          0   libshutdown.o
         2          0          0          0          0          0   libshutdown2.o
         8          4          0          0         96         68   libspace.o
       138          0          0          0          0         80   lludiv10.o
        16          4          0          0          0         76   rt_ctype_table.o
         8          4          0          0          0         68   rt_locale_intlibspace.o
        68          0          0          0          0         68   rt_memclr.o
        78          0          0          0          0         80   rt_memclr_w.o
       138          0          0          0          0         68   rt_memcpy_v6.o
       100          0          0          0          0         80   rt_memcpy_w.o
         2          0          0          0          0          0   rtexit.o
        10          0          0          0          0          0   rtexit2.o
       128          0          0          0          0         68   strcmpv7m.o
        62          0          0          0          0         76   strlen.o
        36          0          0          0          0         80   strstr.o
        12          4          0          0          0         68   sys_exit.o
        74          0          0          0          0         80   sys_stackheap_outer.o
         2          0          0          0          0         68   use_no_semi.o
        36          4          0          0          0         76   vsprintf.o
       388         76          0          0          0         96   fdiv.o
        54          4          0          0          0         84   ffix.o
        38          0          0          0          0         68   fflt_clz.o
       258          4          0          0          0         84   fmul.o
       140          4          0          0          0         84   fnaninf.o
        10          0          0          0          0         68   fretinf.o
         4          0          0          0          0         68   printf1.o
         4          0          0          0          0         68   printf2.o
         0          0          0          0          0          0   usenofp.o
        40          0          0          0          0         68   fpclassify.o

    ----------------------------------------------------------------------
      8252        368        556          0         96       5416   Library Totals
        16          0          5          0          0          0   (incl. Padding)

    ----------------------------------------------------------------------

      Code (inc. data)   RO Data    RW Data    ZI Data      Debug   Library Name

      7300        280        551          0         96       4728   c_w.l
       896         88          0          0          0        620   fz_ws.l
        40          0          0          0          0         68   m_ws.l

    ----------------------------------------------------------------------
      8252        368        556          0         96       5416   Library Totals

    ----------------------------------------------------------------------

==============================================================================


      Code (inc. data)   RO Data    RW Data    ZI Data      Debug   

     21380       2126        864        288      14296     443838   Grand Totals
     21380       2126        864        288      14296     443838   ELF Image Totals
     21380       2126        864        288          0          0   ROM Totals

==============================================================================

    Total RO  Size (Code + RO Data)                22244 (  21.72kB)
    Total RW  Size (RW Data + ZI Data)             14584 (  14.24kB)
    Total ROM Size (Code + RO Data + RW Data)      22532 (  22.00kB)

==============================================================================

