Component: ARM Compiler 5.06 update 6 (build 750) Tool: armlink [4d35ed]

==============================================================================

Section Cross References

    delay.o(i.Tim2Delay_us) refers to time.o(.data) for time2Count
    delay.o(i.delay_init) refers to misc.o(i.SysTick_CLKSourceConfig) for SysTick_CLKSourceConfig
    delay.o(i.delay_init) refers to system_stm32f10x.o(.data) for SystemCoreClock
    delay.o(i.delay_init) refers to delay.o(.data) for fac_us
    delay.o(i.delay_ms) refers to delay.o(.data) for fac_ms
    delay.o(i.delay_us) refers to delay.o(.data) for fac_us
    led.o(i.ledControl) refers to stm32f10x_gpio.o(i.GPIO_WriteBit) for GPIO_WriteBit
    led.o(i.ledControl) refers to led.o(.data) for LEDDivece
    led.o(i.ledInit) refers to stm32f10x_rcc.o(i.RCC_APB2PeriphClockCmd) for RCC_APB2PeriphClockCmd
    led.o(i.ledInit) refers to stm32f10x_gpio.o(i.GPIO_Init) for GPIO_Init
    led.o(i.ledInit) refers to led.o(.data) for LEDDivece
    lora_app.o(i.Aux_Int) refers to stm32f10x_exti.o(i.EXTI_Init) for EXTI_Init
    lora_app.o(i.Aux_Int) refers to misc.o(i.NVIC_Init) for NVIC_Init
    lora_app.o(i.Aux_Int) refers to lora_app.o(.data) for EXTI_InitStructure
    lora_app.o(i.EXTI4_IRQHandler) refers to stm32f10x_exti.o(i.EXTI_GetITStatus) for EXTI_GetITStatus
    lora_app.o(i.EXTI4_IRQHandler) refers to lora_app.o(i.Aux_Int) for Aux_Int
    lora_app.o(i.EXTI4_IRQHandler) refers to stm32f10x_exti.o(i.EXTI_ClearITPendingBit) for EXTI_ClearITPendingBit
    lora_app.o(i.EXTI4_IRQHandler) refers to lora_app.o(.data) for Int_mode
    lora_app.o(i.EXTI4_IRQHandler) refers to usart.o(.data) for USART3_RX_STA
    lora_app.o(i.LoRa_ReceData) refers to stm32f10x_usart.o(i.USART_GetFlagStatus) for USART_GetFlagStatus
    lora_app.o(i.LoRa_ReceData) refers to stm32f10x_usart.o(i.USART_SendData) for USART_SendData
    lora_app.o(i.LoRa_ReceData) refers to lora_ui.o(i.lora_at_response) for lora_at_response
    lora_app.o(i.LoRa_ReceData) refers to rt_memclr.o(.text) for __aeabi_memclr
    lora_app.o(i.LoRa_ReceData) refers to usart.o(.data) for USART3_RX_STA
    lora_app.o(i.LoRa_ReceData) refers to usart.o(.bss) for USART3_RX_BUF
    lora_app.o(i.LoRa_ReceData) refers to lora_app.o(.data) for LoRa_CFG
    lora_app.o(i.LoRa_SendData) refers to _printf_percent.o(.ARM.Collect$$_printf_percent$$00000000) for _printf_percent
    lora_app.o(i.LoRa_SendData) refers to _printf_s.o(.ARM.Collect$$_printf_percent$$00000014) for _printf_s
    lora_app.o(i.LoRa_SendData) refers to _printf_str.o(.text) for _printf_str
    lora_app.o(i.LoRa_SendData) refers to _printf_x.o(.ARM.Collect$$_printf_percent$$0000000C) for _printf_x
    lora_app.o(i.LoRa_SendData) refers to _printf_hex_int_ll_ptr.o(.text) for _printf_longlong_hex
    lora_app.o(i.LoRa_SendData) refers to __2sprintf.o(.text) for __2sprintf
    lora_app.o(i.LoRa_SendData) refers to usart.o(i.u3_printf) for u3_printf
    lora_app.o(i.LoRa_SendData) refers to __2printf.o(.text) for __2printf
    lora_app.o(i.LoRa_SendData) refers to stm32f10x_usart.o(i.USART_GetFlagStatus) for USART_GetFlagStatus
    lora_app.o(i.LoRa_SendData) refers to stm32f10x_usart.o(i.USART_SendData) for USART_SendData
    lora_app.o(i.LoRa_SendData) refers to lora_app.o(.data) for Lora_mode
    lora_app.o(i.LoRa_SendData) refers to lora_app.o(.bss) for Tran_Data
    lora_app.o(i.LoRa_Set) refers to _printf_pad.o(.text) for _printf_pre_padding
    lora_app.o(i.LoRa_Set) refers to _printf_percent.o(.ARM.Collect$$_printf_percent$$00000000) for _printf_percent
    lora_app.o(i.LoRa_Set) refers to _printf_x.o(.ARM.Collect$$_printf_percent$$0000000C) for _printf_x
    lora_app.o(i.LoRa_Set) refers to _printf_hex_int_ll_ptr.o(.text) for _printf_longlong_hex
    lora_app.o(i.LoRa_Set) refers to _printf_d.o(.ARM.Collect$$_printf_percent$$00000009) for _printf_d
    lora_app.o(i.LoRa_Set) refers to _printf_dec.o(.text) for _printf_int_dec
    lora_app.o(i.LoRa_Set) refers to usart.o(i.setUsartParam) for setUsartParam
    lora_app.o(i.LoRa_Set) refers to usart.o(i.setUsartMod) for setUsartMod
    lora_app.o(i.LoRa_Set) refers to delay.o(i.DWT_Delay_us) for DWT_Delay_us
    lora_app.o(i.LoRa_Set) refers to __2sprintf.o(.text) for __2sprintf
    lora_app.o(i.LoRa_Set) refers to lora_ui.o(i.lora_send_cmd) for lora_send_cmd
    lora_app.o(i.LoRa_Set) refers to lora_app.o(i.Aux_Int) for Aux_Int
    lora_app.o(i.LoRa_Set) refers to lora_app.o(.data) for usart3Param
    lora_app.o(i.LoRa_Set) refers to usart.o(.data) for USART3_RX_STA
    lora_app.o(i.USER_GetSteeringEngineJsonValue) refers to _printf_percent.o(.ARM.Collect$$_printf_percent$$00000000) for _printf_percent
    lora_app.o(i.USER_GetSteeringEngineJsonValue) refers to _printf_s.o(.ARM.Collect$$_printf_percent$$00000014) for _printf_s
    lora_app.o(i.USER_GetSteeringEngineJsonValue) refers to _printf_str.o(.text) for _printf_str
[...]
    i.setUsartParam                          0x08003938   Section        0  usart.o(i.setUsartParam)
    i.sysInit                                0x080039f4   Section        0  config.o(i.sysInit)
    i.sysWork                                0x08003a28   Section        0  config.o(i.sysWork)
    i.timInit                                0x08003a2a   Section        0  time.o(i.timInit)
    i.u3_printf                              0x08003a68   Section        0  usart.o(i.u3_printf)
    i.usartInit                              0x08003ab8   Section        0  usart.o(i.usartInit)
    i.uxListRemove                           0x08003b2a   Section        0  list.o(i.uxListRemove)
    i.vListInitialise                        0x08003b52   Section        0  list.o(i.vListInitialise)
    i.vListInitialiseItem                    0x08003b6c   Section        0  list.o(i.vListInitialiseItem)
    i.vListInsert                            0x08003b72   Section        0  list.o(i.vListInsert)
    i.vListInsertEnd                         0x08003ba6   Section        0  list.o(i.vListInsertEnd)
    i.vPortEnterCritical                     0x08003bc0   Section        0  port.o(i.vPortEnterCritical)
    i.vPortExitCritical                      0x08003be4   Section        0  port.o(i.vPortExitCritical)
    i.vPortFree                              0x08003c04   Section        0  heap_4.o(i.vPortFree)
    i.vPortSetupTimerInterrupt               0x08003c50   Section        0  port.o(i.vPortSetupTimerInterrupt)
    i.vQueueWaitForMessageRestricted         0x08003c68   Section        0  queue.o(i.vQueueWaitForMessageRestricted)
    i.vTaskDelay                             0x08003cb4   Section        0  tasks.o(i.vTaskDelay)
    i.vTaskDelete                            0x08003ce8   Section        0  tasks.o(i.vTaskDelete)
    i.vTaskInternalSetTimeOutState           0x08003dbc   Section        0  tasks.o(i.vTaskInternalSetTimeOutState)
    i.vTaskMissedYield                       0x08003dd4   Section        0  tasks.o(i.vTaskMissedYield)
    i.vTaskPlaceOnEventList                  0x08003de0   Section        0  tasks.o(i.vTaskPlaceOnEventList)
    i.vTaskPlaceOnEventListRestricted        0x08003e00   Section        0  tasks.o(i.vTaskPlaceOnEventListRestricted)
    i.vTaskStartScheduler                    0x08003e4c   Section        0  tasks.o(i.vTaskStartScheduler)
    i.vTaskSuspendAll                        0x08003ec4   Section        0  tasks.o(i.vTaskSuspendAll)
    i.vTaskSwitchContext                     0x08003ed4   Section        0  tasks.o(i.vTaskSwitchContext)
    i.xPortStartScheduler                    0x08003f34   Section        0  port.o(i.xPortStartScheduler)
    i.xQueueGenericCreate                    0x08003f68   Section        0  queue.o(i.xQueueGenericCreate)
    i.xQueueGenericReset                     0x08003fb4   Section        0  queue.o(i.xQueueGenericReset)
    i.xQueueReceive                          0x08004054   Section        0  queue.o(i.xQueueReceive)
    i.xTaskCheckForTimeOut                   0x08004158   Section        0  tasks.o(i.xTaskCheckForTimeOut)
    i.xTaskCreate                            0x080041b8   Section        0  tasks.o(i.xTaskCreate)
    i.xTaskGetTickCount                      0x08004220   Section        0  tasks.o(i.xTaskGetTickCount)
    i.xTaskIncrementTick                     0x0800422c   Section        0  tasks.o(i.xTaskIncrementTick)
    i.xTaskRemoveFromEventList               0x080043bc   Section        0  tasks.o(i.xTaskRemoveFromEventList)
    i.xTaskResumeAll                         0x080044c4   Section        0  tasks.o(i.xTaskResumeAll)
    i.xTimerCreateTimerTask                  0x08004620   Section        0  timers.o(i.xTimerCreateTimerTask)
    locale$$code                             0x0800465c   Section       44  lc_numeric_c.o(locale$$code)
    locale$$code                             0x08004688   Section       44  lc_ctype_c.o(locale$$code)
    x$fpl$printf1                            0x080046b4   Section        4  printf1.o(x$fpl$printf1)
    x$fpl$printf2                            0x080046b8   Section        4  printf2.o(x$fpl$printf2)
    .constdata                               0x080046bc   Section       40  config.o(.constdata)
    x$fpl$usenofp                            0x080046bc   Section        0  usenofp.o(x$fpl$usenofp)
    .constdata                               0x080046e4   Section       40  _printf_hex_int_ll_ptr.o(.constdata)
    uc_hextab                                0x080046e4   Data          20  _printf_hex_int_ll_ptr.o(.constdata)
    lc_hextab                                0x080046f8   Data          20  _printf_hex_int_ll_ptr.o(.constdata)
    .constdata                               0x0800470c   Section       17  __printf_flags_ss_wp.o(.constdata)
    maptable                                 0x0800470c   Data          17  __printf_flags_ss_wp.o(.constdata)
    .constdata                               0x08004720   Section        8  _printf_wctomb.o(.constdata)
    initial_mbstate                          0x08004720   Data           8  _printf_wctomb.o(.constdata)
    .constdata                               0x08004728   Section       38  _printf_fp_hex.o(.constdata)
    lc_hextab                                0x08004728   Data          19  _printf_fp_hex.o(.constdata)
    uc_hextab                                0x0800473b   Data          19  _printf_fp_hex.o(.constdata)
    .constdata                               0x08004750   Section      148  bigflt0.o(.constdata)
    tenpwrs_x                                0x08004750   Data          60  bigflt0.o(.constdata)
    tenpwrs_i                                0x0800478c   Data          64  bigflt0.o(.constdata)
    locale$$data                             0x08004804   Section       28  lc_numeric_c.o(locale$$data)
    __lcnum_c_name                           0x08004808   Data           2  lc_numeric_c.o(locale$$data)
    __lcnum_c_start                          0x08004810   Data           0  lc_numeric_c.o(locale$$data)
    __lcnum_c_point                          0x0800481c   Data           0  lc_numeric_c.o(locale$$data)
    __lcnum_c_thousands                      0x0800481e   Data           0  lc_numeric_c.o(locale$$data)
    __lcnum_c_grouping                       0x0800481f   Data           0  lc_numeric_c.o(locale$$data)
    locale$$data                             0x08004820   Section      272  lc_ctype_c.o(locale$$data)
    __lcnum_c_end                            0x08004820   Data           0  lc_numeric_c.o(locale$$data)
    __lcctype_c_name                         0x08004824   Data           2  lc_ctype_c.o(locale$$data)
    __lcctype_c_start                        0x0800482c   Data           0  lc_ctype_c.o(locale$$data)
    __lcctype_c_end                          0x08004930   Data           0  lc_ctype_c.o(locale$$data)
    .data                                    0x20000000   Section        8  led.o(.data)
    .data                                    0x20000008   Section      102  lora_app.o(.data)
    Int_mode                                 0x2000006d   Data           1  lora_app.o(.data)
    .data                                    0x2000006e   Section        2  time.o(.data)
    .data                                    0x20000070   Section       12  usart.o(.data)
    bound                                    0x20000078   Data           4  usart.o(.data)
    .data                                    0x2000007c   Section       64  tasks.o(.data)
    pxDelayedTaskList                        0x20000080   Data           4  tasks.o(.data)
    pxOverflowDelayedTaskList                0x20000084   Data           4  tasks.o(.data)
    uxDeletedTasksWaitingCleanUp             0x20000088   Data           4  tasks.o(.data)
    uxCurrentNumberOfTasks                   0x2000008c   Data           4  tasks.o(.data)
    xTickCount                               0x20000090   Data           4  tasks.o(.data)
    uxTopReadyPriority                       0x20000094   Data           4  tasks.o(.data)
    xSchedulerRunning                        0x20000098   Data           4  tasks.o(.data)
    xPendedTicks                             0x2000009c   Data           4  tasks.o(.data)
    xYieldPending                            0x200000a0   Data           4  tasks.o(.data)
    xNumOfOverflows                          0x200000a4   Data           4  tasks.o(.data)
    uxTaskNumber                             0x200000a8   Data           4  tasks.o(.data)
    xNextTaskUnblockTime                     0x200000ac   Data           4  tasks.o(.data)
    xIdleTaskHandle                          0x200000b0   Data           4  tasks.o(.data)
    uxSchedulerSuspended                     0x200000b8   Data           4  tasks.o(.data)
    .data                                    0x200000bc   Section       20  timers.o(.data)
    pxCurrentTimerList                       0x200000bc   Data           4  timers.o(.data)
    pxOverflowTimerList                      0x200000c0   Data           4  timers.o(.data)
    xTimerQueue                              0x200000c4   Data           4  timers.o(.data)
    xTimerTaskHandle                         0x200000c8   Data           4  timers.o(.data)
    xLastTime                                0x200000cc   Data           4  timers.o(.data)
    .data                                    0x200000d0   Section        4  port.o(.data)
    uxCriticalNesting                        0x200000d0   Data           4  port.o(.data)
    .data                                    0x200000d4   Section       28  heap_4.o(.data)
    xStart                                   0x200000d4   Data           8  heap_4.o(.data)
    pxEnd                                    0x200000dc   Data           4  heap_4.o(.data)
    xFreeBytesRemaining                      0x200000e0   Data           4  heap_4.o(.data)
    xMinimumEverFreeBytesRemaining           0x200000e4   Data           4  heap_4.o(.data)
    xNumberOfSuccessfulAllocations           0x200000e8   Data           4  heap_4.o(.data)
    xNumberOfSuccessfulFrees                 0x200000ec   Data           4  heap_4.o(.data)
    .data                                    0x200000f0   Section       20  stm32f10x_rcc.o(.data)
    APBAHBPrescTable                         0x200000f0   Data          16  stm32f10x_rcc.o(.data)
    ADCPrescTable                            0x20000100   Data           4  stm32f10x_rcc.o(.data)
    .bss                                     0x20000104   Section     1634  usart.o(.bss)
    .bss                                     0x20000768   Section       80  config.o(.bss)
    .bss                                     0x200007b8   Section      420  tasks.o(.bss)
    pxReadyTasksLists                        0x200007b8   Data         320  tasks.o(.bss)
    xDelayedTaskList1                        0x200008f8   Data          20  tasks.o(.bss)
    xDelayedTaskList2                        0x2000090c   Data          20  tasks.o(.bss)
    xPendingReadyList                        0x20000920   Data          20  tasks.o(.bss)
    xTasksWaitingTermination                 0x20000934   Data          20  tasks.o(.bss)
    xSuspendedTaskList                       0x20000948   Data          20  tasks.o(.bss)
    .bss                                     0x2000095c   Section       40  timers.o(.bss)
    xActiveTimerList1                        0x2000095c   Data          20  timers.o(.bss)
    xActiveTimerList2                        0x20000970   Data          20  timers.o(.bss)
    .bss                                     0x20000984   Section    10240  heap_4.o(.bss)
    ucHeap                                   0x20000984   Data       10240  heap_4.o(.bss)
    .bss                                     0x20003184   Section       96  libspace.o(.bss)
    HEAP                                     0x200031e8   Section      512  startup_stm32f10x_hd.o(HEAP)
    Heap_Mem                                 0x200031e8   Data         512  startup_stm32f10x_hd.o(HEAP)
    STACK                                    0x200033e8   Section     1024  startup_stm32f10x_hd.o(STACK)
    Stack_Mem                                0x200033e8   Data        1024  startup_stm32f10x_hd.o(STACK)
    __initial_sp                             0x200037e8   Data           0  startup_stm32f10x_hd.o(STACK)

    Global Symbols

    Symbol Name                              Value     Ov Type        Size  Object(Section)

    BuildAttributes$$THM_ISAv4$P$D$K$B$S$PE$A:L22UL41UL21$X:L11$S22US41US21$IEEE1$IW$USESV6$~STKCKD$USESV7$~SHL$OTIME$ROPI$IEEEJ$EBA8$UX$STANDARDLIB$REQ8$PRES8$EABIv2 0x00000000   Number         0  anon$$obj.o ABSOLUTE
    __ARM_use_no_argv                        0x00000000   Number         0  main.o ABSOLUTE
    _printf_flags                            0x00000000   Number         0  printf_stubs.o ABSOLUTE
    _printf_return_value                     0x00000000   Number         0  printf_stubs.o ABSOLUTE
    _printf_sizespec                         0x00000000   Number         0  printf_stubs.o ABSOLUTE
    _printf_widthprec                        0x00000000   Number         0  printf_stubs.o ABSOLUTE
    __ARM_exceptions_init                     - Undefined Weak Reference
    __alloca_initialize                       - Undefined Weak Reference
    __arm_preinit_                            - Undefined Weak Reference
    __cpp_initialize__aeabi_                  - Undefined Weak Reference
    __cxa_finalize                            - Undefined Weak Reference
    __sigvec_lookup                           - Undefined Weak Reference
    _atexit_init                              - Undefined Weak Reference
    _call_atexit_fns                          - Undefined Weak Reference
    _clock_init                               - Undefined Weak Reference
    _fp_trap_init                             - Undefined Weak Reference
    _fp_trap_shutdown                         - Undefined Weak Reference
    _get_lc_collate                           - Undefined Weak Reference
    _get_lc_monetary                          - Undefined Weak Reference
    _get_lc_time                              - Undefined Weak Reference
    _getenv_init                              - Undefined Weak Reference
    _handle_redirection                       - Undefined Weak Reference
    _init_alloc                               - Undefined Weak Reference
    _init_user_alloc                          - Undefined Weak Reference
    _initio                                   - Undefined Weak Reference
    _mutex_acquire                            - Undefined Weak Reference
    _mutex_release                            - Undefined Weak Reference
    _printf_mbtowc                            - Undefined Weak Reference
    _printf_wc                                - Undefined Weak Reference
    _rand_init                                - Undefined Weak Reference
    _signal_finish                            - Undefined Weak Reference
    _signal_init                              - Undefined Weak Reference
    _terminate_alloc                          - Undefined Weak Reference
    _terminate_user_alloc                     - Undefined Weak Reference
    _terminateio                              - Undefined Weak Reference
    __Vectors_Size                           0x00000130   Number         0  startup_stm32f10x_hd.o ABSOLUTE
    __Vectors                                0x08000000   Data           4  startup_stm32f10x_hd.o(RESET)
    __Vectors_End                            0x08000130   Data           0  startup_stm32f10x_hd.o(RESET)
    __main                                   0x08000131   Thumb Code     8  __main.o(!!!main)
    __scatterload                            0x08000139   Thumb Code     0  __scatter.o(!!!scatter)
    __scatterload_rt2                        0x08000139   Thumb Code    44  __scatter.o(!!!scatter)
    __scatterload_rt2_thumb_only             0x08000139   Thumb Code     0  __scatter.o(!!!scatter)
    __scatterload_null                       0x08000147   Thumb Code     0  __scatter.o(!!!scatter)
    __scatterload_copy                       0x0800016d   Thumb Code    26  __scatter_copy.o(!!handler_copy)
    __scatterload_zeroinit                   0x08000189   Thumb Code    28  __scatter_zi.o(!!handler_zi)
    _printf_n                                0x080001a5   Thumb Code     0  _printf_n.o(.ARM.Collect$$_printf_percent$$00000001)
    _printf_percent                          0x080001a5   Thumb Code     0  _printf_percent.o(.ARM.Collect$$_printf_percent$$00000000)
    _printf_p                                0x080001ab   Thumb Code     0  _printf_p.o(.ARM.Collect$$_printf_percent$$00000002)
    _printf_f                                0x080001b1   Thumb Code     0  _printf_f.o(.ARM.Collect$$_printf_percent$$00000003)
    _printf_e                                0x080001b7   Thumb Code     0  _printf_e.o(.ARM.Collect$$_printf_percent$$00000004)
    _printf_g                                0x080001bd   Thumb Code     0  _printf_g.o(.ARM.Collect$$_printf_percent$$00000005)
    _printf_a                                0x080001c3   Thumb Code     0  _printf_a.o(.ARM.Collect$$_printf_percent$$00000006)
    _printf_ll                               0x080001c9   Thumb Code     0  _printf_ll.o(.ARM.Collect$$_printf_percent$$00000007)
    _printf_i                                0x080001d3   Thumb Code     0  _printf_i.o(.ARM.Collect$$_printf_percent$$00000008)
    _printf_d                                0x080001d9   Thumb Code     0  _printf_d.o(.ARM.Collect$$_printf_percent$$00000009)
    _printf_u                                0x080001df   Thumb Code     0  _printf_u.o(.ARM.Collect$$_printf_percent$$0000000A)
    _printf_o                                0x080001e5   Thumb Code     0  _printf_o.o(.ARM.Collect$$_printf_percent$$0000000B)
    _printf_x                                0x080001eb   Thumb Code     0  _printf_x.o(.ARM.Collect$$_printf_percent$$0000000C)
    _printf_lli                              0x080001f1   Thumb Code     0  _printf_lli.o(.ARM.Collect$$_printf_percent$$0000000D)
    _printf_lld                              0x080001f7   Thumb Code     0  _printf_lld.o(.ARM.Collect$$_printf_percent$$0000000E)
    _printf_llu                              0x080001fd   Thumb Code     0  _printf_llu.o(.ARM.Collect$$_printf_percent$$0000000F)
    _printf_llo                              0x08000203   Thumb Code     0  _printf_llo.o(.ARM.Collect$$_printf_percent$$00000010)
    _printf_llx                              0x08000209   Thumb Code     0  _printf_llx.o(.ARM.Collect$$_printf_percent$$00000011)
    _printf_l                                0x0800020f   Thumb Code     0  _printf_l.o(.ARM.Collect$$_printf_percent$$00000012)
    _printf_c                                0x08000219   Thumb Code     0  _printf_c.o(.ARM.Collect$$_printf_percent$$00000013)
    _printf_s                                0x0800021f   Thumb Code     0  _printf_s.o(.ARM.Collect$$_printf_percent$$00000014)
    _printf_lc                               0x08000225   Thumb Code     0  _printf_lc.o(.ARM.Collect$$_printf_percent$$00000015)
    _printf_ls                               0x0800022b   Thumb Code     0  _printf_ls.o(.ARM.Collect$$_printf_percent$$00000016)
    _printf_percent_end                      0x08000231   Thumb Code     0  _printf_percent_end.o(.ARM.Collect$$_printf_percent$$00000017)
    __rt_lib_init                            0x08000235   Thumb Code     0  libinit.o(.ARM.Collect$$libinit$$00000000)
    __rt_lib_init_fp_1                       0x08000237   Thumb Code     0  libinit2.o(.ARM.Collect$$libinit$$00000002)
    __rt_lib_init_heap_1                     0x08000237   Thumb Code     0  libinit2.o(.ARM.Collect$$libinit$$0000000A)
    __rt_lib_init_lc_common                  0x08000237   Thumb Code     0  libinit2.o(.ARM.Collect$$libinit$$0000000F)
    __rt_lib_init_preinit_1                  0x08000237   Thumb Code     0  libinit2.o(.ARM.Collect$$libinit$$00000004)
    __rt_lib_init_rand_1                     0x08000237   Thumb Code     0  libinit2.o(.ARM.Collect$$libinit$$0000000E)
    __rt_lib_init_user_alloc_1               0x08000237   Thumb Code     0  libinit2.o(.ARM.Collect$$libinit$$0000000C)
    __rt_lib_init_lc_collate_1               0x0800023d   Thumb Code     0  libinit2.o(.ARM.Collect$$libinit$$00000011)
    __rt_lib_init_lc_ctype_2                 0x0800023d   Thumb Code     0  libinit2.o(.ARM.Collect$$libinit$$00000012)
    __rt_lib_init_lc_ctype_1                 0x08000249   Thumb Code     0  libinit2.o(.ARM.Collect$$libinit$$00000013)
    __rt_lib_init_lc_monetary_1              0x08000249   Thumb Code     0  libinit2.o(.ARM.Collect$$libinit$$00000015)
    __rt_lib_init_lc_numeric_2               0x08000249   Thumb Code     0  libinit2.o(.ARM.Collect$$libinit$$00000016)
    __rt_lib_init_alloca_1                   0x08000253   Thumb Code     0  libinit2.o(.ARM.Collect$$libinit$$0000002E)
    __rt_lib_init_argv_1                     0x08000253   Thumb Code     0  libinit2.o(.ARM.Collect$$libinit$$0000002C)
    __rt_lib_init_atexit_1                   0x08000253   Thumb Code     0  libinit2.o(.ARM.Collect$$libinit$$0000001B)
    __rt_lib_init_clock_1                    0x08000253   Thumb Code     0  libinit2.o(.ARM.Collect$$libinit$$00000021)
    __rt_lib_init_cpp_1                      0x08000253   Thumb Code     0  libinit2.o(.ARM.Collect$$libinit$$00000032)
    __rt_lib_init_exceptions_1               0x08000253   Thumb Code     0  libinit2.o(.ARM.Collect$$libinit$$00000030)
    __rt_lib_init_fp_trap_1                  0x08000253   Thumb Code     0  libinit2.o(.ARM.Collect$$libinit$$0000001F)
    __rt_lib_init_getenv_1                   0x08000253   Thumb Code     0  libinit2.o(.ARM.Collect$$libinit$$00000023)
    __rt_lib_init_lc_numeric_1               0x08000253   Thumb Code     0  libinit2.o(.ARM.Collect$$libinit$$00000017)
    __rt_lib_init_lc_time_1                  0x08000253   Thumb Code     0  libinit2.o(.ARM.Collect$$libinit$$00000019)
    __rt_lib_init_return                     0x08000253   Thumb Code     0  libinit2.o(.ARM.Collect$$libinit$$00000033)
    __rt_lib_init_signal_1                   0x08000253   Thumb Code     0  libinit2.o(.ARM.Collect$$libinit$$0000001D)
    __rt_lib_init_stdio_1                    0x08000253   Thumb Code     0  libinit2.o(.ARM.Collect$$libinit$$00000025)
    __rt_lib_shutdown                        0x08000255   Thumb Code     0  libshutdown.o(.ARM.Collect$$libshutdown$$00000000)
    __rt_lib_shutdown_cpp_1                  0x08000257   Thumb Code     0  libshutdown2.o(.ARM.Collect$$libshutdown$$00000002)
    __rt_lib_shutdown_fp_trap_1              0x08000257   Thumb Code     0  libshutdown2.o(.ARM.Collect$$libshutdown$$00000007)
    __rt_lib_shutdown_heap_1                 0x08000257   Thumb Code     0  libshutdown2.o(.ARM.Collect$$libshutdown$$0000000F)
    __rt_lib_shutdown_return                 0x08000257   Thumb Code     0  libshutdown2.o(.ARM.Collect$$libshutdown$$00000010)
    __rt_lib_shutdown_signal_1               0x08000257   Thumb Code     0  libshutdown2.o(.ARM.Collect$$libshutdown$$0000000A)
    __rt_lib_shutdown_stdio_1                0x08000257   Thumb Code     0  libshutdown2.o(.ARM.Collect$$libshutdown$$00000004)
    __rt_lib_shutdown_user_alloc_1           0x08000257   Thumb Code     0  libshutdown2.o(.ARM.Collect$$libshutdown$$0000000C)
    __rt_entry                               0x08000259   Thumb Code     0  __rtentry.o(.ARM.Collect$$rtentry$$00000000)
    __rt_entry_presh_1                       0x08000259   Thumb Code     0  __rtentry2.o(.ARM.Collect$$rtentry$$00000002)
    __rt_entry_sh                            0x08000259   Thumb Code     0  __rtentry4.o(.ARM.Collect$$rtentry$$00000004)
    __rt_entry_li                            0x0800025f   Thumb Code     0  __rtentry2.o(.ARM.Collect$$rtentry$$0000000A)
    __rt_entry_postsh_1                      0x0800025f   Thumb Code     0  __rtentry2.o(.ARM.Collect$$rtentry$$00000009)
    __rt_entry_main                          0x08000263   Thumb Code     0  __rtentry2.o(.ARM.Collect$$rtentry$$0000000D)
    __rt_entry_postli_1                      0x08000263   Thumb Code     0  __rtentry2.o(.ARM.Collect$$rtentry$$0000000C)
    __rt_exit                                0x0800026b   Thumb Code     0  rtexit.o(.ARM.Collect$$rtexit$$00000000)
    __rt_exit_ls                             0x0800026d   Thumb Code     0  rtexit2.o(.ARM.Collect$$rtexit$$00000003)
    __rt_exit_prels_1                        0x0800026d   Thumb Code     0  rtexit2.o(.ARM.Collect$$rtexit$$00000002)
    __rt_exit_exit                           0x08000271   Thumb Code     0  rtexit2.o(.ARM.Collect$$rtexit$$00000004)
    SVC_Handler                              0x08000279   Thumb Code    32  port.o(.emb_text)
    __asm___6_port_c_39a90d8d__prvStartFirstTask 0x0800029d   Thumb Code    28  port.o(.emb_text)
    PendSV_Handler                           0x080002bd   Thumb Code    72  port.o(.emb_text)
    vPortGetIPSR                             0x08000309   Thumb Code     6  port.o(.emb_text)
    Reset_Handler                            0x08000311   Thumb Code     8  startup_stm32f10x_hd.o(.text)
    ADC1_2_IRQHandler                        0x0800032b   Thumb Code     0  startup_stm32f10x_hd.o(.text)
    ADC3_IRQHandler                          0x0800032b   Thumb Code     0  startup_stm32f10x_hd.o(.text)
    CAN1_RX1_IRQHandler                      0x0800032b   Thumb Code     0  startup_stm32f10x_hd.o(.text)
    CAN1_SCE_IRQHandler                      0x0800032b   Thumb Code     0  startup_stm32f10x_hd.o(.text)
    DMA1_Channel1_IRQHandler                 0x0800032b   Thumb Code     0  startup_stm32f10x_hd.o(.text)
    DMA1_Channel2_IRQHandler                 0x0800032b   Thumb Code     0  startup_stm32f10x_hd.o(.text)
    DMA1_Channel3_IRQHandler                 0x0800032b   Thumb Code     0  startup_stm32f10x_hd.o(.text)
    DMA1_Channel4_IRQHandler                 0x0800032b   Thumb Code     0  startup_stm32f10x_hd.o(.text)
    DMA1_Channel5_IRQHandler                 0x0800032b   Thumb Code     0  startup_stm32f10x_hd.o(.text)
    DMA1_Channel6_IRQHandler                 0x0800032b   Thumb Code     0  startup_stm32f10x_hd.o(.text)
    DMA1_Channel7_IRQHandler                 0x0800032b   Thumb Code     0  startup_stm32f10x_hd.o(.text)
    DMA2_Channel1_IRQHandler                 0x0800032b   Thumb Code     0  startup_stm32f10x_hd.o(.text)
    DMA2_Channel2_IRQHandler                 0x0800032b   Thumb Code     0  startup_stm32f10x_hd.o(.text)
    DMA2_Channel3_IRQHandler                 0x0800032b   Thumb Code     0  startup_stm32f10x_hd.o(.text)
    DMA2_Channel4_5_IRQHandler               0x0800032b   Thumb Code     0  startup_stm32f10x_hd.o(.text)
    EXTI0_IRQHandler                         0x0800032b   Thumb Code     0  startup_stm32f10x_hd.o(.text)
    EXTI15_10_IRQHandler                     0x0800032b   Thumb Code     0  startup_stm32f10x_hd.o(.text)
    EXTI1_IRQHandler                         0x0800032b   Thumb Code     0  startup_stm32f10x_hd.o(.text)
    EXTI2_IRQHandler                         0x0800032b   Thumb Code     0  startup_stm32f10x_hd.o(.text)
    EXTI3_IRQHandler                         0x0800032b   Thumb Code     0  startup_stm32f10x_hd.o(.text)
    EXTI9_5_IRQHandler                       0x0800032b   Thumb Code     0  startup_stm32f10x_hd.o(.text)
    FLASH_IRQHandler                         0x0800032b   Thumb Code     0  startup_stm32f10x_hd.o(.text)
    FSMC_IRQHandler                          0x0800032b   Thumb Code     0  startup_stm32f10x_hd.o(.text)
    I2C1_ER_IRQHandler                       0x0800032b   Thumb Code     0  startup_stm32f10x_hd.o(.text)
    I2C1_EV_IRQHandler                       0x0800032b   Thumb Code     0  startup_stm32f10x_hd.o(.text)
    I2C2_ER_IRQHandler                       0x0800032b   Thumb Code     0  startup_stm32f10x_hd.o(.text)
    I2C2_EV_IRQHandler                       0x0800032b   Thumb Code     0  startup_stm32f10x_hd.o(.text)
    PVD_IRQHandler                           0x0800032b   Thumb Code     0  startup_stm32f10x_hd.o(.text)
    RCC_IRQHandler                           0x0800032b   Thumb Code     0  startup_stm32f10x_hd.o(.text)
    RTCAlarm_IRQHandler                      0x0800032b   Thumb Code     0  startup_stm32f10x_hd.o(.text)
    RTC_IRQHandler                           0x0800032b   Thumb Code     0  startup_stm32f10x_hd.o(.text)
    SDIO_IRQHandler                          0x0800032b   Thumb Code     0  startup_stm32f10x_hd.o(.text)
    SPI1_IRQHandler                          0x0800032b   Thumb Code     0  startup_stm32f10x_hd.o(.text)
    SPI2_IRQHandler                          0x0800032b   Thumb Code     0  startup_stm32f10x_hd.o(.text)
    SPI3_IRQHandler                          0x0800032b   Thumb Code     0  startup_stm32f10x_hd.o(.text)
    TAMPER_IRQHandler                        0x0800032b   Thumb Code     0  startup_stm32f10x_hd.o(.text)
    TIM1_BRK_IRQHandler                      0x0800032b   Thumb Code     0  startup_stm32f10x_hd.o(.text)
    TIM1_CC_IRQHandler                       0x0800032b   Thumb Code     0  startup_stm32f10x_hd.o(.text)
    TIM1_TRG_COM_IRQHandler                  0x0800032b   Thumb Code     0  startup_stm32f10x_hd.o(.text)
    TIM1_UP_IRQHandler                       0x0800032b   Thumb Code     0  startup_stm32f10x_hd.o(.text)
    TIM4_IRQHandler                          0x0800032b   Thumb Code     0  startup_stm32f10x_hd.o(.text)
    TIM5_IRQHandler                          0x0800032b   Thumb Code     0  startup_stm32f10x_hd.o(.text)
    TIM6_IRQHandler                          0x0800032b   Thumb Code     0  startup_stm32f10x_hd.o(.text)
    TIM7_IRQHandler                          0x0800032b   Thumb Code     0  startup_stm32f10x_hd.o(.text)
    TIM8_BRK_IRQHandler                      0x0800032b   Thumb Code     0  startup_stm32f10x_hd.o(.text)
    TIM8_CC_IRQHandler                       0x0800032b   Thumb Code     0  startup_stm32f10x_hd.o(.text)
    TIM8_TRG_COM_IRQHandler                  0x0800032b   Thumb Code     0  startup_stm32f10x_hd.o(.text)
    TIM8_UP_IRQHandler                       0x0800032b   Thumb Code     0  startup_stm32f10x_hd.o(.text)
    UART4_IRQHandler                         0x0800032b   Thumb Code     0  startup_stm32f10x_hd.o(.text)
    UART5_IRQHandler                         0x0800032b   Thumb Code     0  startup_stm32f10x_hd.o(.text)
    USART2_IRQHandler                        0x0800032b   Thumb Code     0  startup_stm32f10x_hd.o(.text)
    USBWakeUp_IRQHandler                     0x0800032b   Thumb Code     0  startup_stm32f10x_hd.o(.text)
    USB_HP_CAN1_TX_IRQHandler                0x0800032b   Thumb Code     0  startup_stm32f10x_hd.o(.text)
    USB_LP_CAN1_RX0_IRQHandler               0x0800032b   Thumb Code     0  startup_stm32f10x_hd.o(.text)
    WWDG_IRQHandler                          0x0800032b   Thumb Code     0  startup_stm32f10x_hd.o(.text)
    __user_initial_stackheap                 0x0800032d   Thumb Code     0  startup_stm32f10x_hd.o(.text)
    vsprintf                                 0x08000351   Thumb Code    32  vsprintf.o(.text)
    __2printf                                0x08000375   Thumb Code    20  __2printf.o(.text)
    __2sprintf                               0x0800038d   Thumb Code    38  __2sprintf.o(.text)
    _printf_pre_padding                      0x080003b9   Thumb Code    44  _printf_pad.o(.text)
    _printf_post_padding                     0x080003e5   Thumb Code    34  _printf_pad.o(.text)
    _printf_str                              0x08000407   Thumb Code    82  _printf_str.o(.text)
    _printf_int_dec                          0x08000459   Thumb Code   104  _printf_dec.o(.text)
    _printf_longlong_hex                     0x080004d1   Thumb Code    86  _printf_hex_int_ll_ptr.o(.text)
    _printf_int_hex                          0x08000527   Thumb Code    28  _printf_hex_int_ll_ptr.o(.text)
    _printf_ll_hex                           0x08000543   Thumb Code    12  _printf_hex_int_ll_ptr.o(.text)
    _printf_hex_ptr                          0x0800054f   Thumb Code    18  _printf_hex_int_ll_ptr.o(.text)
    __printf                                 0x08000565   Thumb Code   388  __printf_flags_ss_wp.o(.text)
    strstr                                   0x080006ed   Thumb Code    36  strstr.o(.text)
    strlen                                   0x08000711   Thumb Code    62  strlen.o(.text)
    __aeabi_memcpy                           0x0800074f   Thumb Code     0  rt_memcpy_v6.o(.text)
    __rt_memcpy                              0x0800074f   Thumb Code   138  rt_memcpy_v6.o(.text)
    _memcpy_lastbytes                        0x080007b5   Thumb Code     0  rt_memcpy_v6.o(.text)
    __aeabi_memcpy4                          0x080007d9   Thumb Code     0  rt_memcpy_w.o(.text)
    __aeabi_memcpy8                          0x080007d9   Thumb Code     0  rt_memcpy_w.o(.text)
    __rt_memcpy_w                            0x080007d9   Thumb Code   100  rt_memcpy_w.o(.text)
    _memcpy_lastbytes_aligned                0x08000821   Thumb Code     0  rt_memcpy_w.o(.text)
    __aeabi_memset                           0x0800083d   Thumb Code    16  aeabi_memset.o(.text)
    __aeabi_memclr                           0x0800084d   Thumb Code     0  rt_memclr.o(.text)
    __rt_memclr                              0x0800084d   Thumb Code    68  rt_memclr.o(.text)
    _memset                                  0x08000851   Thumb Code     0  rt_memclr.o(.text)
    __aeabi_memclr4                          0x08000891   Thumb Code     0  rt_memclr_w.o(.text)
    __aeabi_memclr8                          0x08000891   Thumb Code     0  rt_memclr_w.o(.text)
    __rt_memclr_w                            0x08000891   Thumb Code    78  rt_memclr_w.o(.text)
    _memset_w                                0x08000895   Thumb Code     0  rt_memclr_w.o(.text)
    __use_two_region_memory                  0x080008df   Thumb Code     2  heapauxi.o(.text)
    __rt_heap_escrow$2region                 0x080008e1   Thumb Code     2  heapauxi.o(.text)
    __rt_heap_expand$2region                 0x080008e3   Thumb Code     2  heapauxi.o(.text)
    _printf_truncate_signed                  0x080008e5   Thumb Code    18  _printf_truncate.o(.text)
    _printf_truncate_unsigned                0x080008f7   Thumb Code    18  _printf_truncate.o(.text)
    _printf_int_common                       0x08000909   Thumb Code   178  _printf_intcommon.o(.text)
    _printf_charcount                        0x080009bb   Thumb Code    40  _printf_charcount.o(.text)
    _printf_char_common                      0x080009ef   Thumb Code    32  _printf_char_common.o(.text)
    _sputc                                   0x08000a15   Thumb Code    10  _sputc.o(.text)
    _printf_cs_common                        0x08000a1f   Thumb Code    20  _printf_char.o(.text)
    _printf_char                             0x08000a33   Thumb Code    16  _printf_char.o(.text)
    _printf_string                           0x08000a43   Thumb Code     8  _printf_char.o(.text)
    _printf_char_file                        0x08000a4d   Thumb Code    32  _printf_char_file.o(.text)
    _printf_wctomb                           0x08000a71   Thumb Code   182  _printf_wctomb.o(.text)
    _printf_longlong_dec                     0x08000b2d   Thumb Code   108  _printf_longlong_dec.o(.text)
    _printf_longlong_oct                     0x08000ba9   Thumb Code    66  _printf_oct_int_ll.o(.text)
    _printf_int_oct                          0x08000beb   Thumb Code    24  _printf_oct_int_ll.o(.text)
    _printf_ll_oct                           0x08000c03   Thumb Code    12  _printf_oct_int_ll.o(.text)
    _ll_udiv10                               0x08000c19   Thumb Code   138  lludiv10.o(.text)
    __lib_sel_fp_printf                      0x08000ca3   Thumb Code     2  _printf_fp_dec.o(.text)
    _printf_fp_dec_real                      0x08000e55   Thumb Code   620  _printf_fp_dec.o(.text)
    _printf_fp_hex_real                      0x080010c1   Thumb Code   756  _printf_fp_hex.o(.text)
    _printf_lcs_common                       0x080013bd   Thumb Code    20  _printf_wchar.o(.text)
    _printf_wchar                            0x080013d1   Thumb Code    16  _printf_wchar.o(.text)
    _printf_wstring                          0x080013e1   Thumb Code     8  _printf_wchar.o(.text)
    ferror                                   0x080013e9   Thumb Code     8  ferror.o(.text)
    _wcrtomb                                 0x080013f1   Thumb Code    64  _wcrtomb.o(.text)
    __user_setup_stackheap                   0x08001431   Thumb Code    74  sys_stackheap_outer.o(.text)
    __rt_ctype_table                         0x0800147d   Thumb Code    16  rt_ctype_table.o(.text)
    __rt_locale                              0x0800148d   Thumb Code     8  rt_locale_intlibspace.o(.text)
    _printf_fp_infnan                        0x08001495   Thumb Code   112  _printf_fp_infnan.o(.text)
    _btod_etento                             0x08001515   Thumb Code   224  bigflt0.o(.text)
    exit                                     0x080015f9   Thumb Code    18  exit.o(.text)
    __user_libspace                          0x0800160d   Thumb Code     8  libspace.o(.text)
    __user_perproc_libspace                  0x0800160d   Thumb Code     0  libspace.o(.text)
    __user_perthread_libspace                0x0800160d   Thumb Code     0  libspace.o(.text)
    strcmp                                   0x08001615   Thumb Code   128  strcmpv7m.o(.text)
    _sys_exit                                0x08001695   Thumb Code     8  sys_exit.o(.text)
    __I$use$semihosting                      0x080016a1   Thumb Code     0  use_no_semi.o(.text)
    __use_no_semihosting_swi                 0x080016a1   Thumb Code     2  use_no_semi.o(.text)
    __semihosting_library_function           0x080016a3   Thumb Code     0  indicate_semi.o(.text)
    _btod_d2e                                0x080016a3   Thumb Code    62  btod.o(CL$$btod_d2e)
    _d2e_denorm_low                          0x080016e1   Thumb Code    70  btod.o(CL$$btod_d2e_denorm_low)
    _d2e_norm_op1                            0x08001727   Thumb Code    96  btod.o(CL$$btod_d2e_norm_op1)
    __btod_div_common                        0x08001787   Thumb Code   696  btod.o(CL$$btod_div_common)
    _e2e                                     0x08001abf   Thumb Code   220  btod.o(CL$$btod_e2e)
    _btod_ediv                               0x08001b9b   Thumb Code    42  btod.o(CL$$btod_ediv)
    _btod_emul                               0x08001bc5   Thumb Code    42  btod.o(CL$$btod_emul)
    __btod_mult_common                       0x08001bef   Thumb Code   580  btod.o(CL$$btod_mult_common)
    Aux_Int                                  0x08001e35   Thumb Code    68  lora_app.o(i.Aux_Int)
    BusFault_Handler                         0x08001e85   Thumb Code     4  stm32f10x_it.o(i.BusFault_Handler)
    DWT_Dalay_Init                           0x08001e89   Thumb Code    68  delay.o(i.DWT_Dalay_Init)
    DWT_Delay_us                             0x08001ed5   Thumb Code    32  delay.o(i.DWT_Delay_us)
    DebugMon_Handler                         0x08001ef9   Thumb Code     2  stm32f10x_it.o(i.DebugMon_Handler)
    EXTI4_IRQHandler                         0x08001efd   Thumb Code   106  lora_app.o(i.EXTI4_IRQHandler)
    EXTI_ClearITPendingBit                   0x08001f75   Thumb Code     6  stm32f10x_exti.o(i.EXTI_ClearITPendingBit)
    EXTI_GetITStatus                         0x08001f81   Thumb Code    34  stm32f10x_exti.o(i.EXTI_GetITStatus)
    EXTI_Init                                0x08001fa9   Thumb Code   142  stm32f10x_exti.o(i.EXTI_Init)
    GPIO_EXTILineConfig                      0x0800203d   Thumb Code    60  stm32f10x_gpio.o(i.GPIO_EXTILineConfig)
    GPIO_Init                                0x0800207d   Thumb Code   278  stm32f10x_gpio.o(i.GPIO_Init)
    GPIO_PinRemapConfig                      0x08002195   Thumb Code   138  stm32f10x_gpio.o(i.GPIO_PinRemapConfig)
    HardFault_Handler                        0x08002225   Thumb Code     4  stm32f10x_it.o(i.HardFault_Handler)
    LoRa_Set                                 0x08002229   Thumb Code   278  lora_app.o(i.LoRa_Set)
    MemManage_Handler                        0x080023d5   Thumb Code     4  stm32f10x_it.o(i.MemManage_Handler)
    NMI_Handler                              0x080023d9   Thumb Code     2  stm32f10x_it.o(i.NMI_Handler)
    NVIC_Init                                0x080023dd   Thumb Code   100  misc.o(i.NVIC_Init)
    NVIC_PriorityGroupConfig                 0x0800244d   Thumb Code    10  misc.o(i.NVIC_PriorityGroupConfig)
    RCC_APB1PeriphClockCmd                   0x08002461   Thumb Code    26  stm32f10x_rcc.o(i.RCC_APB1PeriphClockCmd)
    RCC_APB2PeriphClockCmd                   0x08002481   Thumb Code    26  stm32f10x_rcc.o(i.RCC_APB2PeriphClockCmd)
    RCC_GetClocksFreq                        0x080024a1   Thumb Code   192  stm32f10x_rcc.o(i.RCC_GetClocksFreq)
    SysTick_Handler                          0x0800265d   Thumb Code    46  port.o(i.SysTick_Handler)
    SystemInit                               0x08002691   Thumb Code    78  system_stm32f10x.o(i.SystemInit)
    TIM2_IRQHandler                          0x080026f1   Thumb Code    48  time.o(i.TIM2_IRQHandler)
    TIM3_IRQHandler                          0x08002725   Thumb Code    42  time.o(i.TIM3_IRQHandler)
    TIM_ClearITPendingBit                    0x08002759   Thumb Code     6  stm32f10x_tim.o(i.TIM_ClearITPendingBit)
    TIM_Cmd                                  0x0800275f   Thumb Code    24  stm32f10x_tim.o(i.TIM_Cmd)
    TIM_GetITStatus                          0x08002777   Thumb Code    34  stm32f10x_tim.o(i.TIM_GetITStatus)
    TIM_ITConfig                             0x08002799   Thumb Code    18  stm32f10x_tim.o(i.TIM_ITConfig)
    TIM_SetCounter                           0x080027ab   Thumb Code     4  stm32f10x_tim.o(i.TIM_SetCounter)
    TIM_TimeBaseInit                         0x080027b1   Thumb Code   122  stm32f10x_tim.o(i.TIM_TimeBaseInit)
    USART1_IRQHandler                        0x08002855   Thumb Code   122  usart.o(i.USART1_IRQHandler)
    USART3_IRQHandler                        0x080028dd   Thumb Code   100  usart.o(i.USART3_IRQHandler)
    USART_Cmd                                0x08002955   Thumb Code    24  stm32f10x_usart.o(i.USART_Cmd)
    USART_GetFlagStatus                      0x0800296d   Thumb Code    26  stm32f10x_usart.o(i.USART_GetFlagStatus)
    USART_GetITStatus                        0x08002987   Thumb Code    84  stm32f10x_usart.o(i.USART_GetITStatus)
    USART_ITConfig                           0x080029db   Thumb Code    74  stm32f10x_usart.o(i.USART_ITConfig)
    USART_Init                               0x08002a25   Thumb Code   210  stm32f10x_usart.o(i.USART_Init)
    USART_ReceiveData                        0x08002afd   Thumb Code    10  stm32f10x_usart.o(i.USART_ReceiveData)
    USART_SendData                           0x08002b07   Thumb Code     8  stm32f10x_usart.o(i.USART_SendData)
    UsageFault_Handler                       0x08002b0f   Thumb Code     4  stm32f10x_it.o(i.UsageFault_Handler)
    __ARM_fpclassify                         0x08002b13   Thumb Code    40  fpclassify.o(i.__ARM_fpclassify)
    _is_digit                                0x08002b3b   Thumb Code    14  __printf_wp.o(i._is_digit)
    createAllTask                            0x08002cb1   Thumb Code    30  config.o(i.createAllTask)
    fputc                                    0x08002ced   Thumb Code    24  usart.o(i.fputc)
    hardwareInit                             0x08002d09   Thumb Code    66  config.o(i.hardwareInit)
    ledInit                                  0x08002d7d   Thumb Code    42  led.o(i.ledInit)
    loraInit                                 0x08002dad   Thumb Code   112  lora_app.o(i.loraInit)
    lora_at_response                         0x08002e59   Thumb Code    46  lora_ui.o(i.lora_at_response)
    lora_check_cmd                           0x08002ea5   Thumb Code    48  lora_ui.o(i.lora_check_cmd)
    lora_send_cmd                            0x08002edd   Thumb Code   120  lora_ui.o(i.lora_send_cmd)
    main                                     0x08002f71   Thumb Code    12  main.o(i.main)
    pvPortMalloc                             0x080037f1   Thumb Code   208  heap_4.o(i.pvPortMalloc)
    pxPortInitialiseStack                    0x080038d5   Thumb Code    30  port.o(i.pxPortInitialiseStack)
    setUsartMod                              0x080038f9   Thumb Code    60  usart.o(i.setUsartMod)
    setUsartParam                            0x08003939   Thumb Code   180  usart.o(i.setUsartParam)
    sysInit                                  0x080039f5   Thumb Code    32  config.o(i.sysInit)
    sysWork                                  0x08003a29   Thumb Code     2  config.o(i.sysWork)
    timInit                                  0x08003a2b   Thumb Code    62  time.o(i.timInit)
    u3_printf                                0x08003a69   Thumb Code    72  usart.o(i.u3_printf)
    usartInit                                0x08003ab9   Thumb Code   114  usart.o(i.usartInit)
    uxListRemove                             0x08003b2b   Thumb Code    40  list.o(i.uxListRemove)
    vListInitialise                          0x08003b53   Thumb Code    26  list.o(i.vListInitialise)
    vListInitialiseItem                      0x08003b6d   Thumb Code     6  list.o(i.vListInitialiseItem)
    vListInsert                              0x08003b73   Thumb Code    52  list.o(i.vListInsert)
    vListInsertEnd                           0x08003ba7   Thumb Code    24  list.o(i.vListInsertEnd)
    vPortEnterCritical                       0x08003bc1   Thumb Code    30  port.o(i.vPortEnterCritical)
    vPortExitCritical                        0x08003be5   Thumb Code    28  port.o(i.vPortExitCritical)
    vPortFree                                0x08003c05   Thumb Code    68  heap_4.o(i.vPortFree)
    vPortSetupTimerInterrupt                 0x08003c51   Thumb Code    20  port.o(i.vPortSetupTimerInterrupt)
    vQueueWaitForMessageRestricted           0x08003c69   Thumb Code    74  queue.o(i.vQueueWaitForMessageRestricted)
    vTaskDelay                               0x08003cb5   Thumb Code    46  tasks.o(i.vTaskDelay)
    vTaskDelete                              0x08003ce9   Thumb Code   174  tasks.o(i.vTaskDelete)
    vTaskInternalSetTimeOutState             0x08003dbd   Thumb Code    14  tasks.o(i.vTaskInternalSetTimeOutState)
    vTaskMissedYield                         0x08003dd5   Thumb Code     8  tasks.o(i.vTaskMissedYield)
    vTaskPlaceOnEventList                    0x08003de1   Thumb Code    28  tasks.o(i.vTaskPlaceOnEventList)
    vTaskPlaceOnEventListRestricted          0x08003e01   Thumb Code    70  tasks.o(i.vTaskPlaceOnEventListRestricted)
    vTaskStartScheduler                      0x08003e4d   Thumb Code    86  tasks.o(i.vTaskStartScheduler)
    vTaskSuspendAll                          0x08003ec5   Thumb Code    12  tasks.o(i.vTaskSuspendAll)
    vTaskSwitchContext                       0x08003ed5   Thumb Code    76  tasks.o(i.vTaskSwitchContext)
    xPortStartScheduler                      0x08003f35   Thumb Code    42  port.o(i.xPortStartScheduler)
    xQueueGenericCreate                      0x08003f69   Thumb Code    76  queue.o(i.xQueueGenericCreate)
    xQueueGenericReset                       0x08003fb5   Thumb Code   156  queue.o(i.xQueueGenericReset)
    xQueueReceive                            0x08004055   Thumb Code   256  queue.o(i.xQueueReceive)
    xTaskCheckForTimeOut                     0x08004159   Thumb Code    88  tasks.o(i.xTaskCheckForTimeOut)
    xTaskCreate                              0x080041b9   Thumb Code   104  tasks.o(i.xTaskCreate)
    xTaskGetTickCount                        0x08004221   Thumb Code     6  tasks.o(i.xTaskGetTickCount)
    xTaskIncrementTick                       0x0800422d   Thumb Code   356  tasks.o(i.xTaskIncrementTick)
    xTaskRemoveFromEventList                 0x080043bd   Thumb Code   240  tasks.o(i.xTaskRemoveFromEventList)
    xTaskResumeAll                           0x080044c5   Thumb Code   310  tasks.o(i.xTaskResumeAll)
    xTimerCreateTimerTask                    0x08004621   Thumb Code    40  timers.o(i.xTimerCreateTimerTask)
    _get_lc_numeric                          0x0800465d   Thumb Code    44  lc_numeric_c.o(locale$$code)
    _get_lc_ctype                            0x08004689   Thumb Code    44  lc_ctype_c.o(locale$$code)
    _printf_fp_dec                           0x080046b5   Thumb Code     4  printf1.o(x$fpl$printf1)
    _printf_fp_hex                           0x080046b9   Thumb Code     4  printf2.o(x$fpl$printf2)
    __I$use$fp                               0x080046bc   Number         0  usenofp.o(x$fpl$usenofp)
    Region$$Table$$Base                      0x080047e4   Number         0  anon$$obj.o(Region$$Table)
    Region$$Table$$Limit                     0x08004804   Number         0  anon$$obj.o(Region$$Table)
    __ctype                                  0x0800482d   Data           0  lc_ctype_c.o(locale$$data)
    LEDDivece                                0x20000000   Data           8  led.o(.data)
    LoRa_CFG                                 0x20000008   Data          10  lora_app.o(.data)
    EXTI_InitStructure                       0x20000014   Data           8  lora_app.o(.data)
    NVIC_InitStructure                       0x2000001c   Data           4  lora_app.o(.data)
    usart3Param                              0x20000020   Data          36  lora_app.o(.data)
    usart3NVIC_InitStructure                 0x20000044   Data           4  lora_app.o(.data)
    tim3Param                                0x20000048   Data          20  lora_app.o(.data)
    tim3NVIC_InitStructure                   0x2000005c   Data           4  lora_app.o(.data)
    Lora_mode                                0x20000060   Data           1  lora_app.o(.data)
    Dire_Date                                0x20000061   Data           5  lora_app.o(.data)
    obj_addr                                 0x20000068   Data           4  lora_app.o(.data)
    obj_chn                                  0x2000006c   Data           1  lora_app.o(.data)
    time2Count                               0x2000006e   Data           2  time.o(.data)
    __stdout                                 0x20000070   Data           4  usart.o(.data)
    USART_RX_STA                             0x20000074   Data           2  usart.o(.data)
    USART3_RX_STA                            0x20000076   Data           2  usart.o(.data)
    pxCurrentTCB                             0x2000007c   Data           4  tasks.o(.data)
    uxTopUsedPriority                        0x200000b4   Data           4  tasks.o(.data)
    USART3_RX_BUF                            0x20000104   Data        1024  usart.o(.bss)
    USART3_TX_BUF                            0x20000504   Data         600  usart.o(.bss)
    USART_RX_BUF                             0x2000075c   Data          10  usart.o(.bss)
    res                                      0x20000768   Data          40  config.o(.bss)
    taskControl                              0x20000790   Data          40  config.o(.bss)
    __libspace_start                         0x20003184   Data          96  libspace.o(.bss)
    __temporary_stack_top$libspace           0x200031e4   Data           0  libspace.o(.bss)



==============================================================================

Memory Map of the image

  Image Entry point : 0x08000131

  Load Region LR_IROM1 (Base: 0x08000000, Size: 0x00004a34, Max: 0x00080000, ABSOLUTE)

    Execution Region ER_IROM1 (Exec base: 0x08000000, Load base: 0x08000000, Size: 0x00004930, Max: 0x00080000, ABSOLUTE)

    Exec Addr    Load Addr    Size         Type   Attr      Idx    E Section Name        Object

    0x08000000   0x08000000   0x00000130   Data   RO         2854    RESET               startup_stm32f10x_hd.o
    0x08000130   0x08000130   0x00000008   Code   RO         3178  * !!!main             c_w.l(__main.o)
    0x08000138   0x08000138   0x00000034   Code   RO         3452    !!!scatter          c_w.l(__scatter.o)
    0x0800016c   0x0800016c   0x0000001a   Code   RO         3454    !!handler_copy      c_w.l(__scatter_copy.o)
    0x08000186   0x08000186   0x00000002   PAD
    0x08000188   0x08000188   0x0000001c   Code   RO         3456    !!handler_zi        c_w.l(__scatter_zi.o)
    0x080001a4   0x080001a4   0x00000000   Code   RO         3161    .ARM.Collect$$_printf_percent$$00000000  c_w.l(_printf_percent.o)
    0x080001a4   0x080001a4   0x00000006   Code   RO         3207    .ARM.Collect$$_printf_percent$$00000001  c_w.l(_printf_n.o)
    0x080001aa   0x080001aa   0x00000006   Code   RO         3208    .ARM.Collect$$_printf_percent$$00000002  c_w.l(_printf_p.o)
    0x080001b0   0x080001b0   0x00000006   Code   RO         3212    .ARM.Collect$$_printf_percent$$00000003  c_w.l(_printf_f.o)
    0x080001b6   0x080001b6   0x00000006   Code   RO         3213    .ARM.Collect$$_printf_percent$$00000004  c_w.l(_printf_e.o)
    0x080001bc   0x080001bc   0x00000006   Code   RO         3214    .ARM.Collect$$_printf_percent$$00000005  c_w.l(_printf_g.o)
    0x080001c2   0x080001c2   0x00000006   Code   RO         3215    .ARM.Collect$$_printf_percent$$00000006  c_w.l(_printf_a.o)
    0x080001c8   0x080001c8   0x0000000a   Code   RO         3220    .ARM.Collect$$_printf_percent$$00000007  c_w.l(_printf_ll.o)
    0x080001d2   0x080001d2   0x00000006   Code   RO         3210    .ARM.Collect$$_printf_percent$$00000008  c_w.l(_printf_i.o)
    0x080001d8   0x080001d8   0x00000006   Code   RO         3160    .ARM.Collect$$_printf_percent$$00000009  c_w.l(_printf_d.o)
    0x080001de   0x080001de   0x00000006   Code   RO         3211    .ARM.Collect$$_printf_percent$$0000000A  c_w.l(_printf_u.o)
    0x080001e4   0x080001e4   0x00000006   Code   RO         3209    .ARM.Collect$$_printf_percent$$0000000B  c_w.l(_printf_o.o)
    0x080001ea   0x080001ea   0x00000006   Code   RO         3159    .ARM.Collect$$_printf_percent$$0000000C  c_w.l(_printf_x.o)
    0x080001f0   0x080001f0   0x00000006   Code   RO         3217    .ARM.Collect$$_printf_percent$$0000000D  c_w.l(_printf_lli.o)
    0x080001f6   0x080001f6   0x00000006   Code   RO         3218    .ARM.Collect$$_printf_percent$$0000000E  c_w.l(_printf_lld.o)
    0x080001fc   0x080001fc   0x00000006   Code   RO         3219    .ARM.Collect$$_printf_percent$$0000000F  c_w.l(_printf_llu.o)
    0x08000202   0x08000202   0x00000006   Code   RO         3224    .ARM.Collect$$_printf_percent$$00000010  c_w.l(_printf_llo.o)
    0x08000208   0x08000208   0x00000006   Code   RO         3225    .ARM.Collect$$_printf_percent$$00000011  c_w.l(_printf_llx.o)
    0x0800020e   0x0800020e   0x0000000a   Code   RO         3221    .ARM.Collect$$_printf_percent$$00000012  c_w.l(_printf_l.o)
    0x08000218   0x08000218   0x00000006   Code   RO         3206    .ARM.Collect$$_printf_percent$$00000013  c_w.l(_printf_c.o)
    0x0800021e   0x0800021e   0x00000006   Code   RO         3158    .ARM.Collect$$_printf_percent$$00000014  c_w.l(_printf_s.o)
    0x08000224   0x08000224   0x00000006   Code   RO         3222    .ARM.Collect$$_printf_percent$$00000015  c_w.l(_printf_lc.o)
    0x0800022a   0x0800022a   0x00000006   Code   RO         3223    .ARM.Collect$$_printf_percent$$00000016  c_w.l(_printf_ls.o)
    0x08000230   0x08000230   0x00000004   Code   RO         3216    .ARM.Collect$$_printf_percent$$00000017  c_w.l(_printf_percent_end.o)
    0x08000234   0x08000234   0x00000002   Code   RO         3312    .ARM.Collect$$libinit$$00000000  c_w.l(libinit.o)
    0x08000236   0x08000236   0x00000000   Code   RO         3329    .ARM.Collect$$libinit$$00000002  c_w.l(libinit2.o)
    0x08000236   0x08000236   0x00000000   Code   RO         3331    .ARM.Collect$$libinit$$00000004  c_w.l(libinit2.o)
    0x08000236   0x08000236   0x00000000   Code   RO         3334    .ARM.Collect$$libinit$$0000000A  c_w.l(libinit2.o)
    0x08000236   0x08000236   0x00000000   Code   RO         3336    .ARM.Collect$$libinit$$0000000C  c_w.l(libinit2.o)
    0x08000236   0x08000236   0x00000000   Code   RO         3338    .ARM.Collect$$libinit$$0000000E  c_w.l(libinit2.o)
    0x08000236   0x08000236   0x00000006   Code   RO         3339    .ARM.Collect$$libinit$$0000000F  c_w.l(libinit2.o)
    0x0800023c   0x0800023c   0x00000000   Code   RO         3341    .ARM.Collect$$libinit$$00000011  c_w.l(libinit2.o)
    0x0800023c   0x0800023c   0x0000000c   Code   RO         3342    .ARM.Collect$$libinit$$00000012  c_w.l(libinit2.o)
    0x08000248   0x08000248   0x00000000   Code   RO         3343    .ARM.Collect$$libinit$$00000013  c_w.l(libinit2.o)
    0x08000248   0x08000248   0x00000000   Code   RO         3345    .ARM.Collect$$libinit$$00000015  c_w.l(libinit2.o)
    0x08000248   0x08000248   0x0000000a   Code   RO         3346    .ARM.Collect$$libinit$$00000016  c_w.l(libinit2.o)
    0x08000252   0x08000252   0x00000000   Code   RO         3347    .ARM.Collect$$libinit$$00000017  c_w.l(libinit2.o)
    0x08000252   0x08000252   0x00000000   Code   RO         3349    .ARM.Collect$$libinit$$00000019  c_w.l(libinit2.o)
    0x08000252   0x08000252   0x00000000   Code   RO         3351    .ARM.Collect$$libinit$$0000001B  c_w.l(libinit2.o)
    0x08000252   0x08000252   0x00000000   Code   RO         3353    .ARM.Collect$$libinit$$0000001D  c_w.l(libinit2.o)
    0x08000252   0x08000252   0x00000000   Code   RO         3355    .ARM.Collect$$libinit$$0000001F  c_w.l(libinit2.o)
    0x08000252   0x08000252   0x00000000   Code   RO         3357    .ARM.Collect$$libinit$$00000021  c_w.l(libinit2.o)
    0x08000252   0x08000252   0x00000000   Code   RO         3359    .ARM.Collect$$libinit$$00000023  c_w.l(libinit2.o)
    0x08000252   0x08000252   0x00000000   Code   RO         3361    .ARM.Collect$$libinit$$00000025  c_w.l(libinit2.o)
    0x08000252   0x08000252   0x00000000   Code   RO         3365    .ARM.Collect$$libinit$$0000002C  c_w.l(libinit2.o)
    0x08000252   0x08000252   0x00000000   Code   RO         3367    .ARM.Collect$$libinit$$0000002E  c_w.l(libinit2.o)
    0x08000252   0x08000252   0x00000000   Code   RO         3369    .ARM.Collect$$libinit$$00000030  c_w.l(libinit2.o)
    0x08000252   0x08000252   0x00000000   Code   RO         3371    .ARM.Collect$$libinit$$00000032  c_w.l(libinit2.o)
    0x08000252   0x08000252   0x00000002   Code   RO         3372    .ARM.Collect$$libinit$$00000033  c_w.l(libinit2.o)
    0x08000254   0x08000254   0x00000002   Code   RO         3392    .ARM.Collect$$libshutdown$$00000000  c_w.l(libshutdown.o)
    0x08000256   0x08000256   0x00000000   Code   RO         3405    .ARM.Collect$$libshutdown$$00000002  c_w.l(libshutdown2.o)
    0x08000256   0x08000256   0x00000000   Code   RO         3407    .ARM.Collect$$libshutdown$$00000004  c_w.l(libshutdown2.o)
    0x08000256   0x08000256   0x00000000   Code   RO         3410    .ARM.Collect$$libshutdown$$00000007  c_w.l(libshutdown2.o)
    0x08000256   0x08000256   0x00000000   Code   RO         3413    .ARM.Collect$$libshutdown$$0000000A  c_w.l(libshutdown2.o)
    0x08000256   0x08000256   0x00000000   Code   RO         3415    .ARM.Collect$$libshutdown$$0000000C  c_w.l(libshutdown2.o)
    0x08000256   0x08000256   0x00000000   Code   RO         3418    .ARM.Collect$$libshutdown$$0000000F  c_w.l(libshutdown2.o)
    0x08000256   0x08000256   0x00000002   Code   RO         3419    .ARM.Collect$$libshutdown$$00000010  c_w.l(libshutdown2.o)
    0x08000258   0x08000258   0x00000000   Code   RO         3180    .ARM.Collect$$rtentry$$00000000  c_w.l(__rtentry.o)
    0x08000258   0x08000258   0x00000000   Code   RO         3235    .ARM.Collect$$rtentry$$00000002  c_w.l(__rtentry2.o)
    0x08000258   0x08000258   0x00000006   Code   RO         3247    .ARM.Collect$$rtentry$$00000004  c_w.l(__rtentry4.o)
    0x0800025e   0x0800025e   0x00000000   Code   RO         3237    .ARM.Collect$$rtentry$$00000009  c_w.l(__rtentry2.o)
    0x0800025e   0x0800025e   0x00000004   Code   RO         3238    .ARM.Collect$$rtentry$$0000000A  c_w.l(__rtentry2.o)
    0x08000262   0x08000262   0x00000000   Code   RO         3240    .ARM.Collect$$rtentry$$0000000C  c_w.l(__rtentry2.o)
    0x08000262   0x08000262   0x00000008   Code   RO         3241    .ARM.Collect$$rtentry$$0000000D  c_w.l(__rtentry2.o)
    0x0800026a   0x0800026a   0x00000002   Code   RO         3321    .ARM.Collect$$rtexit$$00000000  c_w.l(rtexit.o)
    0x0800026c   0x0800026c   0x00000000   Code   RO         3374    .ARM.Collect$$rtexit$$00000002  c_w.l(rtexit2.o)
    0x0800026c   0x0800026c   0x00000004   Code   RO         3375    .ARM.Collect$$rtexit$$00000003  c_w.l(rtexit2.o)
    0x08000270   0x08000270   0x00000006   Code   RO         3376    .ARM.Collect$$rtexit$$00000004  c_w.l(rtexit2.o)
    0x08000276   0x08000276   0x00000002   PAD
    0x08000278   0x08000278   0x00000096   Code   RO         1708    .emb_text           port.o
    0x0800030e   0x0800030e   0x00000002   PAD
    0x08000310   0x08000310   0x00000040   Code   RO         2855    .text               startup_stm32f10x_hd.o
    0x08000350   0x08000350   0x00000024   Code   RO         3099    .text               c_w.l(vsprintf.o)
    0x08000374   0x08000374   0x00000018   Code   RO         3101    .text               c_w.l(__2printf.o)
    0x0800038c   0x0800038c   0x0000002c   Code   RO         3103    .text               c_w.l(__2sprintf.o)
    0x080003b8   0x080003b8   0x0000004e   Code   RO         3111    .text               c_w.l(_printf_pad.o)
    0x08000406   0x08000406   0x00000052   Code   RO         3113    .text               c_w.l(_printf_str.o)
    0x08000458   0x08000458   0x00000078   Code   RO         3115    .text               c_w.l(_printf_dec.o)
    0x080004d0   0x080004d0   0x00000094   Code   RO         3135    .text               c_w.l(_printf_hex_int_ll_ptr.o)
    0x08000564   0x08000564   0x00000188   Code   RO         3155    .text               c_w.l(__printf_flags_ss_wp.o)
    0x080006ec   0x080006ec   0x00000024   Code   RO         3162    .text               c_w.l(strstr.o)
    0x08000710   0x08000710   0x0000003e   Code   RO         3164    .text               c_w.l(strlen.o)
    0x0800074e   0x0800074e   0x0000008a   Code   RO         3166    .text               c_w.l(rt_memcpy_v6.o)
    0x080007d8   0x080007d8   0x00000064   Code   RO         3168    .text               c_w.l(rt_memcpy_w.o)
    0x0800083c   0x0800083c   0x00000010   Code   RO         3170    .text               c_w.l(aeabi_memset.o)
    0x0800084c   0x0800084c   0x00000044   Code   RO         3172    .text               c_w.l(rt_memclr.o)
    0x08000890   0x08000890   0x0000004e   Code   RO         3174    .text               c_w.l(rt_memclr_w.o)
    0x080008de   0x080008de   0x00000006   Code   RO         3176    .text               c_w.l(heapauxi.o)
    0x080008e4   0x080008e4   0x00000024   Code   RO         3181    .text               c_w.l(_printf_truncate.o)
    0x08000908   0x08000908   0x000000b2   Code   RO         3183    .text               c_w.l(_printf_intcommon.o)
    0x080009ba   0x080009ba   0x00000028   Code   RO         3185    .text               c_w.l(_printf_charcount.o)
    0x080009e2   0x080009e2   0x00000002   PAD
    0x080009e4   0x080009e4   0x00000030   Code   RO         3187    .text               c_w.l(_printf_char_common.o)
    0x08000a14   0x08000a14   0x0000000a   Code   RO         3189    .text               c_w.l(_sputc.o)
    0x08000a1e   0x08000a1e   0x0000002c   Code   RO         3191    .text               c_w.l(_printf_char.o)
    0x08000a4a   0x08000a4a   0x00000002   PAD
    0x08000a4c   0x08000a4c   0x00000024   Code   RO         3193    .text               c_w.l(_printf_char_file.o)
    0x08000a70   0x08000a70   0x000000bc   Code   RO         3195    .text               c_w.l(_printf_wctomb.o)
    0x08000b2c   0x08000b2c   0x0000007c   Code   RO         3198    .text               c_w.l(_printf_longlong_dec.o)
    0x08000ba8   0x08000ba8   0x00000070   Code   RO         3204    .text               c_w.l(_printf_oct_int_ll.o)
    0x08000c18   0x08000c18   0x0000008a   Code   RO         3249    .text               c_w.l(lludiv10.o)
    0x08000ca2   0x08000ca2   0x0000041e   Code   RO         3251    .text               c_w.l(_printf_fp_dec.o)
    0x080010c0   0x080010c0   0x000002fc   Code   RO         3253    .text               c_w.l(_printf_fp_hex.o)
    0x080013bc   0x080013bc   0x0000002c   Code   RO         3258    .text               c_w.l(_printf_wchar.o)
    0x080013e8   0x080013e8   0x00000008   Code   RO         3260    .text               c_w.l(ferror.o)
    0x080013f0   0x080013f0   0x00000040   Code   RO         3264    .text               c_w.l(_wcrtomb.o)
    0x08001430   0x08001430   0x0000004a   Code   RO         3266    .text               c_w.l(sys_stackheap_outer.o)
    0x0800147a   0x0800147a   0x00000002   PAD
    0x0800147c   0x0800147c   0x00000010   Code   RO         3268    .text               c_w.l(rt_ctype_table.o)
    0x0800148c   0x0800148c   0x00000008   Code   RO         3273    .text               c_w.l(rt_locale_intlibspace.o)
    0x08001494   0x08001494   0x00000080   Code   RO         3275    .text               c_w.l(_printf_fp_infnan.o)
    0x08001514   0x08001514   0x000000e4   Code   RO         3277    .text               c_w.l(bigflt0.o)
    0x080015f8   0x080015f8   0x00000012   Code   RO         3305    .text               c_w.l(exit.o)
    0x0800160a   0x0800160a   0x00000002   PAD
    0x0800160c   0x0800160c   0x00000008   Code   RO         3318    .text               c_w.l(libspace.o)
    0x08001614   0x08001614   0x00000080   Code   RO         3326    .text               c_w.l(strcmpv7m.o)
    0x08001694   0x08001694   0x0000000c   Code   RO         3384    .text               c_w.l(sys_exit.o)
    0x080016a0   0x080016a0   0x00000002   Code   RO         3395    .text               c_w.l(use_no_semi.o)
    0x080016a2   0x080016a2   0x00000000   Code   RO         3397    .text               c_w.l(indicate_semi.o)
    0x080016a2   0x080016a2   0x0000003e   Code   RO         3280    CL$$btod_d2e        c_w.l(btod.o)
    0x080016e0   0x080016e0   0x00000046   Code   RO         3282    CL$$btod_d2e_denorm_low  c_w.l(btod.o)
    0x08001726   0x08001726   0x00000060   Code   RO         3281    CL$$btod_d2e_norm_op1  c_w.l(btod.o)
    0x08001786   0x08001786   0x00000338   Code   RO         3290    CL$$btod_div_common  c_w.l(btod.o)
    0x08001abe   0x08001abe   0x000000dc   Code   RO         3287    CL$$btod_e2e        c_w.l(btod.o)
    0x08001b9a   0x08001b9a   0x0000002a   Code   RO         3284    CL$$btod_ediv       c_w.l(btod.o)
    0x08001bc4   0x08001bc4   0x0000002a   Code   RO         3283    CL$$btod_emul       c_w.l(btod.o)
    0x08001bee   0x08001bee   0x00000244   Code   RO         3289    CL$$btod_mult_common  c_w.l(btod.o)
    0x08001e32   0x08001e32   0x00000002   PAD
    0x08001e34   0x08001e34   0x00000050   Code   RO          201    i.Aux_Int           lora_app.o
    0x08001e84   0x08001e84   0x00000004   Code   RO          650    i.BusFault_Handler  stm32f10x_it.o
    0x08001e88   0x08001e88   0x0000004c   Code   RO            4    i.DWT_Dalay_Init    delay.o
    0x08001ed4   0x08001ed4   0x00000024   Code   RO            5    i.DWT_Delay_us      delay.o
    0x08001ef8   0x08001ef8   0x00000002   Code   RO          651    i.DebugMon_Handler  stm32f10x_it.o
    0x08001efa   0x08001efa   0x00000002   PAD
    0x08001efc   0x08001efc   0x00000078   Code   RO          202    i.EXTI4_IRQHandler  lora_app.o
    0x08001f74   0x08001f74   0x0000000c   Code   RO         1892    i.EXTI_ClearITPendingBit  stm32f10x_exti.o
    0x08001f80   0x08001f80   0x00000028   Code   RO         1896    i.EXTI_GetITStatus  stm32f10x_exti.o
    0x08001fa8   0x08001fa8   0x00000094   Code   RO         1897    i.EXTI_Init         stm32f10x_exti.o
    0x0800203c   0x0800203c   0x00000040   Code   RO         1960    i.GPIO_EXTILineConfig  stm32f10x_gpio.o
    0x0800207c   0x0800207c   0x00000116   Code   RO         1963    i.GPIO_Init         stm32f10x_gpio.o
    0x08002192   0x08002192   0x00000002   PAD
    0x08002194   0x08002194   0x00000090   Code   RO         1965    i.GPIO_PinRemapConfig  stm32f10x_gpio.o
    0x08002224   0x08002224   0x00000004   Code   RO          652    i.HardFault_Handler  stm32f10x_it.o
    0x08002228   0x08002228   0x000001ac   Code   RO          205    i.LoRa_Set          lora_app.o
    0x080023d4   0x080023d4   0x00000004   Code   RO          653    i.MemManage_Handler  stm32f10x_it.o
    0x080023d8   0x080023d8   0x00000002   Code   RO          654    i.NMI_Handler       stm32f10x_it.o
    0x080023da   0x080023da   0x00000002   PAD
    0x080023dc   0x080023dc   0x00000070   Code   RO         1843    i.NVIC_Init         misc.o
    0x0800244c   0x0800244c   0x00000014   Code   RO         1844    i.NVIC_PriorityGroupConfig  misc.o
    0x08002460   0x08002460   0x00000020   Code   RO         2085    i.RCC_APB1PeriphClockCmd  stm32f10x_rcc.o
    0x08002480   0x08002480   0x00000020   Code   RO         2087    i.RCC_APB2PeriphClockCmd  stm32f10x_rcc.o
    0x080024a0   0x080024a0   0x000000d4   Code   RO         2095    i.RCC_GetClocksFreq  stm32f10x_rcc.o
    0x08002574   0x08002574   0x00000008   Code   RO         2862    i.SetSysClock       system_stm32f10x.o
    0x0800257c   0x0800257c   0x000000e0   Code   RO         2863    i.SetSysClockTo72   system_stm32f10x.o
    0x0800265c   0x0800265c   0x00000034   Code   RO         1709    i.SysTick_Handler   port.o
    0x08002690   0x08002690   0x00000060   Code   RO         2865    i.SystemInit        system_stm32f10x.o
    0x080026f0   0x080026f0   0x00000034   Code   RO          413    i.TIM2_IRQHandler   time.o
    0x08002724   0x08002724   0x00000034   Code   RO          414    i.TIM3_IRQHandler   time.o
    0x08002758   0x08002758   0x00000006   Code   RO         2306    i.TIM_ClearITPendingBit  stm32f10x_tim.o
    0x0800275e   0x0800275e   0x00000018   Code   RO         2311    i.TIM_Cmd           stm32f10x_tim.o
    0x08002776   0x08002776   0x00000022   Code   RO         2332    i.TIM_GetITStatus   stm32f10x_tim.o
    0x08002798   0x08002798   0x00000012   Code   RO         2336    i.TIM_ITConfig      stm32f10x_tim.o
    0x080027aa   0x080027aa   0x00000004   Code   RO         2376    i.TIM_SetCounter    stm32f10x_tim.o
    0x080027ae   0x080027ae   0x00000002   PAD
    0x080027b0   0x080027b0   0x000000a4   Code   RO         2382    i.TIM_TimeBaseInit  stm32f10x_tim.o
    0x08002854   0x08002854   0x00000088   Code   RO          458    i.USART1_IRQHandler  usart.o
    0x080028dc   0x080028dc   0x00000078   Code   RO          459    i.USART3_IRQHandler  usart.o
    0x08002954   0x08002954   0x00000018   Code   RO         2912    i.USART_Cmd         stm32f10x_usart.o
    0x0800296c   0x0800296c   0x0000001a   Code   RO         2915    i.USART_GetFlagStatus  stm32f10x_usart.o
    0x08002986   0x08002986   0x00000054   Code   RO         2916    i.USART_GetITStatus  stm32f10x_usart.o
    0x080029da   0x080029da   0x0000004a   Code   RO         2918    i.USART_ITConfig    stm32f10x_usart.o
    0x08002a24   0x08002a24   0x000000d8   Code   RO         2919    i.USART_Init        stm32f10x_usart.o
    0x08002afc   0x08002afc   0x0000000a   Code   RO         2926    i.USART_ReceiveData  stm32f10x_usart.o
    0x08002b06   0x08002b06   0x00000008   Code   RO         2929    i.USART_SendData    stm32f10x_usart.o
    0x08002b0e   0x08002b0e   0x00000004   Code   RO          655    i.UsageFault_Handler  stm32f10x_it.o
    0x08002b12   0x08002b12   0x00000028   Code   RO         3316    i.__ARM_fpclassify  m_ws.l(fpclassify.o)
    0x08002b3a   0x08002b3a   0x0000000e   Code   RO         3148    i._is_digit         c_w.l(__printf_wp.o)
    0x08002b48   0x08002b48   0x00000168   Code   RO          207    i._loRaInit         lora_app.o
    0x08002cb0   0x08002cb0   0x0000003c   Code   RO          530    i.createAllTask     config.o
    0x08002cec   0x08002cec   0x0000001c   Code   RO          460    i.fputc             usart.o
    0x08002d08   0x08002d08   0x00000074   Code   RO          531    i.hardwareInit      config.o
    0x08002d7c   0x08002d7c   0x00000030   Code   RO          166    i.ledInit           led.o
    0x08002dac   0x08002dac   0x000000ac   Code   RO          208    i.loraInit          lora_app.o
    0x08002e58   0x08002e58   0x0000004c   Code   RO          305    i.lora_at_response  lora_ui.o
    0x08002ea4   0x08002ea4   0x00000038   Code   RO          306    i.lora_check_cmd    lora_ui.o
    0x08002edc   0x08002edc   0x00000094   Code   RO          307    i.lora_send_cmd     lora_ui.o
    0x08002f70   0x08002f70   0x0000000c   Code   RO          626    i.main              main.o
    0x08002f7c   0x08002f7c   0x000000c0   Code   RO         1188    i.prvAddCurrentTaskToDelayedList  tasks.o
    0x0800303c   0x0800303c   0x000000ec   Code   RO         1189    i.prvAddNewTaskToReadyList  tasks.o
    0x08003128   0x08003128   0x0000004c   Code   RO         1537    i.prvCheckForValidListAndQueue  timers.o
    0x08003174   0x08003174   0x00000048   Code   RO         1190    i.prvCheckTasksWaitingTermination  tasks.o
    0x080031bc   0x080031bc   0x0000002a   Code   RO          874    i.prvCopyDataFromQueue  queue.o
    0x080031e6   0x080031e6   0x00000012   Code   RO         1191    i.prvDeleteTCB      tasks.o
    0x080031f8   0x080031f8   0x00000028   Code   RO         1538    i.prvGetNextExpireTime  timers.o
    0x08003220   0x08003220   0x00000070   Code   RO         1779    i.prvHeapInit       heap_4.o
    0x08003290   0x08003290   0x00000028   Code   RO         1192    i.prvIdleTask       tasks.o
    0x080032b8   0x080032b8   0x0000002a   Code   RO          876    i.prvInitialiseNewQueue  queue.o
    0x080032e2   0x080032e2   0x00000088   Code   RO         1193    i.prvInitialiseNewTask  tasks.o
    0x0800336a   0x0800336a   0x00000002   PAD
    0x0800336c   0x0800336c   0x00000068   Code   RO         1194    i.prvInitialiseTaskLists  tasks.o
    0x080033d4   0x080033d4   0x00000068   Code   RO         1780    i.prvInsertBlockIntoFreeList  heap_4.o
    0x0800343c   0x0800343c   0x00000058   Code   RO         1540    i.prvInsertTimerInActiveList  timers.o
    0x08003494   0x08003494   0x0000001a   Code   RO          877    i.prvIsQueueEmpty   queue.o
    0x080034ae   0x080034ae   0x00000002   PAD
    0x080034b0   0x080034b0   0x00000044   Code   RO         1541    i.prvProcessExpiredTimer  timers.o
    0x080034f4   0x080034f4   0x00000110   Code   RO         1542    i.prvProcessReceivedCommands  timers.o
    0x08003604   0x08003604   0x00000074   Code   RO         1543    i.prvProcessTimerOrBlockTask  timers.o
    0x08003678   0x08003678   0x00000028   Code   RO         1544    i.prvReloadTimer    timers.o
    0x080036a0   0x080036a0   0x00000030   Code   RO         1196    i.prvResetNextTaskUnblockTime  tasks.o
    0x080036d0   0x080036d0   0x0000002c   Code   RO         1545    i.prvSampleTimeNow  timers.o
    0x080036fc   0x080036fc   0x00000044   Code   RO         1546    i.prvSwitchTimerLists  timers.o
    0x08003740   0x08003740   0x00000016   Code   RO         1710    i.prvTaskExitError  port.o
    0x08003756   0x08003756   0x0000001a   Code   RO         1547    i.prvTimerTask      timers.o
    0x08003770   0x08003770   0x0000007e   Code   RO          879    i.prvUnlockQueue    queue.o
    0x080037ee   0x080037ee   0x00000002   PAD
    0x080037f0   0x080037f0   0x000000e4   Code   RO         1782    i.pvPortMalloc      heap_4.o
    0x080038d4   0x080038d4   0x00000024   Code   RO         1711    i.pxPortInitialiseStack  port.o
    0x080038f8   0x080038f8   0x00000040   Code   RO          461    i.setUsartMod       usart.o
    0x08003938   0x08003938   0x000000bc   Code   RO          462    i.setUsartParam     usart.o
    0x080039f4   0x080039f4   0x00000034   Code   RO          532    i.sysInit           config.o
    0x08003a28   0x08003a28   0x00000002   Code   RO          533    i.sysWork           config.o
    0x08003a2a   0x08003a2a   0x0000003e   Code   RO          416    i.timInit           time.o
    0x08003a68   0x08003a68   0x00000050   Code   RO          463    i.u3_printf         usart.o
    0x08003ab8   0x08003ab8   0x00000072   Code   RO          464    i.usartInit         usart.o
    0x08003b2a   0x08003b2a   0x00000028   Code   RO          835    i.uxListRemove      list.o
    0x08003b52   0x08003b52   0x0000001a   Code   RO          836    i.vListInitialise   list.o
    0x08003b6c   0x08003b6c   0x00000006   Code   RO          837    i.vListInitialiseItem  list.o
    0x08003b72   0x08003b72   0x00000034   Code   RO          838    i.vListInsert       list.o
    0x08003ba6   0x08003ba6   0x00000018   Code   RO          839    i.vListInsertEnd    list.o
    0x08003bbe   0x08003bbe   0x00000002   PAD
    0x08003bc0   0x08003bc0   0x00000024   Code   RO         1713    i.vPortEnterCritical  port.o
    0x08003be4   0x08003be4   0x00000020   Code   RO         1714    i.vPortExitCritical  port.o
    0x08003c04   0x08003c04   0x0000004c   Code   RO         1783    i.vPortFree         heap_4.o
    0x08003c50   0x08003c50   0x00000018   Code   RO         1715    i.vPortSetupTimerInterrupt  port.o
    0x08003c68   0x08003c68   0x0000004a   Code   RO          887    i.vQueueWaitForMessageRestricted  queue.o
    0x08003cb2   0x08003cb2   0x00000002   PAD
    0x08003cb4   0x08003cb4   0x00000034   Code   RO         1207    i.vTaskDelay        tasks.o
    0x08003ce8   0x08003ce8   0x000000d4   Code   RO         1208    i.vTaskDelete       tasks.o
    0x08003dbc   0x08003dbc   0x00000018   Code   RO         1212    i.vTaskInternalSetTimeOutState  tasks.o
    0x08003dd4   0x08003dd4   0x0000000c   Code   RO         1213    i.vTaskMissedYield  tasks.o
    0x08003de0   0x08003de0   0x00000020   Code   RO         1214    i.vTaskPlaceOnEventList  tasks.o
    0x08003e00   0x08003e00   0x0000004c   Code   RO         1215    i.vTaskPlaceOnEventListRestricted  tasks.o
    0x08003e4c   0x08003e4c   0x00000078   Code   RO         1222    i.vTaskStartScheduler  tasks.o
    0x08003ec4   0x08003ec4   0x00000010   Code   RO         1224    i.vTaskSuspendAll   tasks.o
    0x08003ed4   0x08003ed4   0x00000060   Code   RO         1225    i.vTaskSwitchContext  tasks.o
    0x08003f34   0x08003f34   0x00000034   Code   RO         1716    i.xPortStartScheduler  port.o
    0x08003f68   0x08003f68   0x0000004c   Code   RO          888    i.xQueueGenericCreate  queue.o
    0x08003fb4   0x08003fb4   0x000000a0   Code   RO          889    i.xQueueGenericReset  queue.o
    0x08004054   0x08004054   0x00000104   Code   RO          897    i.xQueueReceive     queue.o
    0x08004158   0x08004158   0x00000060   Code   RO         1227    i.xTaskCheckForTimeOut  tasks.o
    0x080041b8   0x080041b8   0x00000068   Code   RO         1228    i.xTaskCreate       tasks.o
    0x08004220   0x08004220   0x0000000c   Code   RO         1236    i.xTaskGetTickCount  tasks.o
    0x0800422c   0x0800422c   0x00000190   Code   RO         1238    i.xTaskIncrementTick  tasks.o
    0x080043bc   0x080043bc   0x00000108   Code   RO         1239    i.xTaskRemoveFromEventList  tasks.o
    0x080044c4   0x080044c4   0x0000015c   Code   RO         1240    i.xTaskResumeAll    tasks.o
    0x08004620   0x08004620   0x0000003c   Code   RO         1555    i.xTimerCreateTimerTask  timers.o
    0x0800465c   0x0800465c   0x0000002c   Code   RO         3303    locale$$code        c_w.l(lc_numeric_c.o)
    0x08004688   0x08004688   0x0000002c   Code   RO         3324    locale$$code        c_w.l(lc_ctype_c.o)
    0x080046b4   0x080046b4   0x00000004   Code   RO         3226    x$fpl$printf1       fz_ws.l(printf1.o)
    0x080046b8   0x080046b8   0x00000004   Code   RO         3228    x$fpl$printf2       fz_ws.l(printf2.o)
    0x080046bc   0x080046bc   0x00000000   Code   RO         3315    x$fpl$usenofp       fz_ws.l(usenofp.o)
    0x080046bc   0x080046bc   0x00000028   Data   RO          536    .constdata          config.o
    0x080046e4   0x080046e4   0x00000028   Data   RO         3136    .constdata          c_w.l(_printf_hex_int_ll_ptr.o)
    0x0800470c   0x0800470c   0x00000011   Data   RO         3156    .constdata          c_w.l(__printf_flags_ss_wp.o)
    0x0800471d   0x0800471d   0x00000003   PAD
    0x08004720   0x08004720   0x00000008   Data   RO         3196    .constdata          c_w.l(_printf_wctomb.o)
    0x08004728   0x08004728   0x00000026   Data   RO         3254    .constdata          c_w.l(_printf_fp_hex.o)
    0x0800474e   0x0800474e   0x00000002   PAD
    0x08004750   0x08004750   0x00000094   Data   RO         3278    .constdata          c_w.l(bigflt0.o)
    0x080047e4   0x080047e4   0x00000020   Data   RO         3450    Region$$Table       anon$$obj.o
    0x08004804   0x08004804   0x0000001c   Data   RO         3302    locale$$data        c_w.l(lc_numeric_c.o)
    0x08004820   0x08004820   0x00000110   Data   RO         3323    locale$$data        c_w.l(lc_ctype_c.o)


    Execution Region RW_IRAM1 (Exec base: 0x20000000, Load base: 0x08004930, Size: 0x000037e8, Max: 0x00010000, ABSOLUTE)

    Exec Addr    Load Addr    Size         Type   Attr      Idx    E Section Name        Object

    0x20000000   0x08004930   0x00000008   Data   RW          167    .data               led.o
    0x20000008   0x08004938   0x00000066   Data   RW          210    .data               lora_app.o
    0x2000006e   0x0800499e   0x00000002   Data   RW          417    .data               time.o
    0x20000070   0x080049a0   0x0000000c   Data   RW          466    .data               usart.o
    0x2000007c   0x080049ac   0x00000040   Data   RW         1243    .data               tasks.o
    0x200000bc   0x080049ec   0x00000014   Data   RW         1565    .data               timers.o
    0x200000d0   0x08004a00   0x00000004   Data   RW         1717    .data               port.o
    0x200000d4   0x08004a04   0x0000001c   Data   RW         1789    .data               heap_4.o
    0x200000f0   0x08004a20   0x00000014   Data   RW         2115    .data               stm32f10x_rcc.o
    0x20000104        -       0x00000662   Zero   RW          465    .bss                usart.o
    0x20000766   0x08004a34   0x00000002   PAD
    0x20000768        -       0x00000050   Zero   RW          535    .bss                config.o
    0x200007b8        -       0x000001a4   Zero   RW         1242    .bss                tasks.o
    0x2000095c        -       0x00000028   Zero   RW         1564    .bss                timers.o
    0x20000984        -       0x00002800   Zero   RW         1788    .bss                heap_4.o
    0x20003184        -       0x00000060   Zero   RW         3319    .bss                c_w.l(libspace.o)
    0x200031e4   0x08004a34   0x00000004   PAD
    0x200031e8        -       0x00000200   Zero   RW         2853    HEAP                startup_stm32f10x_hd.o
    0x200033e8        -       0x00000400   Zero   RW         2852    STACK               startup_stm32f10x_hd.o


==============================================================================

Image component sizes


      Code (inc. data)   RO Data    RW Data    ZI Data      Debug   Object Name

       230        100         40          0         80      16868   config.o
       112         12          0          0          0     258600   delay.o
         0          0          0          0          0      14652   event_groups.o
       520         58          0         28      10240       4875   heap_4.o
        48          6          0          8          0       1162   led.o
       148          0          0          0          0       3394   list.o
      1160        334          0        102          0       7752   lora_app.o
       280         66          0          0          0       3315   lora_ui.o
        12          0          0          0          0        419   main.o
       132         22          0          0          0       1791   misc.o
       404         48          0          4          0       9528   port.o
       806          8          0          0          0      10552   queue.o
        64         26        304          0       1536        836   startup_stm32f10x_hd.o
       200         18          0          0          0       2392   stm32f10x_exti.o
       486         10          0          0          0       3696   stm32f10x_gpio.o
        20          0          0          0          0       2509   stm32f10x_it.o
       276         32          0         20          0       4702   stm32f10x_rcc.o
       250         42          0          0          0       4455   stm32f10x_tim.o
       442          6          0          0          0       6561   stm32f10x_usart.o
       328         28          0          0          0       2169   system_stm32f10x.o
      2710        366          0         64        420      31771   tasks.o
       166         14          0          2          0       2187   time.o
       898        100          0         20         40      13396   timers.o
       730         66          0         12       1634       7032   usart.o

    ----------------------------------------------------------------------
     10442       1362        376        260      13952     414614   Object Totals
         0          0         32          0          0          0   (incl. Generated)
        20          0          0          0          2          0   (incl. Padding)

    ----------------------------------------------------------------------

      Code (inc. data)   RO Data    RW Data    ZI Data      Debug   Library Member Name

        24          4          0          0          0         84   __2printf.o
        44          6          0          0          0         84   __2sprintf.o
         8          0          0          0          0         68   __main.o
       392          4         17          0          0         92   __printf_flags_ss_wp.o
        14          0          0          0          0         68   __printf_wp.o
         0          0          0          0          0          0   __rtentry.o
        12          0          0          0          0          0   __rtentry2.o
         6          0          0          0          0          0   __rtentry4.o
        52          8          0          0          0          0   __scatter.o
        26          0          0          0          0          0   __scatter_copy.o
        28          0          0          0          0          0   __scatter_zi.o
         6          0          0          0          0          0   _printf_a.o
         6          0          0          0          0          0   _printf_c.o
        44          0          0          0          0        108   _printf_char.o
        48          6          0          0          0         96   _printf_char_common.o
        36          4          0          0          0         80   _printf_char_file.o
        40          0          0          0          0         68   _printf_charcount.o
         6          0          0          0          0          0   _printf_d.o
       120         16          0          0          0         92   _printf_dec.o
         6          0          0          0          0          0   _printf_e.o
         6          0          0          0          0          0   _printf_f.o
      1054          0          0          0          0        216   _printf_fp_dec.o
       764          8         38          0          0        100   _printf_fp_hex.o
       128         16          0          0          0         84   _printf_fp_infnan.o
         6          0          0          0          0          0   _printf_g.o
       148          4         40          0          0        160   _printf_hex_int_ll_ptr.o
         6          0          0          0          0          0   _printf_i.o
       178          0          0          0          0         88   _printf_intcommon.o
        10          0          0          0          0          0   _printf_l.o
         6          0          0          0          0          0   _printf_lc.o
        10          0          0          0          0          0   _printf_ll.o
         6          0          0          0          0          0   _printf_lld.o
         6          0          0          0          0          0   _printf_lli.o
         6          0          0          0          0          0   _printf_llo.o
         6          0          0          0          0          0   _printf_llu.o
         6          0          0          0          0          0   _printf_llx.o
       124         16          0          0          0         92   _printf_longlong_dec.o
         6          0          0          0          0          0   _printf_ls.o
         6          0          0          0          0          0   _printf_n.o
         6          0          0          0          0          0   _printf_o.o
       112         10          0          0          0        124   _printf_oct_int_ll.o
         6          0          0          0          0          0   _printf_p.o
        78          0          0          0          0        108   _printf_pad.o
         0          0          0          0          0          0   _printf_percent.o
         4          0          0          0          0          0   _printf_percent_end.o
         6          0          0          0          0          0   _printf_s.o
        82          0          0          0          0         80   _printf_str.o
        36          0          0          0          0         84   _printf_truncate.o
         6          0          0          0          0          0   _printf_u.o
        44          0          0          0          0        108   _printf_wchar.o
       188          6          8          0          0         92   _printf_wctomb.o
         6          0          0          0          0          0   _printf_x.o
        10          0          0          0          0         68   _sputc.o
        64          0          0          0          0         92   _wcrtomb.o
        16          0          0          0          0         68   aeabi_memset.o
       228          4        148          0          0         96   bigflt0.o
      1936        128          0          0          0        672   btod.o
        18          0          0          0          0         80   exit.o
         8          0          0          0          0         68   ferror.o
         6          0          0          0          0        152   heapauxi.o
         0          0          0          0          0          0   indicate_semi.o
        44         10        272          0          0         76   lc_ctype_c.o
        44         10         28          0          0         76   lc_numeric_c.o
         2          0          0          0          0          0   libinit.o
        30          0          0          0          0          0   libinit2.o
         2          0          0          0          0          0   libshutdown.o
         2          0          0          0          0          0   libshutdown2.o
         8          4          0          0         96         68   libspace.o
       138          0          0          0          0         80   lludiv10.o
        16          4          0          0          0         76   rt_ctype_table.o
         8          4          0          0          0         68   rt_locale_intlibspace.o
        68          0          0          0          0         68   rt_memclr.o
        78          0          0          0          0         80   rt_memclr_w.o
       138          0          0          0          0         68   rt_memcpy_v6.o
       100          0          0          0          0         80   rt_memcpy_w.o
         2          0          0          0          0          0   rtexit.o
        10          0          0          0          0          0   rtexit2.o
       128          0          0          0          0         68   strcmpv7m.o
        62          0          0          0          0         76   strlen.o
        36          0          0          0          0         80   strstr.o
        12          4          0          0          0         68   sys_exit.o
        74          0          0          0          0         80   sys_stackheap_outer.o
         2          0          0          0          0         68   use_no_semi.o
        36          4          0          0          0         76   vsprintf.o
         4          0          0          0          0         68   printf1.o
         4          0          0          0          0         68   printf2.o
         0          0          0          0          0          0   usenofp.o
        40          0          0          0          0         68   fpclassify.o

    ----------------------------------------------------------------------
      7362        280        556          0        100       4932   Library Totals
        14          0          5          0          4          0   (incl. Padding)

    ----------------------------------------------------------------------

      Code (inc. data)   RO Data    RW Data    ZI Data      Debug   Library Name

      7300        280        551          0         96       4728   c_w.l
         8          0          0          0          0        136   fz_ws.l
        40          0          0          0          0         68   m_ws.l

    ----------------------------------------------------------------------
      7362        280        556          0        100       4932   Library Totals

    ----------------------------------------------------------------------

==============================================================================


      Code (inc. data)   RO Data    RW Data    ZI Data      Debug   

     17804       1642        932        260      14052     410806   Grand Totals
     17804       1642        932        260      14052     410806   ELF Image Totals
     17804       1642        932        260          0          0   ROM Totals

==============================================================================

    Total RO  Size (Code + RO Data)                18736 (  18.30kB)
    Total RW  Size (RW Data + ZI Data)             14312 (  13.98kB)
    Total ROM Size (Code + RO Data + RW Data)      18996 (  18.55kB)

==============================================================================

